Component: ARM Compiler 5.06 update 7 (build 960) Tool: armlink [4d3601]

==============================================================================

Section Cross References

    startup_stm32f411xe.o(RESET) refers to startup_stm32f411xe.o(STACK) for __initial_sp
    startup_stm32f411xe.o(RESET) refers to startup_stm32f411xe.o(.text) for Reset_Handler
    startup_stm32f411xe.o(RESET) refers to stm32f4xx_it.o(i.NMI_Handler) for NMI_Handler
    startup_stm32f411xe.o(RESET) refers to stm32f4xx_it.o(i.HardFault_Handler) for HardFault_Handler
    startup_stm32f411xe.o(RESET) refers to stm32f4xx_it.o(i.MemManage_Handler) for MemManage_Handler
    startup_stm32f411xe.o(RESET) refers to stm32f4xx_it.o(i.BusFault_Handler) for BusFault_Handler
    startup_stm32f411xe.o(RESET) refers to stm32f4xx_it.o(i.UsageFault_Handler) for UsageFault_Handler
    startup_stm32f411xe.o(RESET) refers to port.o(.emb_text) for SVC_Handler
    startup_stm32f411xe.o(RESET) refers to stm32f4xx_it.o(i.DebugMon_Handler) for DebugMon_Handler
    startup_stm32f411xe.o(RESET) refers to systick.o(i.SysTick_Handler) for SysTick_Handler
    startup_stm32f411xe.o(RESET) refers to optical.o(i.TIM2_IRQHandler) for TIM2_IRQHandler
    startup_stm32f411xe.o(RESET) refers to usart6.o(i.USART6_IRQHandler) for USART6_IRQHandler
    startup_stm32f411xe.o(.text) refers to system_stm32f4xx.o(i.SystemInit) for SystemInit
    startup_stm32f411xe.o(.text) refers to entry.o(.ARM.Collect$$$$00000000) for __main
    system_stm32f4xx.o(i.SystemCoreClockUpdate) refers to system_stm32f4xx.o(.data) for SystemCoreClock
    system_stm32f4xx.o(i.SystemInit) refers to system_stm32f4xx.o(i.SetSysClock) for SetSysClock
    stm32f4xx_adc.o(i.ADC_DeInit) refers to stm32f4xx_rcc.o(i.RCC_APB2PeriphResetCmd) for RCC_APB2PeriphResetCmd
    stm32f4xx_dma2d.o(i.DMA2D_DeInit) refers to stm32f4xx_rcc.o(i.RCC_AHB1PeriphResetCmd) for RCC_AHB1PeriphResetCmd
    stm32f4xx_flash.o(i.FLASH_EraseAllBank1Sectors) refers to stm32f4xx_flash.o(i.FLASH_WaitForLastOperation) for FLASH_WaitForLastOperation
    stm32f4xx_flash.o(i.FLASH_EraseAllBank2Sectors) refers to stm32f4xx_flash.o(i.FLASH_WaitForLastOperation) for FLASH_WaitForLastOperation
    stm32f4xx_flash.o(i.FLASH_EraseAllSectors) refers to stm32f4xx_flash.o(i.FLASH_WaitForLastOperation) for FLASH_WaitForLastOperation
    stm32f4xx_flash.o(i.FLASH_EraseSector) refers to stm32f4xx_flash.o(i.FLASH_WaitForLastOperation) for FLASH_WaitForLastOperation
    stm32f4xx_flash.o(i.FLASH_OB_Launch) refers to stm32f4xx_flash.o(i.FLASH_WaitForLastOperation) for FLASH_WaitForLastOperation
    stm32f4xx_flash.o(i.FLASH_OB_PCROP1Config) refers to stm32f4xx_flash.o(i.FLASH_WaitForLastOperation) for FLASH_WaitForLastOperation
    stm32f4xx_flash.o(i.FLASH_OB_PCROPConfig) refers to stm32f4xx_flash.o(i.FLASH_WaitForLastOperation) for FLASH_WaitForLastOperation
    stm32f4xx_flash.o(i.FLASH_OB_RDPConfig) refers to stm32f4xx_flash.o(i.FLASH_WaitForLastOperation) for FLASH_WaitForLastOperation
    stm32f4xx_flash.o(i.FLASH_OB_UserConfig) refers to stm32f4xx_flash.o(i.FLASH_WaitForLastOperation) for FLASH_WaitForLastOperation
    stm32f4xx_flash.o(i.FLASH_OB_WRP1Config) refers to stm32f4xx_flash.o(i.FLASH_WaitForLastOperation) for FLASH_WaitForLastOperation
    stm32f4xx_flash.o(i.FLASH_OB_WRPConfig) refers to stm32f4xx_flash.o(i.FLASH_WaitForLastOperation) for FLASH_WaitForLastOperation
    stm32f4xx_flash.o(i.FLASH_ProgramByte) refers to stm32f4xx_flash.o(i.FLASH_WaitForLastOperation) for FLASH_WaitForLastOperation
    stm32f4xx_flash.o(i.FLASH_ProgramDoubleWord) refers to stm32f4xx_flash.o(i.FLASH_WaitForLastOperation) for FLASH_WaitForLastOperation
    stm32f4xx_flash.o(i.FLASH_ProgramHalfWord) refers to stm32f4xx_flash.o(i.FLASH_WaitForLastOperation) for FLASH_WaitForLastOperation
    stm32f4xx_flash.o(i.FLASH_ProgramWord) refers to stm32f4xx_flash.o(i.FLASH_WaitForLastOperation) for FLASH_WaitForLastOperation
    stm32f4xx_flash.o(i.FLASH_WaitForLastOperation) refers to stm32f4xx_flash.o(i.FLASH_GetStatus) for FLASH_GetStatus
    stm32f4xx_gpio.o(i.GPIO_DeInit) refers to stm32f4xx_rcc.o(i.RCC_AHB1PeriphResetCmd) for RCC_AHB1PeriphResetCmd
    stm32f4xx_i2c.o(i.I2C_DeInit) refers to stm32f4xx_rcc.o(i.RCC_APB1PeriphResetCmd) for RCC_APB1PeriphResetCmd
    stm32f4xx_i2c.o(i.I2C_Init) refers to stm32f4xx_rcc.o(i.RCC_GetClocksFreq) for RCC_GetClocksFreq
    stm32f4xx_pwr.o(i.PWR_DeInit) refers to stm32f4xx_rcc.o(i.RCC_APB1PeriphResetCmd) for RCC_APB1PeriphResetCmd
    stm32f4xx_rcc.o(i.RCC_GetClocksFreq) refers to stm32f4xx_rcc.o(.data) for APBAHBPrescTable
    stm32f4xx_rcc.o(i.RCC_WaitForHSEStartUp) refers to stm32f4xx_rcc.o(i.RCC_GetFlagStatus) for RCC_GetFlagStatus
    stm32f4xx_rtc.o(i.RTC_CoarseCalibCmd) refers to stm32f4xx_rtc.o(i.RTC_EnterInitMode) for RTC_EnterInitMode
    stm32f4xx_rtc.o(i.RTC_CoarseCalibCmd) refers to stm32f4xx_rtc.o(i.RTC_ExitInitMode) for RTC_ExitInitMode
[...]
    i.atan                                   0x08004324   Section        0  atan.o(i.atan)
    i.delay_ms                               0x08004334   Section        0  systick.o(i.delay_ms)
    i.delay_us                               0x0800434c   Section        0  systick.o(i.delay_us)
    i.fabs                                   0x08004394   Section        0  fabs.o(i.fabs)
    i.invSqrt                                0x080043ac   Section        0  imu.o(i.invSqrt)
    i.main                                   0x080043e8   Section        0  main.o(i.main)
    i.prvAddCurrentTaskToDelayedList         0x0800441c   Section        0  tasks.o(i.prvAddCurrentTaskToDelayedList)
    prvAddCurrentTaskToDelayedList           0x0800441d   Thumb Code   124  tasks.o(i.prvAddCurrentTaskToDelayedList)
    i.prvAddNewTaskToReadyList               0x080044b4   Section        0  tasks.o(i.prvAddNewTaskToReadyList)
    prvAddNewTaskToReadyList                 0x080044b5   Thumb Code   156  tasks.o(i.prvAddNewTaskToReadyList)
    i.prvCheckForValidListAndQueue           0x0800456c   Section        0  timers.o(i.prvCheckForValidListAndQueue)
    prvCheckForValidListAndQueue             0x0800456d   Thumb Code    72  timers.o(i.prvCheckForValidListAndQueue)
    i.prvCheckTasksWaitingTermination        0x080045d0   Section        0  tasks.o(i.prvCheckTasksWaitingTermination)
    prvCheckTasksWaitingTermination          0x080045d1   Thumb Code    86  tasks.o(i.prvCheckTasksWaitingTermination)
    i.prvCopyDataFromQueue                   0x08004634   Section        0  queue.o(i.prvCopyDataFromQueue)
    prvCopyDataFromQueue                     0x08004635   Thumb Code    42  queue.o(i.prvCopyDataFromQueue)
    i.prvCopyDataToQueue                     0x0800465e   Section        0  queue.o(i.prvCopyDataToQueue)
    prvCopyDataToQueue                       0x0800465f   Thumb Code   124  queue.o(i.prvCopyDataToQueue)
    i.prvDeleteTCB                           0x080046da   Section        0  tasks.o(i.prvDeleteTCB)
    prvDeleteTCB                             0x080046db   Thumb Code    18  tasks.o(i.prvDeleteTCB)
    i.prvGetNextExpireTime                   0x080046ec   Section        0  timers.o(i.prvGetNextExpireTime)
    prvGetNextExpireTime                     0x080046ed   Thumb Code    36  timers.o(i.prvGetNextExpireTime)
    i.prvHeapInit                            0x08004714   Section        0  heap_4.o(i.prvHeapInit)
    prvHeapInit                              0x08004715   Thumb Code    98  heap_4.o(i.prvHeapInit)
    i.prvIdleTask                            0x08004790   Section        0  tasks.o(i.prvIdleTask)
    prvIdleTask                              0x08004791   Thumb Code    32  tasks.o(i.prvIdleTask)
    i.prvInitialiseNewQueue                  0x080047b8   Section        0  queue.o(i.prvInitialiseNewQueue)
    prvInitialiseNewQueue                    0x080047b9   Thumb Code    42  queue.o(i.prvInitialiseNewQueue)
    i.prvInitialiseNewTask                   0x080047e2   Section        0  tasks.o(i.prvInitialiseNewTask)
    prvInitialiseNewTask                     0x080047e3   Thumb Code   180  tasks.o(i.prvInitialiseNewTask)
    i.prvInitialiseTaskLists                 0x08004898   Section        0  tasks.o(i.prvInitialiseTaskLists)
    prvInitialiseTaskLists                   0x08004899   Thumb Code    70  tasks.o(i.prvInitialiseTaskLists)
    i.prvInsertBlockIntoFreeList             0x08004900   Section        0  heap_4.o(i.prvInsertBlockIntoFreeList)
    prvInsertBlockIntoFreeList               0x08004901   Thumb Code    96  heap_4.o(i.prvInsertBlockIntoFreeList)
    i.prvInsertTimerInActiveList             0x08004968   Section        0  timers.o(i.prvInsertTimerInActiveList)
    prvInsertTimerInActiveList               0x08004969   Thumb Code    80  timers.o(i.prvInsertTimerInActiveList)
    i.prvIsQueueEmpty                        0x080049c0   Section        0  queue.o(i.prvIsQueueEmpty)
    prvIsQueueEmpty                          0x080049c1   Thumb Code    26  queue.o(i.prvIsQueueEmpty)
    i.prvIsQueueFull                         0x080049da   Section        0  queue.o(i.prvIsQueueFull)
    prvIsQueueFull                           0x080049db   Thumb Code    30  queue.o(i.prvIsQueueFull)
    i.prvProcessExpiredTimer                 0x080049f8   Section        0  timers.o(i.prvProcessExpiredTimer)
    prvProcessExpiredTimer                   0x080049f9   Thumb Code    94  timers.o(i.prvProcessExpiredTimer)
    i.prvProcessReceivedCommands             0x08004a5c   Section        0  timers.o(i.prvProcessReceivedCommands)
    prvProcessReceivedCommands               0x08004a5d   Thumb Code   242  timers.o(i.prvProcessReceivedCommands)
    i.prvProcessTimerOrBlockTask             0x08004b54   Section        0  timers.o(i.prvProcessTimerOrBlockTask)
    prvProcessTimerOrBlockTask               0x08004b55   Thumb Code   102  timers.o(i.prvProcessTimerOrBlockTask)
    i.prvResetNextTaskUnblockTime            0x08004bc8   Section        0  tasks.o(i.prvResetNextTaskUnblockTime)
    prvResetNextTaskUnblockTime              0x08004bc9   Thumb Code    42  tasks.o(i.prvResetNextTaskUnblockTime)
    i.prvSampleTimeNow                       0x08004bfc   Section        0  timers.o(i.prvSampleTimeNow)
    prvSampleTimeNow                         0x08004bfd   Thumb Code    40  timers.o(i.prvSampleTimeNow)
    i.prvSwitchTimerLists                    0x08004c28   Section        0  timers.o(i.prvSwitchTimerLists)
    prvSwitchTimerLists                      0x08004c29   Thumb Code   150  timers.o(i.prvSwitchTimerLists)
    i.prvTaskExitError                       0x08004cc8   Section        0  port.o(i.prvTaskExitError)
    prvTaskExitError                         0x08004cc9   Thumb Code    60  port.o(i.prvTaskExitError)
    i.prvTimerTask                           0x08004d08   Section        0  timers.o(i.prvTimerTask)
    prvTimerTask                             0x08004d09   Thumb Code    26  timers.o(i.prvTimerTask)
    i.prvUnlockQueue                         0x08004d22   Section        0  queue.o(i.prvUnlockQueue)
    prvUnlockQueue                           0x08004d23   Thumb Code   126  queue.o(i.prvUnlockQueue)
    i.pvPortMalloc                           0x08004da0   Section        0  heap_4.o(i.pvPortMalloc)
    i.pvTaskIncrementMutexHeldCount          0x08004edc   Section        0  tasks.o(i.pvTaskIncrementMutexHeldCount)
    i.pxPortInitialiseStack                  0x08004efc   Section        0  port.o(i.pxPortInitialiseStack)
    i.sqrt                                   0x08004f28   Section        0  sqrt.o(i.sqrt)
    i.unpack                                 0x08004f98   Section        0  optical.o(i.unpack)
    i.uxListRemove                           0x0800514c   Section        0  list.o(i.uxListRemove)
    i.vListInitialise                        0x08005174   Section        0  list.o(i.vListInitialise)
    i.vListInitialiseItem                    0x0800518e   Section        0  list.o(i.vListInitialiseItem)
    i.vListInsert                            0x08005194   Section        0  list.o(i.vListInsert)
    i.vListInsertEnd                         0x080051c8   Section        0  list.o(i.vListInsertEnd)
    i.vPortEnterCritical                     0x080051e0   Section        0  port.o(i.vPortEnterCritical)
    i.vPortExitCritical                      0x08005234   Section        0  port.o(i.vPortExitCritical)
    i.vPortFree                              0x08005270   Section        0  heap_4.o(i.vPortFree)
    i.vPortSetupTimerInterrupt               0x08005304   Section        0  port.o(i.vPortSetupTimerInterrupt)
    i.vPortValidateInterruptPriority         0x08005324   Section        0  port.o(i.vPortValidateInterruptPriority)
    i.vQueueAddToRegistry                    0x0800539c   Section        0  queue.o(i.vQueueAddToRegistry)
    i.vQueueWaitForMessageRestricted         0x080053c8   Section        0  queue.o(i.vQueueWaitForMessageRestricted)
    i.vTaskDelay                             0x08005414   Section        0  tasks.o(i.vTaskDelay)
    i.vTaskMissedYield                       0x08005470   Section        0  tasks.o(i.vTaskMissedYield)
    i.vTaskPlaceOnEventList                  0x0800547c   Section        0  tasks.o(i.vTaskPlaceOnEventList)
    i.vTaskPlaceOnEventListRestricted        0x080054b4   Section        0  tasks.o(i.vTaskPlaceOnEventListRestricted)
    i.vTaskPriorityInherit                   0x080054f4   Section        0  tasks.o(i.vTaskPriorityInherit)
    i.vTaskSetTimeOutState                   0x080055a4   Section        0  tasks.o(i.vTaskSetTimeOutState)
    i.vTaskStartScheduler                    0x080055d4   Section        0  tasks.o(i.vTaskStartScheduler)
    i.vTaskSuspendAll                        0x08005668   Section        0  tasks.o(i.vTaskSuspendAll)
    i.vTaskSwitchContext                     0x08005678   Section        0  tasks.o(i.vTaskSwitchContext)
    i.xPortStartScheduler                    0x08005704   Section        0  port.o(i.xPortStartScheduler)
    i.xPortSysTickHandler                    0x08005840   Section        0  port.o(i.xPortSysTickHandler)
    i.xQueueGenericCreate                    0x08005874   Section        0  queue.o(i.xQueueGenericCreate)
    i.xQueueGenericReceive                   0x080058cc   Section        0  queue.o(i.xQueueGenericReceive)
    i.xQueueGenericReset                     0x08005a90   Section        0  queue.o(i.xQueueGenericReset)
    i.xQueueGenericSend                      0x08005b28   Section        0  queue.o(i.xQueueGenericSend)
    i.xQueueGenericSendFromISR               0x08005cd0   Section        0  queue.o(i.xQueueGenericSendFromISR)
    i.xTaskCheckForTimeOut                   0x08005dc8   Section        0  tasks.o(i.xTaskCheckForTimeOut)
    i.xTaskCreate                            0x08005e54   Section        0  tasks.o(i.xTaskCreate)
    i.xTaskGetSchedulerState                 0x08005eb4   Section        0  tasks.o(i.xTaskGetSchedulerState)
    i.xTaskGetTickCount                      0x08005ed4   Section        0  tasks.o(i.xTaskGetTickCount)
    i.xTaskIncrementTick                     0x08005ee0   Section        0  tasks.o(i.xTaskIncrementTick)
    i.xTaskPriorityDisinherit                0x08006028   Section        0  tasks.o(i.xTaskPriorityDisinherit)
    i.xTaskRemoveFromEventList               0x080060f0   Section        0  tasks.o(i.xTaskRemoveFromEventList)
    i.xTaskResumeAll                         0x08006188   Section        0  tasks.o(i.xTaskResumeAll)
    i.xTimerCreateTimerTask                  0x0800628c   Section        0  timers.o(i.xTimerCreateTimerTask)
    i.xTimerGenericCommand                   0x080062e4   Section        0  timers.o(i.xTimerGenericCommand)
    .constdata                               0x08006368   Section       10  nrf24l01.o(.constdata)
    .constdata                               0x08006374   Section       24  mpu6050.o(.constdata)
    .constdata                               0x08006390   Section       80  asin.o(.constdata)
    pS                                       0x08006390   Data          48  asin.o(.constdata)
    qS                                       0x080063c0   Data          32  asin.o(.constdata)
    .constdata                               0x080063e0   Section      152  atan.o(.constdata)
    atanhi                                   0x080063e0   Data          32  atan.o(.constdata)
    atanlo                                   0x08006400   Data          32  atan.o(.constdata)
    aTodd                                    0x08006420   Data          40  atan.o(.constdata)
    aTeven                                   0x08006448   Data          48  atan.o(.constdata)
    .constdata                               0x08006478   Section        8  qnan.o(.constdata)
    .data                                    0x20000000   Section       20  system_stm32f4xx.o(.data)
    .data                                    0x20000014   Section       16  stm32f4xx_rcc.o(.data)
    APBAHBPrescTable                         0x20000014   Data          16  stm32f4xx_rcc.o(.data)
    .data                                    0x20000024   Section        4  systick.o(.data)
    g_fac_us                                 0x20000024   Data           4  systick.o(.data)
    .data                                    0x20000028   Section       60  tasks.o(.data)
    pxDelayedTaskList                        0x2000002c   Data           4  tasks.o(.data)
    pxOverflowDelayedTaskList                0x20000030   Data           4  tasks.o(.data)
    uxDeletedTasksWaitingCleanUp             0x20000034   Data           4  tasks.o(.data)
    uxCurrentNumberOfTasks                   0x20000038   Data           4  tasks.o(.data)
    xTickCount                               0x2000003c   Data           4  tasks.o(.data)
    uxTopReadyPriority                       0x20000040   Data           4  tasks.o(.data)
    xSchedulerRunning                        0x20000044   Data           4  tasks.o(.data)
    uxPendedTicks                            0x20000048   Data           4  tasks.o(.data)
    xYieldPending                            0x2000004c   Data           4  tasks.o(.data)
    xNumOfOverflows                          0x20000050   Data           4  tasks.o(.data)
    uxTaskNumber                             0x20000054   Data           4  tasks.o(.data)
    xNextTaskUnblockTime                     0x20000058   Data           4  tasks.o(.data)
    xIdleTaskHandle                          0x2000005c   Data           4  tasks.o(.data)
    uxSchedulerSuspended                     0x20000060   Data           4  tasks.o(.data)
    .data                                    0x20000064   Section       20  timers.o(.data)
    pxCurrentTimerList                       0x20000064   Data           4  timers.o(.data)
    pxOverflowTimerList                      0x20000068   Data           4  timers.o(.data)
    xTimerQueue                              0x2000006c   Data           4  timers.o(.data)
    xTimerTaskHandle                         0x20000070   Data           4  timers.o(.data)
    xLastTime                                0x20000074   Data           4  timers.o(.data)
    .data                                    0x20000078   Section       12  port.o(.data)
    uxCriticalNesting                        0x20000078   Data           4  port.o(.data)
    ucMaxSysCallPriority                     0x2000007c   Data           1  port.o(.data)
    ulMaxPRIGROUPValue                       0x20000080   Data           4  port.o(.data)
    .data                                    0x20000084   Section       24  heap_4.o(.data)
    xStart                                   0x20000084   Data           8  heap_4.o(.data)
    pxEnd                                    0x2000008c   Data           4  heap_4.o(.data)
    xFreeBytesRemaining                      0x20000090   Data           4  heap_4.o(.data)
    xMinimumEverFreeBytesRemaining           0x20000094   Data           4  heap_4.o(.data)
    xBlockAllocatedBit                       0x20000098   Data           4  heap_4.o(.data)
    .data                                    0x2000009c   Section        8  mpu6050.o(.data)
    GYRO_OFFSET_FLAG                         0x2000009c   Data           1  mpu6050.o(.data)
    ACC_OFFSET_FLAG                          0x2000009d   Data           1  mpu6050.o(.data)
    last_gyro                                0x2000009e   Data           6  mpu6050.o(.data)
    .data                                    0x200000a4   Section       19  optical.o(.data)
    RxState                                  0x200000b4   Data           1  optical.o(.data)
    checkXOR                                 0x200000b5   Data           1  optical.o(.data)
    dataIndex                                0x200000b6   Data           1  optical.o(.data)
    .data                                    0x200000b8   Section       46  control.o(.data)
    .data                                    0x200000e8   Section       25  remote.o(.data)
    .data                                    0x20000104   Section       80  imu.o(.data)
    .data                                    0x20000154   Section       10  flight.o(.data)
    outer_counter                            0x2000015c   Data           1  flight.o(.data)
    angle_update                             0x2000015d   Data           1  flight.o(.data)
    .data                                    0x20000160   Section        4  errno.o(.data)
    _errno                                   0x20000160   Data           4  errno.o(.data)
    .bss                                     0x20000164   Section       64  queue.o(.bss)
    .bss                                     0x200001a4   Section      200  tasks.o(.bss)
    pxReadyTasksLists                        0x200001a4   Data         100  tasks.o(.bss)
    xDelayedTaskList1                        0x20000208   Data          20  tasks.o(.bss)
    xDelayedTaskList2                        0x2000021c   Data          20  tasks.o(.bss)
    xPendingReadyList                        0x20000230   Data          20  tasks.o(.bss)
    xTasksWaitingTermination                 0x20000244   Data          20  tasks.o(.bss)
    xSuspendedTaskList                       0x20000258   Data          20  tasks.o(.bss)
    .bss                                     0x2000026c   Section       40  timers.o(.bss)
    xActiveTimerList1                        0x2000026c   Data          20  timers.o(.bss)
    xActiveTimerList2                        0x20000280   Data          20  timers.o(.bss)
    .bss                                     0x20000294   Section    76800  heap_4.o(.bss)
    ucHeap                                   0x20000294   Data       76800  heap_4.o(.bss)
    .bss                                     0x20012e94   Section     2060  usart6.o(.bss)
    .bss                                     0x200136a0   Section       12  mpu6050.o(.bss)
    .bss                                     0x200136ac   Section       64  optical.o(.bss)
    .bss                                     0x200136ec   Section      264  pid.o(.bss)
    .bss                                     0x200137f4   Section       66  remote.o(.bss)
    .bss                                     0x20013838   Section       24  imu.o(.bss)
    STACK                                    0x20013850   Section     1024  startup_stm32f411xe.o(STACK)

    Global Symbols

    Symbol Name                              Value     Ov Type        Size  Object(Section)

    BuildAttributes$$THM_ISAv4$E$P$D$K$B$S$7EM$VFPi3$EXTD16$VFPS$VFMA$PE$A:L22UL41UL21$X:L11$S22US41US21$IEEE1$IW$USESV6$~STKCKD$USESV7$~SHL$OTIME$ROPI$IEEEX$EBA8$MICROLIB$REQ8$PRES8$EABIv2 0x00000000   Number         0  anon$$obj.o ABSOLUTE
    __ARM_use_no_argv                        0x00000000   Number         0  main.o ABSOLUTE
    __arm_fini_                               - Undefined Weak Reference
    __cpp_initialize__aeabi_                  - Undefined Weak Reference
    __cxa_finalize                            - Undefined Weak Reference
    _clock_init                               - Undefined Weak Reference
    _microlib_exit                            - Undefined Weak Reference
    __Vectors_Size                           0x00000198   Number         0  startup_stm32f411xe.o ABSOLUTE
    __Vectors                                0x08000000   Data           4  startup_stm32f411xe.o(RESET)
    __Vectors_End                            0x08000198   Data           0  startup_stm32f411xe.o(RESET)
    __main                                   0x08000199   Thumb Code     0  entry.o(.ARM.Collect$$$$00000000)
    _main_stk                                0x08000199   Thumb Code     0  entry2.o(.ARM.Collect$$$$00000001)
    _main_scatterload                        0x0800019d   Thumb Code     0  entry5.o(.ARM.Collect$$$$00000004)
    __main_after_scatterload                 0x080001a1   Thumb Code     0  entry5.o(.ARM.Collect$$$$00000004)
    _main_clock                              0x080001a1   Thumb Code     0  entry7b.o(.ARM.Collect$$$$00000008)
    _main_cpp_init                           0x080001a1   Thumb Code     0  entry8b.o(.ARM.Collect$$$$0000000A)
    _main_init                               0x080001a1   Thumb Code     0  entry9a.o(.ARM.Collect$$$$0000000B)
    __rt_lib_shutdown_fini                   0x080001a9   Thumb Code     0  entry12b.o(.ARM.Collect$$$$0000000E)
    __rt_final_cpp                           0x080001ad   Thumb Code     0  entry10a.o(.ARM.Collect$$$$0000000F)
    __rt_final_exit                          0x080001ad   Thumb Code     0  entry11a.o(.ARM.Collect$$$$00000011)
    SVC_Handler                              0x080001b1   Thumb Code    28  port.o(.emb_text)
    __asm___6_port_c_39a90d8d__prvStartFirstTask 0x080001d1   Thumb Code    28  port.o(.emb_text)
    __asm___6_port_c_39a90d8d__prvEnableVFP  0x080001f1   Thumb Code    16  port.o(.emb_text)
    PendSV_Handler                           0x08000205   Thumb Code    88  port.o(.emb_text)
    vPortGetIPSR                             0x08000261   Thumb Code     6  port.o(.emb_text)
    Reset_Handler                            0x08000269   Thumb Code     8  startup_stm32f411xe.o(.text)
    ADC_IRQHandler                           0x08000283   Thumb Code     0  startup_stm32f411xe.o(.text)
    DMA1_Stream0_IRQHandler                  0x08000283   Thumb Code     0  startup_stm32f411xe.o(.text)
    DMA1_Stream1_IRQHandler                  0x08000283   Thumb Code     0  startup_stm32f411xe.o(.text)
    DMA1_Stream2_IRQHandler                  0x08000283   Thumb Code     0  startup_stm32f411xe.o(.text)
    DMA1_Stream3_IRQHandler                  0x08000283   Thumb Code     0  startup_stm32f411xe.o(.text)
    DMA1_Stream4_IRQHandler                  0x08000283   Thumb Code     0  startup_stm32f411xe.o(.text)
    DMA1_Stream5_IRQHandler                  0x08000283   Thumb Code     0  startup_stm32f411xe.o(.text)
    DMA1_Stream6_IRQHandler                  0x08000283   Thumb Code     0  startup_stm32f411xe.o(.text)
    DMA1_Stream7_IRQHandler                  0x08000283   Thumb Code     0  startup_stm32f411xe.o(.text)
    DMA2_Stream0_IRQHandler                  0x08000283   Thumb Code     0  startup_stm32f411xe.o(.text)
    DMA2_Stream1_IRQHandler                  0x08000283   Thumb Code     0  startup_stm32f411xe.o(.text)
    DMA2_Stream2_IRQHandler                  0x08000283   Thumb Code     0  startup_stm32f411xe.o(.text)
    DMA2_Stream3_IRQHandler                  0x08000283   Thumb Code     0  startup_stm32f411xe.o(.text)
    DMA2_Stream4_IRQHandler                  0x08000283   Thumb Code     0  startup_stm32f411xe.o(.text)
    DMA2_Stream5_IRQHandler                  0x08000283   Thumb Code     0  startup_stm32f411xe.o(.text)
    DMA2_Stream6_IRQHandler                  0x08000283   Thumb Code     0  startup_stm32f411xe.o(.text)
    DMA2_Stream7_IRQHandler                  0x08000283   Thumb Code     0  startup_stm32f411xe.o(.text)
    EXTI0_IRQHandler                         0x08000283   Thumb Code     0  startup_stm32f411xe.o(.text)
    EXTI15_10_IRQHandler                     0x08000283   Thumb Code     0  startup_stm32f411xe.o(.text)
    EXTI1_IRQHandler                         0x08000283   Thumb Code     0  startup_stm32f411xe.o(.text)
    EXTI2_IRQHandler                         0x08000283   Thumb Code     0  startup_stm32f411xe.o(.text)
    EXTI3_IRQHandler                         0x08000283   Thumb Code     0  startup_stm32f411xe.o(.text)
    EXTI4_IRQHandler                         0x08000283   Thumb Code     0  startup_stm32f411xe.o(.text)
    EXTI9_5_IRQHandler                       0x08000283   Thumb Code     0  startup_stm32f411xe.o(.text)
    FLASH_IRQHandler                         0x08000283   Thumb Code     0  startup_stm32f411xe.o(.text)
    FPU_IRQHandler                           0x08000283   Thumb Code     0  startup_stm32f411xe.o(.text)
    I2C1_ER_IRQHandler                       0x08000283   Thumb Code     0  startup_stm32f411xe.o(.text)
    I2C1_EV_IRQHandler                       0x08000283   Thumb Code     0  startup_stm32f411xe.o(.text)
    I2C2_ER_IRQHandler                       0x08000283   Thumb Code     0  startup_stm32f411xe.o(.text)
    I2C2_EV_IRQHandler                       0x08000283   Thumb Code     0  startup_stm32f411xe.o(.text)
    I2C3_ER_IRQHandler                       0x08000283   Thumb Code     0  startup_stm32f411xe.o(.text)
    I2C3_EV_IRQHandler                       0x08000283   Thumb Code     0  startup_stm32f411xe.o(.text)
    OTG_FS_IRQHandler                        0x08000283   Thumb Code     0  startup_stm32f411xe.o(.text)
    OTG_FS_WKUP_IRQHandler                   0x08000283   Thumb Code     0  startup_stm32f411xe.o(.text)
    PVD_IRQHandler                           0x08000283   Thumb Code     0  startup_stm32f411xe.o(.text)
    RCC_IRQHandler                           0x08000283   Thumb Code     0  startup_stm32f411xe.o(.text)
    RTC_Alarm_IRQHandler                     0x08000283   Thumb Code     0  startup_stm32f411xe.o(.text)
    RTC_WKUP_IRQHandler                      0x08000283   Thumb Code     0  startup_stm32f411xe.o(.text)
    SDIO_IRQHandler                          0x08000283   Thumb Code     0  startup_stm32f411xe.o(.text)
    SPI1_IRQHandler                          0x08000283   Thumb Code     0  startup_stm32f411xe.o(.text)
    SPI2_IRQHandler                          0x08000283   Thumb Code     0  startup_stm32f411xe.o(.text)
    SPI3_IRQHandler                          0x08000283   Thumb Code     0  startup_stm32f411xe.o(.text)
    SPI4_IRQHandler                          0x08000283   Thumb Code     0  startup_stm32f411xe.o(.text)
    SPI5_IRQHandler                          0x08000283   Thumb Code     0  startup_stm32f411xe.o(.text)
    TAMP_STAMP_IRQHandler                    0x08000283   Thumb Code     0  startup_stm32f411xe.o(.text)
    TIM1_BRK_TIM9_IRQHandler                 0x08000283   Thumb Code     0  startup_stm32f411xe.o(.text)
    TIM1_CC_IRQHandler                       0x08000283   Thumb Code     0  startup_stm32f411xe.o(.text)
    TIM1_TRG_COM_TIM11_IRQHandler            0x08000283   Thumb Code     0  startup_stm32f411xe.o(.text)
    TIM1_UP_TIM10_IRQHandler                 0x08000283   Thumb Code     0  startup_stm32f411xe.o(.text)
    TIM3_IRQHandler                          0x08000283   Thumb Code     0  startup_stm32f411xe.o(.text)
    TIM4_IRQHandler                          0x08000283   Thumb Code     0  startup_stm32f411xe.o(.text)
    TIM5_IRQHandler                          0x08000283   Thumb Code     0  startup_stm32f411xe.o(.text)
    USART1_IRQHandler                        0x08000283   Thumb Code     0  startup_stm32f411xe.o(.text)
    USART2_IRQHandler                        0x08000283   Thumb Code     0  startup_stm32f411xe.o(.text)
    WWDG_IRQHandler                          0x08000283   Thumb Code     0  startup_stm32f411xe.o(.text)
    __aeabi_memcpy                           0x0800028d   Thumb Code    36  memcpya.o(.text)
    __aeabi_memcpy4                          0x0800028d   Thumb Code     0  memcpya.o(.text)
    __aeabi_memcpy8                          0x0800028d   Thumb Code     0  memcpya.o(.text)
    __aeabi_memset                           0x080002b1   Thumb Code    14  memseta.o(.text)
    __aeabi_memset4                          0x080002b1   Thumb Code     0  memseta.o(.text)
    __aeabi_memset8                          0x080002b1   Thumb Code     0  memseta.o(.text)
    __aeabi_memclr                           0x080002bf   Thumb Code     4  memseta.o(.text)
    __aeabi_memclr4                          0x080002bf   Thumb Code     0  memseta.o(.text)
    __aeabi_memclr8                          0x080002bf   Thumb Code     0  memseta.o(.text)
    _memset$wrapper                          0x080002c3   Thumb Code    18  memseta.o(.text)
    __aeabi_dmul                             0x080002d5   Thumb Code   228  dmul.o(.text)
    __aeabi_ddiv                             0x080003b9   Thumb Code   222  ddiv.o(.text)
    __aeabi_f2d                              0x08000497   Thumb Code    38  f2d.o(.text)
    __aeabi_d2f                              0x080004bd   Thumb Code    56  d2f.o(.text)
    __I$use$fp                               0x080004f5   Thumb Code     0  iusefp.o(.text)
    _float_round                             0x080004f5   Thumb Code    18  fepilogue.o(.text)
    _float_epilogue                          0x08000507   Thumb Code    92  fepilogue.o(.text)
    _double_round                            0x08000563   Thumb Code    30  depilogue.o(.text)
    _double_epilogue                         0x08000581   Thumb Code   156  depilogue.o(.text)
    __aeabi_dadd                             0x0800061d   Thumb Code   322  dadd.o(.text)
    __aeabi_dsub                             0x0800075f   Thumb Code     6  dadd.o(.text)
    __aeabi_drsub                            0x08000765   Thumb Code     6  dadd.o(.text)
    __aeabi_cdcmpeq                          0x0800076d   Thumb Code     0  cdcmple.o(.text)
    __aeabi_cdcmple                          0x0800076d   Thumb Code    48  cdcmple.o(.text)
    __scatterload                            0x0800079d   Thumb Code    28  init.o(.text)
    __scatterload_rt2                        0x0800079d   Thumb Code     0  init.o(.text)
    __aeabi_llsl                             0x080007c1   Thumb Code    30  llshl.o(.text)
    _ll_shift_l                              0x080007c1   Thumb Code     0  llshl.o(.text)
    __aeabi_llsr                             0x080007df   Thumb Code    32  llushr.o(.text)
    _ll_ushift_r                             0x080007df   Thumb Code     0  llushr.o(.text)
    __aeabi_lasr                             0x080007ff   Thumb Code    36  llsshr.o(.text)
    _ll_sshift_r                             0x080007ff   Thumb Code     0  llsshr.o(.text)
    _dsqrt                                   0x08000823   Thumb Code   162  dsqrt.o(.text)
    __decompress                             0x080008c5   Thumb Code     0  __dczerorl2.o(.text)
    __decompress1                            0x080008c5   Thumb Code    86  __dczerorl2.o(.text)
    ADC_Cmd                                  0x0800091b   Thumb Code    22  stm32f4xx_adc.o(i.ADC_Cmd)
    ADC_CommonInit                           0x08000931   Thumb Code    34  stm32f4xx_adc.o(i.ADC_CommonInit)
    ADC_Config                               0x08000961   Thumb Code    96  adc.o(i.ADC_Config)
    ADC_GetConversionValue                   0x080009c5   Thumb Code     8  stm32f4xx_adc.o(i.ADC_GetConversionValue)
    ADC_GetFlagStatus                        0x080009cd   Thumb Code    18  stm32f4xx_adc.o(i.ADC_GetFlagStatus)
    ADC_Init                                 0x080009e1   Thumb Code    74  stm32f4xx_adc.o(i.ADC_Init)
    ADC_RegularChannelConfig                 0x08000a35   Thumb Code   184  stm32f4xx_adc.o(i.ADC_RegularChannelConfig)
    ADC_SoftwareStartConv                    0x08000aed   Thumb Code    10  stm32f4xx_adc.o(i.ADC_SoftwareStartConv)
    Battery_ADC_Init                         0x08000af9   Thumb Code    36  adc.o(i.Battery_ADC_Init)
    BusFault_Handler                         0x08000b21   Thumb Code     4  stm32f4xx_it.o(i.BusFault_Handler)
    Control                                  0x08000b25   Thumb Code   278  control.o(i.Control)
    Control_task                             0x08000c61   Thumb Code    90  flight.o(i.Control_task)
    DebugMon_Handler                         0x08000cc5   Thumb Code     2  stm32f4xx_it.o(i.DebugMon_Handler)
    Flight_Check                             0x08000cc9   Thumb Code   122  control.o(i.Flight_Check)
    Flight_task                              0x08000d61   Thumb Code   124  flight.o(i.Flight_task)
    Fly_Att_mode                             0x08000e0d   Thumb Code   104  control.o(i.Fly_Att_mode)
    Fly_Error                                0x08000ead   Thumb Code    90  control.o(i.Fly_Error)
    Fly_Hover_Mode                           0x08000f1d   Thumb Code   198  control.o(i.Fly_Hover_Mode)
    GPIO_Init                                0x08001041   Thumb Code   144  stm32f4xx_gpio.o(i.GPIO_Init)
    GPIO_PinAFConfig                         0x080010d1   Thumb Code    70  stm32f4xx_gpio.o(i.GPIO_PinAFConfig)
    GPIO_ReadInputDataBit                    0x08001117   Thumb Code    18  stm32f4xx_gpio.o(i.GPIO_ReadInputDataBit)
    GPIO_ResetBits                           0x08001129   Thumb Code     6  stm32f4xx_gpio.o(i.GPIO_ResetBits)
    GPIO_SetBits                             0x0800112f   Thumb Code     4  stm32f4xx_gpio.o(i.GPIO_SetBits)
    Get_ADC_Value                            0x08001135   Thumb Code    44  adc.o(i.Get_ADC_Value)
    HardFault_Handler                        0x08001165   Thumb Code     4  stm32f4xx_it.o(i.HardFault_Handler)
    I2C_Ack                                  0x08001169   Thumb Code    56  i2c.o(i.I2C_Ack)
    I2C_GPIO_Init                            0x080011b9   Thumb Code    92  i2c.o(i.I2C_GPIO_Init)
    I2C_NAck                                 0x0800121d   Thumb Code    56  i2c.o(i.I2C_NAck)
    I2C_ReadByte                             0x0800125d   Thumb Code    86  i2c.o(i.I2C_ReadByte)
    I2C_SendByte                             0x080012bd   Thumb Code    96  i2c.o(i.I2C_SendByte)
    I2C_Start                                0x08001325   Thumb Code    60  i2c.o(i.I2C_Start)
    I2C_Stop                                 0x08001369   Thumb Code    56  i2c.o(i.I2C_Stop)
    I2C_WaitAck                              0x080013a9   Thumb Code    90  i2c.o(i.I2C_WaitAck)
    IMU_Data                                 0x0800140d   Thumb Code   178  imu.o(i.IMU_Data)
    Led_Init                                 0x080014e9   Thumb Code    60  led.o(i.Led_Init)
    Led_Red_Twinkle                          0x08001529   Thumb Code    54  led.o(i.Led_Red_Twinkle)
    Lpf_Filter                               0x08001565   Thumb Code   186  filter.o(i.Lpf_Filter)
    MPU6050_AccOffset                        0x0800162d   Thumb Code     8  mpu6050.o(i.MPU6050_AccOffset)
    MPU6050_GyroOffset                       0x08001639   Thumb Code   162  mpu6050.o(i.MPU6050_GyroOffset)
    MPU6050_Init                             0x080016ed   Thumb Code   188  mpu6050.o(i.MPU6050_Init)
    MPU_Get_AccelData                        0x080017a9   Thumb Code   226  mpu6050.o(i.MPU_Get_AccelData)
    MPU_Get_GyroData                         0x0800189d   Thumb Code   296  mpu6050.o(i.MPU_Get_GyroData)
    MPU_ReadData                             0x080019d5   Thumb Code    98  mpu6050.o(i.MPU_ReadData)
    MPU_Read_Byte                            0x08001a37   Thumb Code    60  mpu6050.o(i.MPU_Read_Byte)
    MPU_Set_Accel_Fsr                        0x08001a73   Thumb Code    16  mpu6050.o(i.MPU_Set_Accel_Fsr)
    MPU_Set_Gyro_Fsr                         0x08001a83   Thumb Code    16  mpu6050.o(i.MPU_Set_Gyro_Fsr)
    MPU_Set_LPF                              0x08001a93   Thumb Code    58  mpu6050.o(i.MPU_Set_LPF)
    MPU_Set_Rate                             0x08001acd   Thumb Code    58  mpu6050.o(i.MPU_Set_Rate)
    MPU_WriteReg                             0x08001b07   Thumb Code    54  mpu6050.o(i.MPU_WriteReg)
    MemManage_Handler                        0x08001b3d   Thumb Code     4  stm32f4xx_it.o(i.MemManage_Handler)
    Motor_PWM_Out                            0x08001b41   Thumb Code   168  pwm.o(i.Motor_PWM_Out)
    NMI_Handler                              0x08001be9   Thumb Code     2  stm32f4xx_it.o(i.NMI_Handler)
    NRF24L01_Check                           0x08001bed   Thumb Code    72  nrf24l01.o(i.NRF24L01_Check)
    NRF24L01_Init                            0x08001c3d   Thumb Code   150  nrf24l01.o(i.NRF24L01_Init)
    NRF24L01_RxMode                          0x08001cdd   Thumb Code    78  nrf24l01.o(i.NRF24L01_RxMode)
    NRF24L01_RxPacket                        0x08001d35   Thumb Code    58  nrf24l01.o(i.NRF24L01_RxPacket)
    NRF24L01_TxMode                          0x08001d71   Thumb Code    88  nrf24l01.o(i.NRF24L01_TxMode)
    NRF24L01_TxPacket                        0x08001dd5   Thumb Code    98  nrf24l01.o(i.NRF24L01_TxPacket)
    NVIC_Init                                0x08001e3d   Thumb Code   106  misc.o(i.NVIC_Init)
    NVIC_PriorityGroupConfig                 0x08001eb5   Thumb Code    10  misc.o(i.NVIC_PriorityGroupConfig)
    OpticFlow_Process_Batch                  0x08001ec9   Thumb Code   208  optical.o(i.OpticFlow_Process_Batch)
    OpticFlow_Update                         0x08001fa9   Thumb Code    42  optical.o(i.OpticFlow_Update)
    PWM_Init                                 0x08001fe1   Thumb Code   222  pwm.o(i.PWM_Init)
    Pid_Calculate                            0x080020c5   Thumb Code   266  pid.o(i.Pid_Calculate)
    Pid_Param_Init                           0x080021d9   Thumb Code   546  pid.o(i.Pid_Param_Init)
    Posture_Update                           0x08002439   Thumb Code  1546  imu.o(i.Posture_Update)
    RCC_AHB1PeriphClockCmd                   0x08002a69   Thumb Code    26  stm32f4xx_rcc.o(i.RCC_AHB1PeriphClockCmd)
    RCC_APB1PeriphClockCmd                   0x08002a89   Thumb Code    26  stm32f4xx_rcc.o(i.RCC_APB1PeriphClockCmd)
    RCC_APB2PeriphClockCmd                   0x08002aa9   Thumb Code    26  stm32f4xx_rcc.o(i.RCC_APB2PeriphClockCmd)
    RCC_APB2PeriphResetCmd                   0x08002ac9   Thumb Code    26  stm32f4xx_rcc.o(i.RCC_APB2PeriphResetCmd)
    RCC_GetClocksFreq                        0x08002ae9   Thumb Code   214  stm32f4xx_rcc.o(i.RCC_GetClocksFreq)
    Remote_Receive                           0x08002bd1   Thumb Code   126  remote.o(i.Remote_Receive)
    RingBuffer_Init                          0x08002c71   Thumb Code    14  ringbuffer.o(i.RingBuffer_Init)
    RingBuffer_ReadMult_Byte                 0x08002c7f   Thumb Code    60  ringbuffer.o(i.RingBuffer_ReadMult_Byte)
    RingBuffer_Write                         0x08002cbb   Thumb Code    48  ringbuffer.o(i.RingBuffer_Write)
    SDA_Input_Mode                           0x08002ced   Thumb Code    36  i2c.o(i.SDA_Input_Mode)
    SDA_Output_Mode                          0x08002d15   Thumb Code    40  i2c.o(i.SDA_Output_Mode)
    SPI1_SetSpeed                            0x08002d41   Thumb Code    24  spi.o(i.SPI1_SetSpeed)
    SPI1_SwapByte                            0x08002d5d   Thumb Code    50  spi.o(i.SPI1_SwapByte)
    SPI_Cmd                                  0x08002d95   Thumb Code    24  stm32f4xx_spi.o(i.SPI_Cmd)
    SPI_Config_Init                          0x08002dad   Thumb Code    98  spi.o(i.SPI_Config_Init)
    SPI_GPIO_Init                            0x08002e15   Thumb Code    78  spi.o(i.SPI_GPIO_Init)
    SPI_I2S_GetFlagStatus                    0x08002e69   Thumb Code    18  stm32f4xx_spi.o(i.SPI_I2S_GetFlagStatus)
    SPI_I2S_ReceiveData                      0x08002e7b   Thumb Code     6  stm32f4xx_spi.o(i.SPI_I2S_ReceiveData)
    SPI_I2S_SendData                         0x08002e81   Thumb Code     4  stm32f4xx_spi.o(i.SPI_I2S_SendData)
    SPI_Init                                 0x08002e85   Thumb Code    60  stm32f4xx_spi.o(i.SPI_Init)
    SPI_Read_Buf                             0x08002ec1   Thumb Code    60  nrf24l01.o(i.SPI_Read_Buf)
    SPI_Read_Reg                             0x08002f01   Thumb Code    38  nrf24l01.o(i.SPI_Read_Reg)
    SPI_Write_Buf                            0x08002f2d   Thumb Code    60  nrf24l01.o(i.SPI_Write_Buf)
    SPI_Write_Reg                            0x08002f6d   Thumb Code    40  nrf24l01.o(i.SPI_Write_Reg)
    Send_Remote                              0x08002f99   Thumb Code   202  remote.o(i.Send_Remote)
    Send_task                                0x08003099   Thumb Code    14  flight.o(i.Send_task)
    SysTick_CLKSourceConfig                  0x08003191   Thumb Code    40  misc.o(i.SysTick_CLKSourceConfig)
    SysTick_Handler                          0x080031b9   Thumb Code    16  systick.o(i.SysTick_Handler)
    SysTick_Init                             0x080031c9   Thumb Code    52  systick.o(i.SysTick_Init)
    SystemInit                               0x08003201   Thumb Code    88  system_stm32f4xx.o(i.SystemInit)
    TIM2_IRQHandler                          0x08003269   Thumb Code    30  optical.o(i.TIM2_IRQHandler)
    TIM3_Init                                0x08003289   Thumb Code    86  timer.o(i.TIM3_Init)
    TIM_ClearITPendingBit                    0x080032e5   Thumb Code     6  stm32f4xx_tim.o(i.TIM_ClearITPendingBit)
    TIM_Cmd                                  0x080032eb   Thumb Code    24  stm32f4xx_tim.o(i.TIM_Cmd)
    TIM_GetITStatus                          0x08003303   Thumb Code    34  stm32f4xx_tim.o(i.TIM_GetITStatus)
    TIM_ITConfig                             0x08003325   Thumb Code    18  stm32f4xx_tim.o(i.TIM_ITConfig)
    TIM_InternalClockConfig                  0x08003337   Thumb Code    12  stm32f4xx_tim.o(i.TIM_InternalClockConfig)
    TIM_OC1Init                              0x08003345   Thumb Code   114  stm32f4xx_tim.o(i.TIM_OC1Init)
    TIM_OC2Init                              0x080033c1   Thumb Code   154  stm32f4xx_tim.o(i.TIM_OC2Init)
    TIM_OC3Init                              0x08003465   Thumb Code   150  stm32f4xx_tim.o(i.TIM_OC3Init)
    TIM_OC4Init                              0x08003505   Thumb Code   112  stm32f4xx_tim.o(i.TIM_OC4Init)
    TIM_OCStructInit                         0x0800357d   Thumb Code    20  stm32f4xx_tim.o(i.TIM_OCStructInit)
    TIM_SetCompare1                          0x08003591   Thumb Code     4  stm32f4xx_tim.o(i.TIM_SetCompare1)
    TIM_SetCompare2                          0x08003595   Thumb Code     4  stm32f4xx_tim.o(i.TIM_SetCompare2)
    TIM_SetCompare3                          0x08003599   Thumb Code     4  stm32f4xx_tim.o(i.TIM_SetCompare3)
    TIM_SetCompare4                          0x0800359d   Thumb Code     4  stm32f4xx_tim.o(i.TIM_SetCompare4)
    TIM_TimeBaseInit                         0x080035a1   Thumb Code   104  stm32f4xx_tim.o(i.TIM_TimeBaseInit)
    USART1_Init                              0x08003625   Thumb Code   116  usart1.o(i.USART1_Init)
    USART6_IRQHandler                        0x080036a1   Thumb Code    34  usart6.o(i.USART6_IRQHandler)
    USART6_Init                              0x080036cd   Thumb Code   178  usart6.o(i.USART6_Init)
    USART_Cmd                                0x08003791   Thumb Code    24  stm32f4xx_usart.o(i.USART_Cmd)
    USART_GetITStatus                        0x080037a9   Thumb Code    84  stm32f4xx_usart.o(i.USART_GetITStatus)
    USART_ITConfig                           0x080037fd   Thumb Code    74  stm32f4xx_usart.o(i.USART_ITConfig)
    USART_Init                               0x08003849   Thumb Code   204  stm32f4xx_usart.o(i.USART_Init)
    USART_ReceiveData                        0x0800391d   Thumb Code    10  stm32f4xx_usart.o(i.USART_ReceiveData)
    UsageFault_Handler                       0x08003927   Thumb Code     4  stm32f4xx_it.o(i.UsageFault_Handler)
    __ARM_fpclassify                         0x0800392b   Thumb Code    48  fpclassify.o(i.__ARM_fpclassify)
    __hardfp_asin                            0x08003961   Thumb Code   770  asin.o(i.__hardfp_asin)
    __hardfp_atan                            0x08003cc1   Thumb Code   622  atan.o(i.__hardfp_atan)
    __hardfp_atan2                           0x08003f99   Thumb Code   448  atan2.o(i.__hardfp_atan2)
    __kernel_poly                            0x08004199   Thumb Code   248  poly.o(i.__kernel_poly)
    __mathlib_dbl_infnan                     0x08004291   Thumb Code    20  dunder.o(i.__mathlib_dbl_infnan)
    __mathlib_dbl_infnan2                    0x080042a5   Thumb Code    20  dunder.o(i.__mathlib_dbl_infnan2)
    __mathlib_dbl_invalid                    0x080042b9   Thumb Code    24  dunder.o(i.__mathlib_dbl_invalid)
    __mathlib_dbl_underflow                  0x080042d9   Thumb Code    24  dunder.o(i.__mathlib_dbl_underflow)
    __scatterload_copy                       0x080042f9   Thumb Code    14  handlers.o(i.__scatterload_copy)
    __scatterload_null                       0x08004307   Thumb Code     2  handlers.o(i.__scatterload_null)
    __scatterload_zeroinit                   0x08004309   Thumb Code    14  handlers.o(i.__scatterload_zeroinit)
    __set_errno                              0x08004319   Thumb Code     6  errno.o(i.__set_errno)
    atan                                     0x08004325   Thumb Code    16  atan.o(i.atan)
    delay_ms                                 0x08004335   Thumb Code    24  systick.o(i.delay_ms)
    delay_us                                 0x0800434d   Thumb Code    68  systick.o(i.delay_us)
    fabs                                     0x08004395   Thumb Code    24  fabs.o(i.fabs)
    invSqrt                                  0x080043ad   Thumb Code    56  imu.o(i.invSqrt)
    main                                     0x080043e9   Thumb Code    52  main.o(i.main)
    pvPortMalloc                             0x08004da1   Thumb Code   296  heap_4.o(i.pvPortMalloc)
    pvTaskIncrementMutexHeldCount            0x08004edd   Thumb Code    26  tasks.o(i.pvTaskIncrementMutexHeldCount)
    pxPortInitialiseStack                    0x08004efd   Thumb Code    38  port.o(i.pxPortInitialiseStack)
    sqrt                                     0x08004f29   Thumb Code   110  sqrt.o(i.sqrt)
    unpack                                   0x08004f99   Thumb Code   394  optical.o(i.unpack)
    uxListRemove                             0x0800514d   Thumb Code    40  list.o(i.uxListRemove)
    vListInitialise                          0x08005175   Thumb Code    26  list.o(i.vListInitialise)
    vListInitialiseItem                      0x0800518f   Thumb Code     6  list.o(i.vListInitialiseItem)
    vListInsert                              0x08005195   Thumb Code    52  list.o(i.vListInsert)
    vListInsertEnd                           0x080051c9   Thumb Code    24  list.o(i.vListInsertEnd)
    vPortEnterCritical                       0x080051e1   Thumb Code    76  port.o(i.vPortEnterCritical)
    vPortExitCritical                        0x08005235   Thumb Code    56  port.o(i.vPortExitCritical)
    vPortFree                                0x08005271   Thumb Code   140  heap_4.o(i.vPortFree)
    vPortSetupTimerInterrupt                 0x08005305   Thumb Code    26  port.o(i.vPortSetupTimerInterrupt)
    vPortValidateInterruptPriority           0x08005325   Thumb Code   106  port.o(i.vPortValidateInterruptPriority)
    vQueueAddToRegistry                      0x0800539d   Thumb Code    38  queue.o(i.vQueueAddToRegistry)
    vQueueWaitForMessageRestricted           0x080053c9   Thumb Code    74  queue.o(i.vQueueWaitForMessageRestricted)
    vTaskDelay                               0x08005415   Thumb Code    82  tasks.o(i.vTaskDelay)
    vTaskMissedYield                         0x08005471   Thumb Code     8  tasks.o(i.vTaskMissedYield)
    vTaskPlaceOnEventList                    0x0800547d   Thumb Code    52  tasks.o(i.vTaskPlaceOnEventList)
    vTaskPlaceOnEventListRestricted          0x080054b5   Thumb Code    60  tasks.o(i.vTaskPlaceOnEventListRestricted)
    vTaskPriorityInherit                     0x080054f5   Thumb Code   164  tasks.o(i.vTaskPriorityInherit)
    vTaskSetTimeOutState                     0x080055a5   Thumb Code    38  tasks.o(i.vTaskSetTimeOutState)
    vTaskStartScheduler                      0x080055d5   Thumb Code   118  tasks.o(i.vTaskStartScheduler)
    vTaskSuspendAll                          0x08005669   Thumb Code    12  tasks.o(i.vTaskSuspendAll)
    vTaskSwitchContext                       0x08005679   Thumb Code   118  tasks.o(i.vTaskSwitchContext)
    xPortStartScheduler                      0x08005705   Thumb Code   288  port.o(i.xPortStartScheduler)
    xPortSysTickHandler                      0x08005841   Thumb Code    46  port.o(i.xPortSysTickHandler)
    xQueueGenericCreate                      0x08005875   Thumb Code    88  queue.o(i.xQueueGenericCreate)
    xQueueGenericReceive                     0x080058cd   Thumb Code   446  queue.o(i.xQueueGenericReceive)
    xQueueGenericReset                       0x08005a91   Thumb Code   146  queue.o(i.xQueueGenericReset)
    xQueueGenericSend                        0x08005b29   Thumb Code   420  queue.o(i.xQueueGenericSend)
    xQueueGenericSendFromISR                 0x08005cd1   Thumb Code   248  queue.o(i.xQueueGenericSendFromISR)
    xTaskCheckForTimeOut                     0x08005dc9   Thumb Code   132  tasks.o(i.xTaskCheckForTimeOut)
    xTaskCreate                              0x08005e55   Thumb Code    96  tasks.o(i.xTaskCreate)
    xTaskGetSchedulerState                   0x08005eb5   Thumb Code    24  tasks.o(i.xTaskGetSchedulerState)
    xTaskGetTickCount                        0x08005ed5   Thumb Code     6  tasks.o(i.xTaskGetTickCount)
    xTaskIncrementTick                       0x08005ee1   Thumb Code   282  tasks.o(i.xTaskIncrementTick)
    xTaskPriorityDisinherit                  0x08006029   Thumb Code   188  tasks.o(i.xTaskPriorityDisinherit)
    xTaskRemoveFromEventList                 0x080060f1   Thumb Code   128  tasks.o(i.xTaskRemoveFromEventList)
    xTaskResumeAll                           0x08006189   Thumb Code   224  tasks.o(i.xTaskResumeAll)
    xTimerCreateTimerTask                    0x0800628d   Thumb Code    66  timers.o(i.xTimerCreateTimerTask)
    xTimerGenericCommand                     0x080062e5   Thumb Code   126  timers.o(i.xTimerGenericCommand)
    TX_ADDRESS                               0x08006368   Data           5  nrf24l01.o(.constdata)
    RX_ADDRESS                               0x0800636d   Data           5  nrf24l01.o(.constdata)
    acc_offset_fac                           0x08006374   Data          12  mpu6050.o(.constdata)
    acc_offset_bias                          0x08006380   Data          12  mpu6050.o(.constdata)
    __mathlib_zero                           0x08006478   Data           8  qnan.o(.constdata)
    Region$$Table$$Base                      0x08006480   Number         0  anon$$obj.o(Region$$Table)
    Region$$Table$$Limit                     0x080064a0   Number         0  anon$$obj.o(Region$$Table)
    SystemCoreClock                          0x20000000   Data           4  system_stm32f4xx.o(.data)
    AHBPrescTable                            0x20000004   Data          16  system_stm32f4xx.o(.data)
    pxCurrentTCB                             0x20000028   Data           4  tasks.o(.data)
    x_speed                                  0x200000a4   Data           4  optical.o(.data)
    y_speed                                  0x200000a8   Data           4  optical.o(.data)
    x_offset                                 0x200000ac   Data           4  optical.o(.data)
    y_offset                                 0x200000b0   Data           4  optical.o(.data)
    Att_Flag                                 0x200000b8   Data           1  control.o(.data)
    Fly_Flag                                 0x200000b9   Data           1  control.o(.data)
    Remote_Flag                              0x200000ba   Data           1  control.o(.data)
    Hover_Time                               0x200000bb   Data           1  control.o(.data)
    M1                                       0x200000bc   Data           2  control.o(.data)
    M2                                       0x200000be   Data           2  control.o(.data)
    M3                                       0x200000c0   Data           2  control.o(.data)
    M4                                       0x200000c2   Data           2  control.o(.data)
    target_Gx                                0x200000c4   Data           4  control.o(.data)
    target_Gy                                0x200000c8   Data           4  control.o(.data)
    target_Vecx                              0x200000cc   Data           4  control.o(.data)
    target_Vecy                              0x200000d0   Data           4  control.o(.data)
    target_Pitch                             0x200000d4   Data           4  control.o(.data)
    target_Roll                              0x200000d8   Data           4  control.o(.data)
    pwm_x                                    0x200000dc   Data           4  control.o(.data)
    pwm_y                                    0x200000e0   Data           4  control.o(.data)
    motor                                    0x200000e4   Data           2  control.o(.data)
    nrf_rx                                   0x200000e8   Data           1  remote.o(.data)
    nrf_Roll                                 0x200000ec   Data           4  remote.o(.data)
    nrf_Pitch                                0x200000f0   Data           4  remote.o(.data)
    nrf_Yaw                                  0x200000f4   Data           4  remote.o(.data)
    Speed                                    0x200000f8   Data           2  remote.o(.data)
    Mode                                     0x200000fa   Data           2  remote.o(.data)
    battery                                  0x200000fc   Data           4  remote.o(.data)
    battery_level                            0x20000100   Data           1  remote.o(.data)
    Roll                                     0x20000104   Data           4  imu.o(.data)
    Pitch                                    0x20000108   Data           4  imu.o(.data)
    Yaw                                      0x2000010c   Data           4  imu.o(.data)
    q0                                       0x20000110   Data           4  imu.o(.data)
    q1                                       0x20000114   Data           4  imu.o(.data)
    q2                                       0x20000118   Data           4  imu.o(.data)
    q3                                       0x2000011c   Data           4  imu.o(.data)
    gx                                       0x20000120   Data           4  imu.o(.data)
    gy                                       0x20000124   Data           4  imu.o(.data)
    gz                                       0x20000128   Data           4  imu.o(.data)
    ax                                       0x2000012c   Data           4  imu.o(.data)
    ay                                       0x20000130   Data           4  imu.o(.data)
    az                                       0x20000134   Data           4  imu.o(.data)
    exInt                                    0x20000138   Data           4  imu.o(.data)
    eyInt                                    0x2000013c   Data           4  imu.o(.data)
    ezInt                                    0x20000140   Data           4  imu.o(.data)
    q0_yaw                                   0x20000144   Data           4  imu.o(.data)
    q1_yaw                                   0x20000148   Data           4  imu.o(.data)
    q2_yaw                                   0x2000014c   Data           4  imu.o(.data)
    q3_yaw                                   0x20000150   Data           4  imu.o(.data)
    ControlTask_Handler                      0x20000154   Data           4  flight.o(.data)
    SendTask_Handler                         0x20000158   Data           4  flight.o(.data)
    xQueueRegistry                           0x20000164   Data          64  queue.o(.bss)
    USART6_Rx_Buffer                         0x20012e94   Data        2048  usart6.o(.bss)
    USART6_RingBuffer                        0x20013694   Data          12  usart6.o(.bss)
    gyro_offset                              0x200136a0   Data          12  mpu6050.o(.bss)
    packet                                   0x200136ac   Data          14  optical.o(.bss)
    Rx_Pack                                  0x200136ba   Data          24  optical.o(.bss)
    _opticflow_Data                          0x200136d4   Data          24  optical.o(.bss)
    pitch_pid                                0x200136ec   Data          44  pid.o(.bss)
    roll_pid                                 0x20013718   Data          44  pid.o(.bss)
    gx_pid                                   0x20013744   Data          44  pid.o(.bss)
    gy_pid                                   0x20013770   Data          44  pid.o(.bss)
    pos_pid                                  0x2001379c   Data          44  pid.o(.bss)
    vec_pid                                  0x200137c8   Data          44  pid.o(.bss)
    nrf_Recev_buf                            0x200137f4   Data          33  remote.o(.bss)
    nrf_Send_buf                             0x20013815   Data          33  remote.o(.bss)
    Acc_Raw_Data                             0x20013838   Data          12  imu.o(.bss)
    Gyro_Raw_Data                            0x20013844   Data          12  imu.o(.bss)
    __initial_sp                             0x20013c50   Data           0  startup_stm32f411xe.o(STACK)



==============================================================================

Memory Map of the image

  Image Entry point : 0x08000199

  Load Region LR_IROM1 (Base: 0x08000000, Size: 0x00006604, Max: 0x00080000, ABSOLUTE, COMPRESSED[0x000064c4])

    Execution Region ER_IROM1 (Exec base: 0x08000000, Load base: 0x08000000, Size: 0x000064a0, Max: 0x00080000, ABSOLUTE)

    Exec Addr    Load Addr    Size         Type   Attr      Idx    E Section Name        Object

    0x08000000   0x08000000   0x00000198   Data   RO            3    RESET               startup_stm32f411xe.o
    0x08000198   0x08000198   0x00000000   Code   RO         5536  * .ARM.Collect$$$$00000000  mc_w.l(entry.o)
    0x08000198   0x08000198   0x00000004   Code   RO         5604    .ARM.Collect$$$$00000001  mc_w.l(entry2.o)
    0x0800019c   0x0800019c   0x00000004   Code   RO         5607    .ARM.Collect$$$$00000004  mc_w.l(entry5.o)
    0x080001a0   0x080001a0   0x00000000   Code   RO         5609    .ARM.Collect$$$$00000008  mc_w.l(entry7b.o)
    0x080001a0   0x080001a0   0x00000000   Code   RO         5611    .ARM.Collect$$$$0000000A  mc_w.l(entry8b.o)
    0x080001a0   0x080001a0   0x00000008   Code   RO         5612    .ARM.Collect$$$$0000000B  mc_w.l(entry9a.o)
    0x080001a8   0x080001a8   0x00000004   Code   RO         5619    .ARM.Collect$$$$0000000E  mc_w.l(entry12b.o)
    0x080001ac   0x080001ac   0x00000000   Code   RO         5614    .ARM.Collect$$$$0000000F  mc_w.l(entry10a.o)
    0x080001ac   0x080001ac   0x00000000   Code   RO         5616    .ARM.Collect$$$$00000011  mc_w.l(entry11a.o)
    0x080001ac   0x080001ac   0x00000004   Code   RO         5605    .ARM.Collect$$$$00002712  mc_w.l(entry2.o)
    0x080001b0   0x080001b0   0x000000b6   Code   RO         4366    .emb_text           port.o
    0x08000266   0x08000266   0x00000002   PAD
    0x08000268   0x08000268   0x00000024   Code   RO            4    .text               startup_stm32f411xe.o
    0x0800028c   0x0800028c   0x00000024   Code   RO         5539    .text               mc_w.l(memcpya.o)
    0x080002b0   0x080002b0   0x00000024   Code   RO         5541    .text               mc_w.l(memseta.o)
    0x080002d4   0x080002d4   0x000000e4   Code   RO         5545    .text               mf_w.l(dmul.o)
    0x080003b8   0x080003b8   0x000000de   Code   RO         5547    .text               mf_w.l(ddiv.o)
    0x08000496   0x08000496   0x00000026   Code   RO         5549    .text               mf_w.l(f2d.o)
    0x080004bc   0x080004bc   0x00000038   Code   RO         5551    .text               mf_w.l(d2f.o)
    0x080004f4   0x080004f4   0x00000000   Code   RO         5627    .text               mc_w.l(iusefp.o)
    0x080004f4   0x080004f4   0x0000006e   Code   RO         5628    .text               mf_w.l(fepilogue.o)
    0x08000562   0x08000562   0x000000ba   Code   RO         5630    .text               mf_w.l(depilogue.o)
    0x0800061c   0x0800061c   0x0000014e   Code   RO         5632    .text               mf_w.l(dadd.o)
    0x0800076a   0x0800076a   0x00000002   PAD
    0x0800076c   0x0800076c   0x00000030   Code   RO         5636    .text               mf_w.l(cdcmple.o)
    0x0800079c   0x0800079c   0x00000024   Code   RO         5638    .text               mc_w.l(init.o)
    0x080007c0   0x080007c0   0x0000001e   Code   RO         5640    .text               mc_w.l(llshl.o)
    0x080007de   0x080007de   0x00000020   Code   RO         5642    .text               mc_w.l(llushr.o)
    0x080007fe   0x080007fe   0x00000024   Code   RO         5644    .text               mc_w.l(llsshr.o)
    0x08000822   0x08000822   0x000000a2   Code   RO         5646    .text               mf_w.l(dsqrt.o)
    0x080008c4   0x080008c4   0x00000056   Code   RO         5656    .text               mc_w.l(__dczerorl2.o)
    0x0800091a   0x0800091a   0x00000016   Code   RO          255    i.ADC_Cmd           stm32f4xx_adc.o
    0x08000930   0x08000930   0x00000030   Code   RO          256    i.ADC_CommonInit    stm32f4xx_adc.o
    0x08000960   0x08000960   0x00000064   Code   RO         4783    i.ADC_Config        adc.o
    0x080009c4   0x080009c4   0x00000008   Code   RO          267    i.ADC_GetConversionValue  stm32f4xx_adc.o
    0x080009cc   0x080009cc   0x00000012   Code   RO          268    i.ADC_GetFlagStatus  stm32f4xx_adc.o
    0x080009de   0x080009de   0x00000002   PAD
    0x080009e0   0x080009e0   0x00000054   Code   RO          275    i.ADC_Init          stm32f4xx_adc.o
    0x08000a34   0x08000a34   0x000000b8   Code   RO          280    i.ADC_RegularChannelConfig  stm32f4xx_adc.o
    0x08000aec   0x08000aec   0x0000000a   Code   RO          282    i.ADC_SoftwareStartConv  stm32f4xx_adc.o
    0x08000af6   0x08000af6   0x00000002   PAD
    0x08000af8   0x08000af8   0x00000028   Code   RO         4784    i.Battery_ADC_Init  adc.o
    0x08000b20   0x08000b20   0x00000004   Code   RO         5413    i.BusFault_Handler  stm32f4xx_it.o
    0x08000b24   0x08000b24   0x0000013c   Code   RO         5190    i.Control           control.o
    0x08000c60   0x08000c60   0x00000064   Code   RO         5470    i.Control_task      flight.o
    0x08000cc4   0x08000cc4   0x00000002   Code   RO         5414    i.DebugMon_Handler  stm32f4xx_it.o
    0x08000cc6   0x08000cc6   0x00000002   PAD
    0x08000cc8   0x08000cc8   0x00000098   Code   RO         5191    i.Flight_Check      control.o
    0x08000d60   0x08000d60   0x000000ac   Code   RO         5471    i.Flight_task       flight.o
    0x08000e0c   0x08000e0c   0x000000a0   Code   RO         5192    i.Fly_Att_mode      control.o
    0x08000eac   0x08000eac   0x00000070   Code   RO         5193    i.Fly_Error         control.o
    0x08000f1c   0x08000f1c   0x00000124   Code   RO         5194    i.Fly_Hover_Mode    control.o
    0x08001040   0x08001040   0x00000090   Code   RO         1123    i.GPIO_Init         stm32f4xx_gpio.o
    0x080010d0   0x080010d0   0x00000046   Code   RO         1124    i.GPIO_PinAFConfig  stm32f4xx_gpio.o
    0x08001116   0x08001116   0x00000012   Code   RO         1127    i.GPIO_ReadInputDataBit  stm32f4xx_gpio.o
    0x08001128   0x08001128   0x00000006   Code   RO         1130    i.GPIO_ResetBits    stm32f4xx_gpio.o
    0x0800112e   0x0800112e   0x00000004   Code   RO         1131    i.GPIO_SetBits      stm32f4xx_gpio.o
    0x08001132   0x08001132   0x00000002   PAD
    0x08001134   0x08001134   0x00000030   Code   RO         4786    i.Get_ADC_Value     adc.o
    0x08001164   0x08001164   0x00000004   Code   RO         5415    i.HardFault_Handler  stm32f4xx_it.o
    0x08001168   0x08001168   0x00000040   Code   RO         4583    i.I2C_Ack           i2c.o
    0x080011a8   0x080011a8   0x0000000e   Code   RO         4584    i.I2C_Delay         i2c.o
    0x080011b6   0x080011b6   0x00000002   PAD
    0x080011b8   0x080011b8   0x00000064   Code   RO         4585    i.I2C_GPIO_Init     i2c.o
    0x0800121c   0x0800121c   0x00000040   Code   RO         4586    i.I2C_NAck          i2c.o
    0x0800125c   0x0800125c   0x00000060   Code   RO         4587    i.I2C_ReadByte      i2c.o
    0x080012bc   0x080012bc   0x00000068   Code   RO         4588    i.I2C_SendByte      i2c.o
    0x08001324   0x08001324   0x00000044   Code   RO         4589    i.I2C_Start         i2c.o
    0x08001368   0x08001368   0x00000040   Code   RO         4590    i.I2C_Stop          i2c.o
    0x080013a8   0x080013a8   0x00000064   Code   RO         4591    i.I2C_WaitAck       i2c.o
    0x0800140c   0x0800140c   0x000000dc   Code   RO         5335    i.IMU_Data          imu.o
    0x080014e8   0x080014e8   0x00000040   Code   RO         4867    i.Led_Init          led.o
    0x08001528   0x08001528   0x0000003c   Code   RO         4868    i.Led_Red_Twinkle   led.o
    0x08001564   0x08001564   0x000000c8   Code   RO         5306    i.Lpf_Filter        filter.o
    0x0800162c   0x0800162c   0x0000000c   Code   RO         4984    i.MPU6050_AccOffset  mpu6050.o
    0x08001638   0x08001638   0x000000b4   Code   RO         4985    i.MPU6050_GyroOffset  mpu6050.o
    0x080016ec   0x080016ec   0x000000bc   Code   RO         4986    i.MPU6050_Init      mpu6050.o
    0x080017a8   0x080017a8   0x000000f4   Code   RO         4987    i.MPU_Get_AccelData  mpu6050.o
    0x0800189c   0x0800189c   0x00000138   Code   RO         4988    i.MPU_Get_GyroData  mpu6050.o
    0x080019d4   0x080019d4   0x00000062   Code   RO         4989    i.MPU_ReadData      mpu6050.o
    0x08001a36   0x08001a36   0x0000003c   Code   RO         4990    i.MPU_Read_Byte     mpu6050.o
    0x08001a72   0x08001a72   0x00000010   Code   RO         4991    i.MPU_Set_Accel_Fsr  mpu6050.o
    0x08001a82   0x08001a82   0x00000010   Code   RO         4992    i.MPU_Set_Gyro_Fsr  mpu6050.o
    0x08001a92   0x08001a92   0x0000003a   Code   RO         4993    i.MPU_Set_LPF       mpu6050.o
    0x08001acc   0x08001acc   0x0000003a   Code   RO         4994    i.MPU_Set_Rate      mpu6050.o
    0x08001b06   0x08001b06   0x00000036   Code   RO         4995    i.MPU_WriteReg      mpu6050.o
    0x08001b3c   0x08001b3c   0x00000004   Code   RO         5416    i.MemManage_Handler  stm32f4xx_it.o
    0x08001b40   0x08001b40   0x000000a8   Code   RO         4669    i.Motor_PWM_Out     pwm.o
    0x08001be8   0x08001be8   0x00000002   Code   RO         5417    i.NMI_Handler       stm32f4xx_it.o
    0x08001bea   0x08001bea   0x00000002   PAD
    0x08001bec   0x08001bec   0x00000050   Code   RO         4900    i.NRF24L01_Check    nrf24l01.o
    0x08001c3c   0x08001c3c   0x000000a0   Code   RO         4901    i.NRF24L01_Init     nrf24l01.o
    0x08001cdc   0x08001cdc   0x00000058   Code   RO         4902    i.NRF24L01_RxMode   nrf24l01.o
    0x08001d34   0x08001d34   0x0000003a   Code   RO         4903    i.NRF24L01_RxPacket  nrf24l01.o
    0x08001d6e   0x08001d6e   0x00000002   PAD
    0x08001d70   0x08001d70   0x00000064   Code   RO         4904    i.NRF24L01_TxMode   nrf24l01.o
    0x08001dd4   0x08001dd4   0x00000068   Code   RO         4905    i.NRF24L01_TxPacket  nrf24l01.o
    0x08001e3c   0x08001e3c   0x00000078   Code   RO          137    i.NVIC_Init         misc.o
    0x08001eb4   0x08001eb4   0x00000014   Code   RO          138    i.NVIC_PriorityGroupConfig  misc.o
    0x08001ec8   0x08001ec8   0x000000e0   Code   RO         5089    i.OpticFlow_Process_Batch  optical.o
    0x08001fa8   0x08001fa8   0x00000038   Code   RO         5090    i.OpticFlow_Update  optical.o
    0x08001fe0   0x08001fe0   0x000000e4   Code   RO         4670    i.PWM_Init          pwm.o
    0x080020c4   0x080020c4   0x00000114   Code   RO         5150    i.Pid_Calculate     pid.o
    0x080021d8   0x080021d8   0x00000260   Code   RO         5151    i.Pid_Param_Init    pid.o
    0x08002438   0x08002438   0x00000630   Code   RO         5336    i.Posture_Update    imu.o
    0x08002a68   0x08002a68   0x00000020   Code   RO         1584    i.RCC_AHB1PeriphClockCmd  stm32f4xx_rcc.o
    0x08002a88   0x08002a88   0x00000020   Code   RO         1590    i.RCC_APB1PeriphClockCmd  stm32f4xx_rcc.o
    0x08002aa8   0x08002aa8   0x00000020   Code   RO         1593    i.RCC_APB2PeriphClockCmd  stm32f4xx_rcc.o
    0x08002ac8   0x08002ac8   0x00000020   Code   RO         1595    i.RCC_APB2PeriphResetCmd  stm32f4xx_rcc.o
    0x08002ae8   0x08002ae8   0x000000e8   Code   RO         1602    i.RCC_GetClocksFreq  stm32f4xx_rcc.o
    0x08002bd0   0x08002bd0   0x000000a0   Code   RO         5264    i.Remote_Receive    remote.o
    0x08002c70   0x08002c70   0x0000000e   Code   RO         4741    i.RingBuffer_Init   ringbuffer.o
    0x08002c7e   0x08002c7e   0x0000003c   Code   RO         4743    i.RingBuffer_ReadMult_Byte  ringbuffer.o
    0x08002cba   0x08002cba   0x00000030   Code   RO         4744    i.RingBuffer_Write  ringbuffer.o
    0x08002cea   0x08002cea   0x00000002   PAD
    0x08002cec   0x08002cec   0x00000028   Code   RO         4592    i.SDA_Input_Mode    i2c.o
    0x08002d14   0x08002d14   0x0000002c   Code   RO         4593    i.SDA_Output_Mode   i2c.o
    0x08002d40   0x08002d40   0x0000001c   Code   RO         4538    i.SPI1_SetSpeed     spi.o
    0x08002d5c   0x08002d5c   0x00000038   Code   RO         4539    i.SPI1_SwapByte     spi.o
    0x08002d94   0x08002d94   0x00000018   Code   RO         2484    i.SPI_Cmd           stm32f4xx_spi.o
    0x08002dac   0x08002dac   0x00000068   Code   RO         4540    i.SPI_Config_Init   spi.o
    0x08002e14   0x08002e14   0x00000054   Code   RO         4541    i.SPI_GPIO_Init     spi.o
    0x08002e68   0x08002e68   0x00000012   Code   RO         2492    i.SPI_I2S_GetFlagStatus  stm32f4xx_spi.o
    0x08002e7a   0x08002e7a   0x00000006   Code   RO         2495    i.SPI_I2S_ReceiveData  stm32f4xx_spi.o
    0x08002e80   0x08002e80   0x00000004   Code   RO         2496    i.SPI_I2S_SendData  stm32f4xx_spi.o
    0x08002e84   0x08002e84   0x0000003c   Code   RO         2497    i.SPI_Init          stm32f4xx_spi.o
    0x08002ec0   0x08002ec0   0x00000040   Code   RO         4906    i.SPI_Read_Buf      nrf24l01.o
    0x08002f00   0x08002f00   0x0000002c   Code   RO         4907    i.SPI_Read_Reg      nrf24l01.o
    0x08002f2c   0x08002f2c   0x00000040   Code   RO         4908    i.SPI_Write_Buf     nrf24l01.o
    0x08002f6c   0x08002f6c   0x0000002c   Code   RO         4909    i.SPI_Write_Reg     nrf24l01.o
    0x08002f98   0x08002f98   0x00000100   Code   RO         5265    i.Send_Remote       remote.o
    0x08003098   0x08003098   0x0000000e   Code   RO         5472    i.Send_task         flight.o
    0x080030a6   0x080030a6   0x00000002   PAD
    0x080030a8   0x080030a8   0x000000e8   Code   RO           13    i.SetSysClock       system_stm32f4xx.o
    0x08003190   0x08003190   0x00000028   Code   RO          141    i.SysTick_CLKSourceConfig  misc.o
    0x080031b8   0x080031b8   0x00000010   Code   RO         3473    i.SysTick_Handler   systick.o
    0x080031c8   0x080031c8   0x00000038   Code   RO         3474    i.SysTick_Init      systick.o
    0x08003200   0x08003200   0x00000068   Code   RO           15    i.SystemInit        system_stm32f4xx.o
    0x08003268   0x08003268   0x0000001e   Code   RO         5091    i.TIM2_IRQHandler   optical.o
    0x08003286   0x08003286   0x00000002   PAD
    0x08003288   0x08003288   0x0000005c   Code   RO         4828    i.TIM3_Init         timer.o
    0x080032e4   0x080032e4   0x00000006   Code   RO         2720    i.TIM_ClearITPendingBit  stm32f4xx_tim.o
    0x080032ea   0x080032ea   0x00000018   Code   RO         2725    i.TIM_Cmd           stm32f4xx_tim.o
    0x08003302   0x08003302   0x00000022   Code   RO         2746    i.TIM_GetITStatus   stm32f4xx_tim.o
    0x08003324   0x08003324   0x00000012   Code   RO         2750    i.TIM_ITConfig      stm32f4xx_tim.o
    0x08003336   0x08003336   0x0000000c   Code   RO         2752    i.TIM_InternalClockConfig  stm32f4xx_tim.o
    0x08003342   0x08003342   0x00000002   PAD
    0x08003344   0x08003344   0x0000007c   Code   RO         2754    i.TIM_OC1Init       stm32f4xx_tim.o
    0x080033c0   0x080033c0   0x000000a4   Code   RO         2759    i.TIM_OC2Init       stm32f4xx_tim.o
    0x08003464   0x08003464   0x000000a0   Code   RO         2764    i.TIM_OC3Init       stm32f4xx_tim.o
    0x08003504   0x08003504   0x00000078   Code   RO         2769    i.TIM_OC4Init       stm32f4xx_tim.o
    0x0800357c   0x0800357c   0x00000014   Code   RO         2772    i.TIM_OCStructInit  stm32f4xx_tim.o
    0x08003590   0x08003590   0x00000004   Code   RO         2787    i.TIM_SetCompare1   stm32f4xx_tim.o
    0x08003594   0x08003594   0x00000004   Code   RO         2788    i.TIM_SetCompare2   stm32f4xx_tim.o
    0x08003598   0x08003598   0x00000004   Code   RO         2789    i.TIM_SetCompare3   stm32f4xx_tim.o
    0x0800359c   0x0800359c   0x00000004   Code   RO         2790    i.TIM_SetCompare4   stm32f4xx_tim.o
    0x080035a0   0x080035a0   0x00000084   Code   RO         2797    i.TIM_TimeBaseInit  stm32f4xx_tim.o
    0x08003624   0x08003624   0x0000007c   Code   RO         4495    i.USART1_Init       usart1.o
    0x080036a0   0x080036a0   0x0000002c   Code   RO         4702    i.USART6_IRQHandler  usart6.o
    0x080036cc   0x080036cc   0x000000c4   Code   RO         4703    i.USART6_Init       usart6.o
    0x08003790   0x08003790   0x00000018   Code   RO         3282    i.USART_Cmd         stm32f4xx_usart.o
    0x080037a8   0x080037a8   0x00000054   Code   RO         3286    i.USART_GetITStatus  stm32f4xx_usart.o
    0x080037fc   0x080037fc   0x0000004a   Code   RO         3288    i.USART_ITConfig    stm32f4xx_usart.o
    0x08003846   0x08003846   0x00000002   PAD
    0x08003848   0x08003848   0x000000d4   Code   RO         3289    i.USART_Init        stm32f4xx_usart.o
    0x0800391c   0x0800391c   0x0000000a   Code   RO         3296    i.USART_ReceiveData  stm32f4xx_usart.o
    0x08003926   0x08003926   0x00000004   Code   RO         5418    i.UsageFault_Handler  stm32f4xx_it.o
    0x0800392a   0x0800392a   0x00000030   Code   RO         5587    i.__ARM_fpclassify  m_wm.l(fpclassify.o)
    0x0800395a   0x0800395a   0x00000006   PAD
    0x08003960   0x08003960   0x00000360   Code   RO         5510    i.__hardfp_asin     m_wm.l(asin.o)
    0x08003cc0   0x08003cc0   0x000002d8   Code   RO         5553    i.__hardfp_atan     m_wm.l(atan.o)
    0x08003f98   0x08003f98   0x00000200   Code   RO         5524    i.__hardfp_atan2    m_wm.l(atan2.o)
    0x08004198   0x08004198   0x000000f8   Code   RO         5589    i.__kernel_poly     m_wm.l(poly.o)
    0x08004290   0x08004290   0x00000014   Code   RO         5568    i.__mathlib_dbl_infnan  m_wm.l(dunder.o)
    0x080042a4   0x080042a4   0x00000014   Code   RO         5569    i.__mathlib_dbl_infnan2  m_wm.l(dunder.o)
    0x080042b8   0x080042b8   0x00000020   Code   RO         5570    i.__mathlib_dbl_invalid  m_wm.l(dunder.o)
    0x080042d8   0x080042d8   0x00000020   Code   RO         5573    i.__mathlib_dbl_underflow  m_wm.l(dunder.o)
    0x080042f8   0x080042f8   0x0000000e   Code   RO         5650    i.__scatterload_copy  mc_w.l(handlers.o)
    0x08004306   0x08004306   0x00000002   Code   RO         5651    i.__scatterload_null  mc_w.l(handlers.o)
    0x08004308   0x08004308   0x0000000e   Code   RO         5652    i.__scatterload_zeroinit  mc_w.l(handlers.o)
    0x08004316   0x08004316   0x00000002   PAD
    0x08004318   0x08004318   0x0000000c   Code   RO         5622    i.__set_errno       mc_w.l(errno.o)
    0x08004324   0x08004324   0x00000010   Code   RO         5555    i.atan              m_wm.l(atan.o)
    0x08004334   0x08004334   0x00000018   Code   RO         3475    i.delay_ms          systick.o
    0x0800434c   0x0800434c   0x00000048   Code   RO         3476    i.delay_us          systick.o
    0x08004394   0x08004394   0x00000018   Code   RO         5583    i.fabs              m_wm.l(fabs.o)
    0x080043ac   0x080043ac   0x0000003c   Code   RO         5337    i.invSqrt           imu.o
    0x080043e8   0x080043e8   0x00000034   Code   RO         5382    i.main              main.o
    0x0800441c   0x0800441c   0x00000098   Code   RO         3899    i.prvAddCurrentTaskToDelayedList  tasks.o
    0x080044b4   0x080044b4   0x000000b8   Code   RO         3900    i.prvAddNewTaskToReadyList  tasks.o
    0x0800456c   0x0800456c   0x00000064   Code   RO         4236    i.prvCheckForValidListAndQueue  timers.o
    0x080045d0   0x080045d0   0x00000064   Code   RO         3901    i.prvCheckTasksWaitingTermination  tasks.o
    0x08004634   0x08004634   0x0000002a   Code   RO         3698    i.prvCopyDataFromQueue  queue.o
    0x0800465e   0x0800465e   0x0000007c   Code   RO         3699    i.prvCopyDataToQueue  queue.o
    0x080046da   0x080046da   0x00000012   Code   RO         3902    i.prvDeleteTCB      tasks.o
    0x080046ec   0x080046ec   0x00000028   Code   RO         4237    i.prvGetNextExpireTime  timers.o
    0x08004714   0x08004714   0x0000007c   Code   RO         4443    i.prvHeapInit       heap_4.o
    0x08004790   0x08004790   0x00000028   Code   RO         3903    i.prvIdleTask       tasks.o
    0x080047b8   0x080047b8   0x0000002a   Code   RO         3701    i.prvInitialiseNewQueue  queue.o
    0x080047e2   0x080047e2   0x000000b4   Code   RO         3904    i.prvInitialiseNewTask  tasks.o
    0x08004896   0x08004896   0x00000002   PAD
    0x08004898   0x08004898   0x00000068   Code   RO         3905    i.prvInitialiseTaskLists  tasks.o
    0x08004900   0x08004900   0x00000068   Code   RO         4444    i.prvInsertBlockIntoFreeList  heap_4.o
    0x08004968   0x08004968   0x00000058   Code   RO         4239    i.prvInsertTimerInActiveList  timers.o
    0x080049c0   0x080049c0   0x0000001a   Code   RO         3702    i.prvIsQueueEmpty   queue.o
    0x080049da   0x080049da   0x0000001e   Code   RO         3703    i.prvIsQueueFull    queue.o
    0x080049f8   0x080049f8   0x00000064   Code   RO         4240    i.prvProcessExpiredTimer  timers.o
    0x08004a5c   0x08004a5c   0x000000f8   Code   RO         4241    i.prvProcessReceivedCommands  timers.o
    0x08004b54   0x08004b54   0x00000074   Code   RO         4242    i.prvProcessTimerOrBlockTask  timers.o
    0x08004bc8   0x08004bc8   0x00000034   Code   RO         3907    i.prvResetNextTaskUnblockTime  tasks.o
    0x08004bfc   0x08004bfc   0x0000002c   Code   RO         4243    i.prvSampleTimeNow  timers.o
    0x08004c28   0x08004c28   0x000000a0   Code   RO         4244    i.prvSwitchTimerLists  timers.o
    0x08004cc8   0x08004cc8   0x00000040   Code   RO         4367    i.prvTaskExitError  port.o
    0x08004d08   0x08004d08   0x0000001a   Code   RO         4245    i.prvTimerTask      timers.o
    0x08004d22   0x08004d22   0x0000007e   Code   RO         3704    i.prvUnlockQueue    queue.o
    0x08004da0   0x08004da0   0x0000013c   Code   RO         4445    i.pvPortMalloc      heap_4.o
    0x08004edc   0x08004edc   0x00000020   Code   RO         3910    i.pvTaskIncrementMutexHeldCount  tasks.o
    0x08004efc   0x08004efc   0x0000002c   Code   RO         4368    i.pxPortInitialiseStack  port.o
    0x08004f28   0x08004f28   0x0000006e   Code   RO         5594    i.sqrt              m_wm.l(sqrt.o)
    0x08004f96   0x08004f96   0x00000002   PAD
    0x08004f98   0x08004f98   0x000001b4   Code   RO         5092    i.unpack            optical.o
    0x0800514c   0x0800514c   0x00000028   Code   RO         3661    i.uxListRemove      list.o
    0x08005174   0x08005174   0x0000001a   Code   RO         3662    i.vListInitialise   list.o
    0x0800518e   0x0800518e   0x00000006   Code   RO         3663    i.vListInitialiseItem  list.o
    0x08005194   0x08005194   0x00000034   Code   RO         3664    i.vListInsert       list.o
    0x080051c8   0x080051c8   0x00000018   Code   RO         3665    i.vListInsertEnd    list.o
    0x080051e0   0x080051e0   0x00000054   Code   RO         4370    i.vPortEnterCritical  port.o
    0x08005234   0x08005234   0x0000003c   Code   RO         4371    i.vPortExitCritical  port.o
    0x08005270   0x08005270   0x00000094   Code   RO         4446    i.vPortFree         heap_4.o
    0x08005304   0x08005304   0x00000020   Code   RO         4372    i.vPortSetupTimerInterrupt  port.o
    0x08005324   0x08005324   0x00000078   Code   RO         4373    i.vPortValidateInterruptPriority  port.o
    0x0800539c   0x0800539c   0x0000002c   Code   RO         3710    i.vQueueAddToRegistry  queue.o
    0x080053c8   0x080053c8   0x0000004a   Code   RO         3714    i.vQueueWaitForMessageRestricted  queue.o
    0x08005412   0x08005412   0x00000002   PAD
    0x08005414   0x08005414   0x0000005c   Code   RO         3918    i.vTaskDelay        tasks.o
    0x08005470   0x08005470   0x0000000c   Code   RO         3923    i.vTaskMissedYield  tasks.o
    0x0800547c   0x0800547c   0x00000038   Code   RO         3925    i.vTaskPlaceOnEventList  tasks.o
    0x080054b4   0x080054b4   0x00000040   Code   RO         3926    i.vTaskPlaceOnEventListRestricted  tasks.o
    0x080054f4   0x080054f4   0x000000b0   Code   RO         3928    i.vTaskPriorityInherit  tasks.o
    0x080055a4   0x080055a4   0x00000030   Code   RO         3932    i.vTaskSetTimeOutState  tasks.o
    0x080055d4   0x080055d4   0x00000094   Code   RO         3933    i.vTaskStartScheduler  tasks.o
    0x08005668   0x08005668   0x00000010   Code   RO         3935    i.vTaskSuspendAll   tasks.o
    0x08005678   0x08005678   0x0000008c   Code   RO         3936    i.vTaskSwitchContext  tasks.o
    0x08005704   0x08005704   0x0000013c   Code   RO         4374    i.xPortStartScheduler  port.o
    0x08005840   0x08005840   0x00000034   Code   RO         4375    i.xPortSysTickHandler  port.o
    0x08005874   0x08005874   0x00000058   Code   RO         3717    i.xQueueGenericCreate  queue.o
    0x080058cc   0x080058cc   0x000001c4   Code   RO         3718    i.xQueueGenericReceive  queue.o
    0x08005a90   0x08005a90   0x00000098   Code   RO         3719    i.xQueueGenericReset  queue.o
    0x08005b28   0x08005b28   0x000001a8   Code   RO         3720    i.xQueueGenericSend  queue.o
    0x08005cd0   0x08005cd0   0x000000f8   Code   RO         3721    i.xQueueGenericSendFromISR  queue.o
    0x08005dc8   0x08005dc8   0x0000008c   Code   RO         3937    i.xTaskCheckForTimeOut  tasks.o
    0x08005e54   0x08005e54   0x00000060   Code   RO         3938    i.xTaskCreate       tasks.o
    0x08005eb4   0x08005eb4   0x00000020   Code   RO         3942    i.xTaskGetSchedulerState  tasks.o
    0x08005ed4   0x08005ed4   0x0000000c   Code   RO         3943    i.xTaskGetTickCount  tasks.o
    0x08005ee0   0x08005ee0   0x00000148   Code   RO         3945    i.xTaskIncrementTick  tasks.o
    0x08006028   0x08006028   0x000000c8   Code   RO         3948    i.xTaskPriorityDisinherit  tasks.o
    0x080060f0   0x080060f0   0x00000098   Code   RO         3949    i.xTaskRemoveFromEventList  tasks.o
    0x08006188   0x08006188   0x00000104   Code   RO         3951    i.xTaskResumeAll    tasks.o
    0x0800628c   0x0800628c   0x00000058   Code   RO         4249    i.xTimerCreateTimerTask  timers.o
    0x080062e4   0x080062e4   0x00000084   Code   RO         4250    i.xTimerGenericCommand  timers.o
    0x08006368   0x08006368   0x0000000a   Data   RO         4910    .constdata          nrf24l01.o
    0x08006372   0x08006372   0x00000002   PAD
    0x08006374   0x08006374   0x00000018   Data   RO         4997    .constdata          mpu6050.o
    0x0800638c   0x0800638c   0x00000004   PAD
    0x08006390   0x08006390   0x00000050   Data   RO         5513    .constdata          m_wm.l(asin.o)
    0x080063e0   0x080063e0   0x00000098   Data   RO         5556    .constdata          m_wm.l(atan.o)
    0x08006478   0x08006478   0x00000008   Data   RO         5591    .constdata          m_wm.l(qnan.o)
    0x08006480   0x08006480   0x00000020   Data   RO         5648    Region$$Table       anon$$obj.o


    Execution Region RW_IRAM1 (Exec base: 0x20000000, Load base: 0x080064a0, Size: 0x00013c50, Max: 0x00020000, ABSOLUTE, COMPRESSED[0x00000024])

    Exec Addr    Load Addr    Size         Type   Attr      Idx    E Section Name        Object

    0x20000000   COMPRESSED   0x00000014   Data   RW           16    .data               system_stm32f4xx.o
    0x20000014   COMPRESSED   0x00000010   Data   RW         1632    .data               stm32f4xx_rcc.o
    0x20000024   COMPRESSED   0x00000004   Data   RW         3477    .data               systick.o
    0x20000028   COMPRESSED   0x0000003c   Data   RW         3954    .data               tasks.o
    0x20000064   COMPRESSED   0x00000014   Data   RW         4256    .data               timers.o
    0x20000078   COMPRESSED   0x0000000c   Data   RW         4376    .data               port.o
    0x20000084   COMPRESSED   0x00000018   Data   RW         4451    .data               heap_4.o
    0x2000009c   COMPRESSED   0x00000008   Data   RW         4998    .data               mpu6050.o
    0x200000a4   COMPRESSED   0x00000013   Data   RW         5094    .data               optical.o
    0x200000b7   COMPRESSED   0x00000001   PAD
    0x200000b8   COMPRESSED   0x0000002e   Data   RW         5195    .data               control.o
    0x200000e6   COMPRESSED   0x00000002   PAD
    0x200000e8   COMPRESSED   0x00000019   Data   RW         5267    .data               remote.o
    0x20000101   COMPRESSED   0x00000003   PAD
    0x20000104   COMPRESSED   0x00000050   Data   RW         5339    .data               imu.o
    0x20000154   COMPRESSED   0x0000000a   Data   RW         5473    .data               flight.o
    0x2000015e   COMPRESSED   0x00000002   PAD
    0x20000160   COMPRESSED   0x00000004   Data   RW         5623    .data               mc_w.l(errno.o)
    0x20000164        -       0x00000040   Zero   RW         3729    .bss                queue.o
    0x200001a4        -       0x000000c8   Zero   RW         3953    .bss                tasks.o
    0x2000026c        -       0x00000028   Zero   RW         4255    .bss                timers.o
    0x20000294        -       0x00012c00   Zero   RW         4450    .bss                heap_4.o
    0x20012e94        -       0x0000080c   Zero   RW         4704    .bss                usart6.o
    0x200136a0        -       0x0000000c   Zero   RW         4996    .bss                mpu6050.o
    0x200136ac        -       0x00000040   Zero   RW         5093    .bss                optical.o
    0x200136ec        -       0x00000108   Zero   RW         5152    .bss                pid.o
    0x200137f4        -       0x00000042   Zero   RW         5266    .bss                remote.o
    0x20013836   COMPRESSED   0x00000002   PAD
    0x20013838        -       0x00000018   Zero   RW         5338    .bss                imu.o
    0x20013850        -       0x00000400   Zero   RW            1    STACK               startup_stm32f411xe.o


==============================================================================

Image component sizes


      Code (inc. data)   RO Data    RW Data    ZI Data      Debug   Object Name

       188         12          0          0          0       1760   adc.o
      1032        240          0         46          0       3547   control.o
         0          0          0          0          0      11864   event_groups.o
       200         14          0          0          0        865   filter.o
       286         58          0         10          0       2036   flight.o
       692         62          0         24      76800       4627   heap_4.o
       758         76          0          0          0       6051   i2c.o
      1864        140          0         80         24       3918   imu.o
       124         10          0          0          0       1125   led.o
       148          0          0          0          0       3466   list.o
        52          0          0          0          0        527   main.o
       180         24          0          0          0      19645   misc.o
      1296         56         24          8         12      10834   mpu6050.o
       806         64         10          0          0       7155   nrf24l01.o
       746         78          0         19         64       4407   optical.o
       884         72          0          0        264       2812   pid.o
       954         92          0         12          0      11749   port.o
       396          6          0          0          0       1547   pwm.o
      1872         22          0          0         64      16381   queue.o
       416         88          0         25         66       2123   remote.o
       122          0          0          0          0       2476   ringbuffer.o
       272         22          0          0          0       2282   spi.o
        36          8        408          0       1024        896   startup_stm32f411xe.o
       374         24          0          0          0      20338   stm32f4xx_adc.o
       242          0          0          0          0      10439   stm32f4xx_gpio.o
        20          0          0          0          0       3313   stm32f4xx_it.o
       360         42          0         16          0      21296   stm32f4xx_rcc.o
       112          0          0          0          0      12454   stm32f4xx_spi.o
       830         66          0          0          0      31163   stm32f4xx_tim.o
       404          8          0          0          0      11050   stm32f4xx_usart.o
       336         32          0         20          0     269209   system_stm32f4xx.o
       168          8          0          4          0      12683   systick.o
      2834        368          0         60        200      22973   tasks.o
        92          6          0          0          0        596   timer.o
      1142        118          0         20         40      17715   timers.o
       124          8          0          0          0        702   usart1.o
       240         28          0          0       2060       2435   usart6.o

    ----------------------------------------------------------------------
     20632       1852        480        352      80620     558459   Object Totals
         0          0         32          0          0          0   (incl. Generated)
        30          0          6          8          2          0   (incl. Padding)

    ----------------------------------------------------------------------

      Code (inc. data)   RO Data    RW Data    ZI Data      Debug   Library Member Name

       864         94         80          0          0        280   asin.o
       744        106        152          0          0        352   atan.o
       512         64          0          0          0        208   atan2.o
       104         16          0          0          0        496   dunder.o
        24          0          0          0          0        124   fabs.o
        48          0          0          0          0        124   fpclassify.o
       248          0          0          0          0        152   poly.o
         0          0          8          0          0          0   qnan.o
       110          0          0          0          0        148   sqrt.o
        86          0          0          0          0          0   __dczerorl2.o
         0          0          0          0          0          0   entry.o
         0          0          0          0          0          0   entry10a.o
         0          0          0          0          0          0   entry11a.o
         4          0          0          0          0          0   entry12b.o
         8          4          0          0          0          0   entry2.o
         4          0          0          0          0          0   entry5.o
         0          0          0          0          0          0   entry7b.o
         0          0          0          0          0          0   entry8b.o
         8          4          0          0          0          0   entry9a.o
        12          6          0          4          0         68   errno.o
        30          0          0          0          0          0   handlers.o
        36          8          0          0          0         68   init.o
         0          0          0          0          0          0   iusefp.o
        30          0          0          0          0         68   llshl.o
        36          0          0          0          0         68   llsshr.o
        32          0          0          0          0         68   llushr.o
        36          0          0          0          0         68   memcpya.o
        36          0          0          0          0        108   memseta.o
        48          0          0          0          0         68   cdcmple.o
        56          0          0          0          0         88   d2f.o
       334          0          0          0          0        148   dadd.o
       222          0          0          0          0        100   ddiv.o
       186          0          0          0          0        176   depilogue.o
       228          0          0          0          0         96   dmul.o
       162          0          0          0          0        100   dsqrt.o
        38          0          0          0          0         68   f2d.o
       110          0          0          0          0        168   fepilogue.o

    ----------------------------------------------------------------------
      4408        302        240          4          0       3412   Library Totals
        12          0          0          0          0          0   (incl. Padding)

    ----------------------------------------------------------------------

      Code (inc. data)   RO Data    RW Data    ZI Data      Debug   Library Name

      2654        280        240          0          0       1884   m_wm.l
       358         22          0          4          0        516   mc_w.l
      1384          0          0          0          0       1012   mf_w.l

    ----------------------------------------------------------------------
      4408        302        240          4          0       3412   Library Totals

    ----------------------------------------------------------------------

==============================================================================


      Code (inc. data)   RO Data    RW Data    ZI Data      Debug   

     25040       2154        720        356      80620     541479   Grand Totals
     25040       2154        720         36      80620     541479   ELF Image Totals (compressed)
     25040       2154        720         36          0          0   ROM Totals

==============================================================================

    Total RO  Size (Code + RO Data)                25760 (  25.16kB)
    Total RW  Size (RW Data + ZI Data)             80976 (  79.08kB)
    Total ROM Size (Code + RO Data + RW Data)      25796 (  25.19kB)

==============================================================================

