Component: ARM Compiler 5.06 update 7 (build 960) Tool: armlink [4d3601]

==============================================================================

Section Cross References

    startup_stm32f411xe.o(RESET) refers to startup_stm32f411xe.o(STACK) for __initial_sp
    startup_stm32f411xe.o(RESET) refers to startup_stm32f411xe.o(.text) for Reset_Handler
    startup_stm32f411xe.o(RESET) refers to stm32f4xx_it.o(i.NMI_Handler) for NMI_Handler
    startup_stm32f411xe.o(RESET) refers to stm32f4xx_it.o(i.HardFault_Handler) for HardFault_Handler
    startup_stm32f411xe.o(RESET) refers to stm32f4xx_it.o(i.MemManage_Handler) for MemManage_Handler
    startup_stm32f411xe.o(RESET) refers to stm32f4xx_it.o(i.BusFault_Handler) for BusFault_Handler
    startup_stm32f411xe.o(RESET) refers to stm32f4xx_it.o(i.UsageFault_Handler) for UsageFault_Handler
    startup_stm32f411xe.o(RESET) refers to port.o(.emb_text) for SVC_Handler
    startup_stm32f411xe.o(RESET) refers to stm32f4xx_it.o(i.DebugMon_Handler) for DebugMon_Handler
    startup_stm32f411xe.o(RESET) refers to systick.o(i.SysTick_Handler) for SysTick_Handler
    startup_stm32f411xe.o(RESET) refers to ctp.o(i.EXTI15_10_IRQHandler) for EXTI15_10_IRQHandler
    startup_stm32f411xe.o(.text) refers to system_stm32f4xx.o(i.SystemInit) for SystemInit
    startup_stm32f411xe.o(.text) refers to entry.o(.ARM.Collect$$$$00000000) for __main
    system_stm32f4xx.o(i.SystemCoreClockUpdate) refers to system_stm32f4xx.o(.data) for SystemCoreClock
    system_stm32f4xx.o(i.SystemInit) refers to system_stm32f4xx.o(i.SetSysClock) for SetSysClock
    stm32f4xx_adc.o(i.ADC_DeInit) refers to stm32f4xx_rcc.o(i.RCC_APB2PeriphResetCmd) for RCC_APB2PeriphResetCmd
    stm32f4xx_dma2d.o(i.DMA2D_DeInit) refers to stm32f4xx_rcc.o(i.RCC_AHB1PeriphResetCmd) for RCC_AHB1PeriphResetCmd
    stm32f4xx_flash.o(i.FLASH_EraseAllBank1Sectors) refers to stm32f4xx_flash.o(i.FLASH_WaitForLastOperation) for FLASH_WaitForLastOperation
    stm32f4xx_flash.o(i.FLASH_EraseAllBank2Sectors) refers to stm32f4xx_flash.o(i.FLASH_WaitForLastOperation) for FLASH_WaitForLastOperation
    stm32f4xx_flash.o(i.FLASH_EraseAllSectors) refers to stm32f4xx_flash.o(i.FLASH_WaitForLastOperation) for FLASH_WaitForLastOperation
    stm32f4xx_flash.o(i.FLASH_EraseSector) refers to stm32f4xx_flash.o(i.FLASH_WaitForLastOperation) for FLASH_WaitForLastOperation
    stm32f4xx_flash.o(i.FLASH_OB_Launch) refers to stm32f4xx_flash.o(i.FLASH_WaitForLastOperation) for FLASH_WaitForLastOperation
    stm32f4xx_flash.o(i.FLASH_OB_PCROP1Config) refers to stm32f4xx_flash.o(i.FLASH_WaitForLastOperation) for FLASH_WaitForLastOperation
    stm32f4xx_flash.o(i.FLASH_OB_PCROPConfig) refers to stm32f4xx_flash.o(i.FLASH_WaitForLastOperation) for FLASH_WaitForLastOperation
    stm32f4xx_flash.o(i.FLASH_OB_RDPConfig) refers to stm32f4xx_flash.o(i.FLASH_WaitForLastOperation) for FLASH_WaitForLastOperation
    stm32f4xx_flash.o(i.FLASH_OB_UserConfig) refers to stm32f4xx_flash.o(i.FLASH_WaitForLastOperation) for FLASH_WaitForLastOperation
    stm32f4xx_flash.o(i.FLASH_OB_WRP1Config) refers to stm32f4xx_flash.o(i.FLASH_WaitForLastOperation) for FLASH_WaitForLastOperation
    stm32f4xx_flash.o(i.FLASH_OB_WRPConfig) refers to stm32f4xx_flash.o(i.FLASH_WaitForLastOperation) for FLASH_WaitForLastOperation
    stm32f4xx_flash.o(i.FLASH_ProgramByte) refers to stm32f4xx_flash.o(i.FLASH_WaitForLastOperation) for FLASH_WaitForLastOperation
    stm32f4xx_flash.o(i.FLASH_ProgramDoubleWord) refers to stm32f4xx_flash.o(i.FLASH_WaitForLastOperation) for FLASH_WaitForLastOperation
    stm32f4xx_flash.o(i.FLASH_ProgramHalfWord) refers to stm32f4xx_flash.o(i.FLASH_WaitForLastOperation) for FLASH_WaitForLastOperation
    stm32f4xx_flash.o(i.FLASH_ProgramWord) refers to stm32f4xx_flash.o(i.FLASH_WaitForLastOperation) for FLASH_WaitForLastOperation
    stm32f4xx_flash.o(i.FLASH_WaitForLastOperation) refers to stm32f4xx_flash.o(i.FLASH_GetStatus) for FLASH_GetStatus
    stm32f4xx_gpio.o(i.GPIO_DeInit) refers to stm32f4xx_rcc.o(i.RCC_AHB1PeriphResetCmd) for RCC_AHB1PeriphResetCmd
    stm32f4xx_i2c.o(i.I2C_DeInit) refers to stm32f4xx_rcc.o(i.RCC_APB1PeriphResetCmd) for RCC_APB1PeriphResetCmd
    stm32f4xx_i2c.o(i.I2C_Init) refers to stm32f4xx_rcc.o(i.RCC_GetClocksFreq) for RCC_GetClocksFreq
    stm32f4xx_rcc.o(i.RCC_GetClocksFreq) refers to stm32f4xx_rcc.o(.data) for APBAHBPrescTable
    stm32f4xx_rcc.o(i.RCC_WaitForHSEStartUp) refers to stm32f4xx_rcc.o(i.RCC_GetFlagStatus) for RCC_GetFlagStatus
    stm32f4xx_rtc.o(i.RTC_CoarseCalibCmd) refers to stm32f4xx_rtc.o(i.RTC_EnterInitMode) for RTC_EnterInitMode
    stm32f4xx_rtc.o(i.RTC_CoarseCalibCmd) refers to stm32f4xx_rtc.o(i.RTC_ExitInitMode) for RTC_ExitInitMode
    stm32f4xx_rtc.o(i.RTC_CoarseCalibConfig) refers to stm32f4xx_rtc.o(i.RTC_EnterInitMode) for RTC_EnterInitMode
    stm32f4xx_rtc.o(i.RTC_CoarseCalibConfig) refers to stm32f4xx_rtc.o(i.RTC_ExitInitMode) for RTC_ExitInitMode
[...]
    ..\\Libraries\\STM32F4xx_StdPeriph_Driver\\src\\stm32f4xx_exti.c 0x00000000   Number         0  stm32f4xx_exti.o ABSOLUTE
    ..\\Libraries\\STM32F4xx_StdPeriph_Driver\\src\\stm32f4xx_flash.c 0x00000000   Number         0  stm32f4xx_flash.o ABSOLUTE
    ..\\Libraries\\STM32F4xx_StdPeriph_Driver\\src\\stm32f4xx_flash_ramfunc.c 0x00000000   Number         0  stm32f4xx_flash_ramfunc.o ABSOLUTE
    ..\\Libraries\\STM32F4xx_StdPeriph_Driver\\src\\stm32f4xx_gpio.c 0x00000000   Number         0  stm32f4xx_gpio.o ABSOLUTE
    ..\\Libraries\\STM32F4xx_StdPeriph_Driver\\src\\stm32f4xx_i2c.c 0x00000000   Number         0  stm32f4xx_i2c.o ABSOLUTE
    ..\\Libraries\\STM32F4xx_StdPeriph_Driver\\src\\stm32f4xx_rcc.c 0x00000000   Number         0  stm32f4xx_rcc.o ABSOLUTE
    ..\\Libraries\\STM32F4xx_StdPeriph_Driver\\src\\stm32f4xx_rng.c 0x00000000   Number         0  stm32f4xx_rng.o ABSOLUTE
    ..\\Libraries\\STM32F4xx_StdPeriph_Driver\\src\\stm32f4xx_rtc.c 0x00000000   Number         0  stm32f4xx_rtc.o ABSOLUTE
    ..\\Libraries\\STM32F4xx_StdPeriph_Driver\\src\\stm32f4xx_sai.c 0x00000000   Number         0  stm32f4xx_sai.o ABSOLUTE
    ..\\Libraries\\STM32F4xx_StdPeriph_Driver\\src\\stm32f4xx_sdio.c 0x00000000   Number         0  stm32f4xx_sdio.o ABSOLUTE
    ..\\Libraries\\STM32F4xx_StdPeriph_Driver\\src\\stm32f4xx_spdifrx.c 0x00000000   Number         0  stm32f4xx_spdifrx.o ABSOLUTE
    ..\\Libraries\\STM32F4xx_StdPeriph_Driver\\src\\stm32f4xx_spi.c 0x00000000   Number         0  stm32f4xx_spi.o ABSOLUTE
    ..\\Libraries\\STM32F4xx_StdPeriph_Driver\\src\\stm32f4xx_syscfg.c 0x00000000   Number         0  stm32f4xx_syscfg.o ABSOLUTE
    ..\\Libraries\\STM32F4xx_StdPeriph_Driver\\src\\stm32f4xx_tim.c 0x00000000   Number         0  stm32f4xx_tim.o ABSOLUTE
    ..\\Libraries\\STM32F4xx_StdPeriph_Driver\\src\\stm32f4xx_usart.c 0x00000000   Number         0  stm32f4xx_usart.o ABSOLUTE
    ..\\Libraries\\STM32F4xx_StdPeriph_Driver\\stm32f4xx_it.c 0x00000000   Number         0  stm32f4xx_it.o ABSOLUTE
    ..\\System\\systick.c                    0x00000000   Number         0  systick.o ABSOLUTE
    ..\\User\\main.c                         0x00000000   Number         0  main.o ABSOLUTE
    dc.s                                     0x00000000   Number         0  dc.o ABSOLUTE
    handlers.s                               0x00000000   Number         0  handlers.o ABSOLUTE
    init.s                                   0x00000000   Number         0  init.o ABSOLUTE
    RESET                                    0x08000000   Section      408  startup_stm32f411xe.o(RESET)
    .ARM.Collect$$$$00000000                 0x08000198   Section        0  entry.o(.ARM.Collect$$$$00000000)
    .ARM.Collect$$$$00000001                 0x08000198   Section        4  entry2.o(.ARM.Collect$$$$00000001)
    .ARM.Collect$$$$00000004                 0x0800019c   Section        4  entry5.o(.ARM.Collect$$$$00000004)
    .ARM.Collect$$$$00000008                 0x080001a0   Section        0  entry7b.o(.ARM.Collect$$$$00000008)
    .ARM.Collect$$$$0000000A                 0x080001a0   Section        0  entry8b.o(.ARM.Collect$$$$0000000A)
    .ARM.Collect$$$$0000000B                 0x080001a0   Section        8  entry9a.o(.ARM.Collect$$$$0000000B)
    .ARM.Collect$$$$0000000E                 0x080001a8   Section        4  entry12b.o(.ARM.Collect$$$$0000000E)
    .ARM.Collect$$$$0000000F                 0x080001ac   Section        0  entry10a.o(.ARM.Collect$$$$0000000F)
    .ARM.Collect$$$$00000011                 0x080001ac   Section        0  entry11a.o(.ARM.Collect$$$$00000011)
    .ARM.Collect$$$$00002712                 0x080001ac   Section        4  entry2.o(.ARM.Collect$$$$00002712)
    __lit__00000000                          0x080001ac   Data           4  entry2.o(.ARM.Collect$$$$00002712)
    .emb_text                                0x080001b0   Section      182  port.o(.emb_text)
    $v0                                      0x080001b0   Number         0  port.o(.emb_text)
    .text                                    0x08000268   Section       36  startup_stm32f411xe.o(.text)
    $v0                                      0x08000268   Number         0  startup_stm32f411xe.o(.text)
    .text                                    0x0800028c   Section        0  memcpya.o(.text)
    .text                                    0x080002b0   Section        0  memseta.o(.text)
    .text                                    0x080002d4   Section       36  init.o(.text)
    i.ADC_Cmd                                0x080002f8   Section        0  stm32f4xx_adc.o(i.ADC_Cmd)
    i.ADC_CommonInit                         0x08000310   Section        0  stm32f4xx_adc.o(i.ADC_CommonInit)
    i.ADC_Config                             0x08000340   Section        0  adc.o(i.ADC_Config)
    i.ADC_GetConversionValue                 0x080003b0   Section        0  stm32f4xx_adc.o(i.ADC_GetConversionValue)
    i.ADC_GetFlagStatus                      0x080003b8   Section        0  stm32f4xx_adc.o(i.ADC_GetFlagStatus)
    i.ADC_Init                               0x080003cc   Section        0  stm32f4xx_adc.o(i.ADC_Init)
    i.ADC_RegularChannelConfig               0x08000420   Section        0  stm32f4xx_adc.o(i.ADC_RegularChannelConfig)
    i.ADC_SoftwareStartConv                  0x080004d8   Section        0  stm32f4xx_adc.o(i.ADC_SoftwareStartConv)
    i.Battery_ADC_Init                       0x080004e4   Section        0  adc.o(i.Battery_ADC_Init)
    i.BusFault_Handler                       0x0800050c   Section        0  stm32f4xx_it.o(i.BusFault_Handler)
    i.DMA_ClearFlag                          0x08000510   Section        0  stm32f4xx_dma.o(i.DMA_ClearFlag)
    i.DMA_Cmd                                0x08000544   Section        0  stm32f4xx_dma.o(i.DMA_Cmd)
    i.DMA_DeInit                             0x0800055c   Section        0  stm32f4xx_dma.o(i.DMA_DeInit)
    i.DMA_GetCmdStatus                       0x080006b4   Section        0  stm32f4xx_dma.o(i.DMA_GetCmdStatus)
    i.DMA_GetFlagStatus                      0x080006c8   Section        0  stm32f4xx_dma.o(i.DMA_GetFlagStatus)
    i.DMA_Init                               0x0800070c   Section        0  stm32f4xx_dma.o(i.DMA_Init)
    i.DMA_SetCurrDataCounter                 0x08000764   Section        0  stm32f4xx_dma.o(i.DMA_SetCurrDataCounter)
    i.DebugMon_Handler                       0x08000768   Section        0  stm32f4xx_it.o(i.DebugMon_Handler)
    i.EXTI15_10_IRQHandler                   0x0800076a   Section        0  ctp.o(i.EXTI15_10_IRQHandler)
    i.EXTI_ClearITPendingBit                 0x08000788   Section        0  stm32f4xx_exti.o(i.EXTI_ClearITPendingBit)
    i.EXTI_GetITStatus                       0x08000794   Section        0  stm32f4xx_exti.o(i.EXTI_GetITStatus)
    i.EXTI_Init                              0x080007ac   Section        0  stm32f4xx_exti.o(i.EXTI_Init)
    i.FT6336_GetCoordinates                  0x08000840   Section        0  ctp.o(i.FT6336_GetCoordinates)
    i.FT6336_Init                            0x080008ec   Section        0  ctp.o(i.FT6336_Init)
    i.FT6336_RD_Reg                          0x080009c0   Section        0  ctp.o(i.FT6336_RD_Reg)
    i.GPIO_Init                              0x08000a18   Section        0  stm32f4xx_gpio.o(i.GPIO_Init)
    i.GPIO_PinAFConfig                       0x08000aa8   Section        0  stm32f4xx_gpio.o(i.GPIO_PinAFConfig)
    i.GPIO_ReadInputDataBit                  0x08000aee   Section        0  stm32f4xx_gpio.o(i.GPIO_ReadInputDataBit)
    i.GPIO_ResetBits                         0x08000b00   Section        0  stm32f4xx_gpio.o(i.GPIO_ResetBits)
    i.GPIO_SetBits                           0x08000b06   Section        0  stm32f4xx_gpio.o(i.GPIO_SetBits)
    i.Get_ADC_Average                        0x08000b0a   Section        0  adc.o(i.Get_ADC_Average)
    i.Get_ADC_Value                          0x08000b38   Section        0  adc.o(i.Get_ADC_Value)
    i.HardFault_Handler                      0x08000b68   Section        0  stm32f4xx_it.o(i.HardFault_Handler)
    i.I2C_Ack                                0x08000b6c   Section        0  i2c.o(i.I2C_Ack)
    i.I2C_Delay                              0x08000bac   Section        0  i2c.o(i.I2C_Delay)
    I2C_Delay                                0x08000bad   Thumb Code    14  i2c.o(i.I2C_Delay)
    i.I2C_GPIO_Init                          0x08000bbc   Section        0  i2c.o(i.I2C_GPIO_Init)
    i.I2C_NAck                               0x08000c20   Section        0  i2c.o(i.I2C_NAck)
    i.I2C_ReadByte                           0x08000c60   Section        0  i2c.o(i.I2C_ReadByte)
    i.I2C_SendByte                           0x08000ccc   Section        0  i2c.o(i.I2C_SendByte)
    i.I2C_Start                              0x08000d34   Section        0  i2c.o(i.I2C_Start)
    i.I2C_Stop                               0x08000d78   Section        0  i2c.o(i.I2C_Stop)
    i.I2C_WaitAck                            0x08000db8   Section        0  i2c.o(i.I2C_WaitAck)
    i.Icon1_Click                            0x08000e1c   Section        0  touch.o(i.Icon1_Click)
    i.Icon2_Click                            0x08000e24   Section        0  touch.o(i.Icon2_Click)
    i.IsPointInIcon                          0x08000e2c   Section        0  touch.o(i.IsPointInIcon)
    i.Key_Init                               0x08000e50   Section        0  key.o(i.Key_Init)
    i.LCD_Clear                              0x08000e80   Section        0  lcd.o(i.LCD_Clear)
    i.LCD_DrawPoint                          0x08000ec0   Section        0  lcd.o(i.LCD_DrawPoint)
    i.LCD_GPIO_Init                          0x08000edc   Section        0  spi.o(i.LCD_GPIO_Init)
    i.LCD_Init                               0x08000f28   Section        0  lcd.o(i.LCD_Init)
    i.LCD_SetWindows                         0x080010e0   Section        0  lcd.o(i.LCD_SetWindows)
    i.LCD_Set_Attributes                     0x08001154   Section        0  lcd.o(i.LCD_Set_Attributes)
    i.LCD_ShowChar                           0x08001198   Section        0  lcd.o(i.LCD_ShowChar)
    i.LCD_ShowChinese                        0x080012ec   Section        0  lcd.o(i.LCD_ShowChinese)
    i.LCD_ShowChinese12x12                   0x08001378   Section        0  lcd.o(i.LCD_ShowChinese12x12)
    i.LCD_ShowChinese16x16                   0x080014bc   Section        0  lcd.o(i.LCD_ShowChinese16x16)
    i.LCD_ShowChinese24x24                   0x080015f0   Section        0  lcd.o(i.LCD_ShowChinese24x24)
    i.LCD_ShowChinese32x32                   0x08001734   Section        0  lcd.o(i.LCD_ShowChinese32x32)
    i.LCD_ShowIntNum                         0x08001868   Section        0  lcd.o(i.LCD_ShowIntNum)
    i.LCD_ShowNum                            0x080018fe   Section        0  lcd.o(i.LCD_ShowNum)
    i.LCD_ShowString                         0x080019c8   Section        0  lcd.o(i.LCD_ShowString)
    i.LCD_Show_Image                         0x08001a0c   Section        0  lcd.o(i.LCD_Show_Image)
    i.LCD_WR_Cmd                             0x08001ac0   Section        0  lcd.o(i.LCD_WR_Cmd)
    i.LCD_WR_DATA_16Bit                      0x08001af0   Section        0  lcd.o(i.LCD_WR_DATA_16Bit)
    i.LCD_WR_DATA_8Bit                       0x08001b28   Section        0  lcd.o(i.LCD_WR_DATA_8Bit)
    i.MemManage_Handler                      0x08001b58   Section        0  stm32f4xx_it.o(i.MemManage_Handler)
    i.NMI_Handler                            0x08001b5c   Section        0  stm32f4xx_it.o(i.NMI_Handler)
    i.NRF24L01_Check                         0x08001b60   Section        0  nrf24l01.o(i.NRF24L01_Check)
    i.NRF24L01_Init                          0x08001bb0   Section        0  nrf24l01.o(i.NRF24L01_Init)
    i.NRF24L01_TxMode                        0x08001c44   Section        0  nrf24l01.o(i.NRF24L01_TxMode)
    i.NRF24L01_TxPacket                      0x08001ca8   Section        0  nrf24l01.o(i.NRF24L01_TxPacket)
    i.NRF_GPIO_Init                          0x08001d08   Section        0  spi.o(i.NRF_GPIO_Init)
    i.NVIC_Init                              0x08001d5c   Section        0  misc.o(i.NVIC_Init)
    i.NVIC_PriorityGroupConfig               0x08001dd4   Section        0  misc.o(i.NVIC_PriorityGroupConfig)
    i.Page_Num1                              0x08001de8   Section        0  screen.o(i.Page_Num1)
    i.Page_Num2                              0x08001e60   Section        0  screen.o(i.Page_Num2)
    i.Pow                                    0x08001ed8   Section        0  lcd.o(i.Pow)
    i.RCC_AHB1PeriphClockCmd                 0x08001ef0   Section        0  stm32f4xx_rcc.o(i.RCC_AHB1PeriphClockCmd)
    i.RCC_APB1PeriphClockCmd                 0x08001f10   Section        0  stm32f4xx_rcc.o(i.RCC_APB1PeriphClockCmd)
    i.RCC_APB2PeriphClockCmd                 0x08001f30   Section        0  stm32f4xx_rcc.o(i.RCC_APB2PeriphClockCmd)
    i.RCC_APB2PeriphResetCmd                 0x08001f50   Section        0  stm32f4xx_rcc.o(i.RCC_APB2PeriphResetCmd)
    i.RC_Task_Start                          0x08001f70   Section        0  rc.o(i.RC_Task_Start)
    i.Receive_task                           0x08001ff4   Section        0  rc.o(i.Receive_task)
    i.Remote_ADC_Init                        0x08002000   Section        0  adc.o(i.Remote_ADC_Init)
    i.Remote_Controller                      0x08002028   Section        0  rc.o(i.Remote_Controller)
    i.Remote_SendData                        0x0800203c   Section        0  remote.o(i.Remote_SendData)
    i.SDA_Input_Mode                         0x08002178   Section        0  i2c.o(i.SDA_Input_Mode)
    i.SDA_Output_Mode                        0x080021a8   Section        0  i2c.o(i.SDA_Output_Mode)
    i.SPI1_Config_Init                       0x080021dc   Section        0  spi.o(i.SPI1_Config_Init)
    i.SPI1_SetSpeed                          0x08002244   Section        0  spi.o(i.SPI1_SetSpeed)
    i.SPI1_SwapByte                          0x08002260   Section        0  spi.o(i.SPI1_SwapByte)
    i.SPI2_Config_Init                       0x08002298   Section        0  spi.o(i.SPI2_Config_Init)
    i.SPI2_DMAEnable                         0x08002300   Section        0  dma.o(i.SPI2_DMAEnable)
    i.SPI2_DMA_Init                          0x08002338   Section        0  dma.o(i.SPI2_DMA_Init)
    i.SPI_Cmd                                0x080023c8   Section        0  stm32f4xx_spi.o(i.SPI_Cmd)
    i.SPI_Delay                              0x080023e0   Section        0  spi.o(i.SPI_Delay)
    i.SPI_I2S_DMACmd                         0x080023ec   Section        0  stm32f4xx_spi.o(i.SPI_I2S_DMACmd)
    i.SPI_I2S_GetFlagStatus                  0x080023fe   Section        0  stm32f4xx_spi.o(i.SPI_I2S_GetFlagStatus)
    i.SPI_I2S_ReceiveData                    0x08002410   Section        0  stm32f4xx_spi.o(i.SPI_I2S_ReceiveData)
    i.SPI_I2S_SendData                       0x08002416   Section        0  stm32f4xx_spi.o(i.SPI_I2S_SendData)
    i.SPI_Init                               0x0800241a   Section        0  stm32f4xx_spi.o(i.SPI_Init)
    i.SPI_Read_Buf                           0x08002458   Section        0  nrf24l01.o(i.SPI_Read_Buf)
    i.SPI_Read_Reg                           0x08002498   Section        0  nrf24l01.o(i.SPI_Read_Reg)
    i.SPI_SendByte                           0x080024c4   Section        0  spi.o(i.SPI_SendByte)
    i.SPI_Write_Buf                          0x080024ec   Section        0  nrf24l01.o(i.SPI_Write_Buf)
    i.SPI_Write_Reg                          0x0800252c   Section        0  nrf24l01.o(i.SPI_Write_Reg)
    i.ST7789v_GPIOInit                       0x08002558   Section        0  lcd.o(i.ST7789v_GPIOInit)
    i.SYSCFG_EXTILineConfig                  0x080025e0   Section        0  stm32f4xx_syscfg.o(i.SYSCFG_EXTILineConfig)
    i.Screen_Init                            0x08002620   Section        0  screen.o(i.Screen_Init)
    i.Screen_Show                            0x08002634   Section        0  screen.o(i.Screen_Show)
    i.SetSysClock                            0x08002998   Section        0  system_stm32f4xx.o(i.SetSysClock)
    SetSysClock                              0x08002999   Thumb Code   216  system_stm32f4xx.o(i.SetSysClock)
    i.SysTick_CLKSourceConfig                0x08002a80   Section        0  misc.o(i.SysTick_CLKSourceConfig)
    i.SysTick_Handler                        0x08002aa8   Section        0  systick.o(i.SysTick_Handler)
    i.SysTick_Init                           0x08002ab8   Section        0  systick.o(i.SysTick_Init)
    i.SystemInit                             0x08002af0   Section        0  system_stm32f4xx.o(i.SystemInit)
    i.Touch_ISR                              0x08002b58   Section        0  touch.o(i.Touch_ISR)
    i.Touch_Init                             0x08002b72   Section        0  touch.o(i.Touch_Init)
    i.Touch_Process                          0x08002b7c   Section        0  touch.o(i.Touch_Process)
    i.UsageFault_Handler                     0x08002bb8   Section        0  stm32f4xx_it.o(i.UsageFault_Handler)
    i.__scatterload_copy                     0x08002bbc   Section       14  handlers.o(i.__scatterload_copy)
    i.__scatterload_null                     0x08002bca   Section        2  handlers.o(i.__scatterload_null)
    i.__scatterload_zeroinit                 0x08002bcc   Section       14  handlers.o(i.__scatterload_zeroinit)
    i.delay_ms                               0x08002bda   Section        0  systick.o(i.delay_ms)
    i.delay_us                               0x08002bf4   Section        0  systick.o(i.delay_us)
    i.main                                   0x08002c3c   Section        0  main.o(i.main)
    i.prvAddCurrentTaskToDelayedList         0x08002c58   Section        0  tasks.o(i.prvAddCurrentTaskToDelayedList)
    prvAddCurrentTaskToDelayedList           0x08002c59   Thumb Code   124  tasks.o(i.prvAddCurrentTaskToDelayedList)
    i.prvAddNewTaskToReadyList               0x08002cf0   Section        0  tasks.o(i.prvAddNewTaskToReadyList)
    prvAddNewTaskToReadyList                 0x08002cf1   Thumb Code   156  tasks.o(i.prvAddNewTaskToReadyList)
    i.prvCheckForValidListAndQueue           0x08002da8   Section        0  timers.o(i.prvCheckForValidListAndQueue)
    prvCheckForValidListAndQueue             0x08002da9   Thumb Code    72  timers.o(i.prvCheckForValidListAndQueue)
    i.prvCheckTasksWaitingTermination        0x08002e0c   Section        0  tasks.o(i.prvCheckTasksWaitingTermination)
    prvCheckTasksWaitingTermination          0x08002e0d   Thumb Code    86  tasks.o(i.prvCheckTasksWaitingTermination)
    i.prvCopyDataFromQueue                   0x08002e70   Section        0  queue.o(i.prvCopyDataFromQueue)
    prvCopyDataFromQueue                     0x08002e71   Thumb Code    42  queue.o(i.prvCopyDataFromQueue)
    i.prvCopyDataToQueue                     0x08002e9a   Section        0  queue.o(i.prvCopyDataToQueue)
    prvCopyDataToQueue                       0x08002e9b   Thumb Code   124  queue.o(i.prvCopyDataToQueue)
    i.prvDeleteTCB                           0x08002f16   Section        0  tasks.o(i.prvDeleteTCB)
    prvDeleteTCB                             0x08002f17   Thumb Code    18  tasks.o(i.prvDeleteTCB)
    i.prvGetNextExpireTime                   0x08002f28   Section        0  timers.o(i.prvGetNextExpireTime)
    prvGetNextExpireTime                     0x08002f29   Thumb Code    36  timers.o(i.prvGetNextExpireTime)
    i.prvHeapInit                            0x08002f50   Section        0  heap_4.o(i.prvHeapInit)
    prvHeapInit                              0x08002f51   Thumb Code    98  heap_4.o(i.prvHeapInit)
    i.prvIdleTask                            0x08002fcc   Section        0  tasks.o(i.prvIdleTask)
    prvIdleTask                              0x08002fcd   Thumb Code    32  tasks.o(i.prvIdleTask)
    i.prvInitialiseNewQueue                  0x08002ff4   Section        0  queue.o(i.prvInitialiseNewQueue)
    prvInitialiseNewQueue                    0x08002ff5   Thumb Code    42  queue.o(i.prvInitialiseNewQueue)
    i.prvInitialiseNewTask                   0x0800301e   Section        0  tasks.o(i.prvInitialiseNewTask)
    prvInitialiseNewTask                     0x0800301f   Thumb Code   180  tasks.o(i.prvInitialiseNewTask)
    i.prvInitialiseTaskLists                 0x080030d4   Section        0  tasks.o(i.prvInitialiseTaskLists)
    prvInitialiseTaskLists                   0x080030d5   Thumb Code    70  tasks.o(i.prvInitialiseTaskLists)
    i.prvInsertBlockIntoFreeList             0x0800313c   Section        0  heap_4.o(i.prvInsertBlockIntoFreeList)
    prvInsertBlockIntoFreeList               0x0800313d   Thumb Code    96  heap_4.o(i.prvInsertBlockIntoFreeList)
    i.prvInsertTimerInActiveList             0x080031a4   Section        0  timers.o(i.prvInsertTimerInActiveList)
    prvInsertTimerInActiveList               0x080031a5   Thumb Code    80  timers.o(i.prvInsertTimerInActiveList)
    i.prvIsQueueEmpty                        0x080031fc   Section        0  queue.o(i.prvIsQueueEmpty)
    prvIsQueueEmpty                          0x080031fd   Thumb Code    26  queue.o(i.prvIsQueueEmpty)
    i.prvIsQueueFull                         0x08003216   Section        0  queue.o(i.prvIsQueueFull)
    prvIsQueueFull                           0x08003217   Thumb Code    30  queue.o(i.prvIsQueueFull)
    i.prvProcessExpiredTimer                 0x08003234   Section        0  timers.o(i.prvProcessExpiredTimer)
    prvProcessExpiredTimer                   0x08003235   Thumb Code    94  timers.o(i.prvProcessExpiredTimer)
    i.prvProcessReceivedCommands             0x08003298   Section        0  timers.o(i.prvProcessReceivedCommands)
    prvProcessReceivedCommands               0x08003299   Thumb Code   242  timers.o(i.prvProcessReceivedCommands)
    i.prvProcessTimerOrBlockTask             0x08003390   Section        0  timers.o(i.prvProcessTimerOrBlockTask)
    prvProcessTimerOrBlockTask               0x08003391   Thumb Code   102  timers.o(i.prvProcessTimerOrBlockTask)
    i.prvResetNextTaskUnblockTime            0x08003404   Section        0  tasks.o(i.prvResetNextTaskUnblockTime)
    prvResetNextTaskUnblockTime              0x08003405   Thumb Code    42  tasks.o(i.prvResetNextTaskUnblockTime)
    i.prvSampleTimeNow                       0x08003438   Section        0  timers.o(i.prvSampleTimeNow)
    prvSampleTimeNow                         0x08003439   Thumb Code    40  timers.o(i.prvSampleTimeNow)
    i.prvSwitchTimerLists                    0x08003464   Section        0  timers.o(i.prvSwitchTimerLists)
    prvSwitchTimerLists                      0x08003465   Thumb Code   150  timers.o(i.prvSwitchTimerLists)
    i.prvTaskExitError                       0x08003504   Section        0  port.o(i.prvTaskExitError)
    prvTaskExitError                         0x08003505   Thumb Code    60  port.o(i.prvTaskExitError)
    i.prvTimerTask                           0x08003544   Section        0  timers.o(i.prvTimerTask)
    prvTimerTask                             0x08003545   Thumb Code    26  timers.o(i.prvTimerTask)
    i.prvUnlockQueue                         0x0800355e   Section        0  queue.o(i.prvUnlockQueue)
    prvUnlockQueue                           0x0800355f   Thumb Code   126  queue.o(i.prvUnlockQueue)
    i.pvPortMalloc                           0x080035dc   Section        0  heap_4.o(i.pvPortMalloc)
    i.pvTaskIncrementMutexHeldCount          0x08003718   Section        0  tasks.o(i.pvTaskIncrementMutexHeldCount)
    i.pxPortInitialiseStack                  0x08003738   Section        0  port.o(i.pxPortInitialiseStack)
    i.uxListRemove                           0x08003764   Section        0  list.o(i.uxListRemove)
    i.vListInitialise                        0x0800378c   Section        0  list.o(i.vListInitialise)
    i.vListInitialiseItem                    0x080037a6   Section        0  list.o(i.vListInitialiseItem)
    i.vListInsert                            0x080037ac   Section        0  list.o(i.vListInsert)
    i.vListInsertEnd                         0x080037e0   Section        0  list.o(i.vListInsertEnd)
    i.vPortEnterCritical                     0x080037f8   Section        0  port.o(i.vPortEnterCritical)
    i.vPortExitCritical                      0x0800384c   Section        0  port.o(i.vPortExitCritical)
    i.vPortFree                              0x08003888   Section        0  heap_4.o(i.vPortFree)
    i.vPortSetupTimerInterrupt               0x0800391c   Section        0  port.o(i.vPortSetupTimerInterrupt)
    i.vPortValidateInterruptPriority         0x0800393c   Section        0  port.o(i.vPortValidateInterruptPriority)
    i.vQueueAddToRegistry                    0x080039b4   Section        0  queue.o(i.vQueueAddToRegistry)
    i.vQueueWaitForMessageRestricted         0x080039e0   Section        0  queue.o(i.vQueueWaitForMessageRestricted)
    i.vTaskDelay                             0x08003a2c   Section        0  tasks.o(i.vTaskDelay)
    i.vTaskMissedYield                       0x08003a88   Section        0  tasks.o(i.vTaskMissedYield)
    i.vTaskPlaceOnEventList                  0x08003a94   Section        0  tasks.o(i.vTaskPlaceOnEventList)
    i.vTaskPlaceOnEventListRestricted        0x08003acc   Section        0  tasks.o(i.vTaskPlaceOnEventListRestricted)
    i.vTaskPriorityInherit                   0x08003b0c   Section        0  tasks.o(i.vTaskPriorityInherit)
    i.vTaskSetTimeOutState                   0x08003bbc   Section        0  tasks.o(i.vTaskSetTimeOutState)
    i.vTaskStartScheduler                    0x08003bec   Section        0  tasks.o(i.vTaskStartScheduler)
    i.vTaskSuspendAll                        0x08003c80   Section        0  tasks.o(i.vTaskSuspendAll)
    i.vTaskSwitchContext                     0x08003c90   Section        0  tasks.o(i.vTaskSwitchContext)
    i.xPortStartScheduler                    0x08003d1c   Section        0  port.o(i.xPortStartScheduler)
    i.xPortSysTickHandler                    0x08003e58   Section        0  port.o(i.xPortSysTickHandler)
    i.xQueueGenericCreate                    0x08003e8c   Section        0  queue.o(i.xQueueGenericCreate)
    i.xQueueGenericReceive                   0x08003ee4   Section        0  queue.o(i.xQueueGenericReceive)
    i.xQueueGenericReset                     0x080040a8   Section        0  queue.o(i.xQueueGenericReset)
    i.xQueueGenericSend                      0x08004140   Section        0  queue.o(i.xQueueGenericSend)
    i.xQueueGenericSendFromISR               0x080042e8   Section        0  queue.o(i.xQueueGenericSendFromISR)
    i.xTaskCheckForTimeOut                   0x080043e0   Section        0  tasks.o(i.xTaskCheckForTimeOut)
    i.xTaskCreate                            0x0800446c   Section        0  tasks.o(i.xTaskCreate)
    i.xTaskGetSchedulerState                 0x080044cc   Section        0  tasks.o(i.xTaskGetSchedulerState)
    i.xTaskGetTickCount                      0x080044ec   Section        0  tasks.o(i.xTaskGetTickCount)
    i.xTaskIncrementTick                     0x080044f8   Section        0  tasks.o(i.xTaskIncrementTick)
    i.xTaskPriorityDisinherit                0x08004640   Section        0  tasks.o(i.xTaskPriorityDisinherit)
    i.xTaskRemoveFromEventList               0x08004708   Section        0  tasks.o(i.xTaskRemoveFromEventList)
    i.xTaskResumeAll                         0x080047a0   Section        0  tasks.o(i.xTaskResumeAll)
    i.xTimerCreateTimerTask                  0x080048a4   Section        0  timers.o(i.xTimerCreateTimerTask)
    i.xTimerGenericCommand                   0x080048fc   Section        0  timers.o(i.xTimerGenericCommand)
    .constdata                               0x08004980   Section       10  nrf24l01.o(.constdata)
    .constdata                               0x0800498a   Section    15432  lcd.o(.constdata)
    .constdata                               0x080085d2   Section    184592  screen.o(.constdata)
    .data                                    0x20000000   Section       20  system_stm32f4xx.o(.data)
    .data                                    0x20000014   Section        4  systick.o(.data)
    g_fac_us                                 0x20000014   Data           4  systick.o(.data)
    .data                                    0x20000018   Section       60  tasks.o(.data)
    pxDelayedTaskList                        0x2000001c   Data           4  tasks.o(.data)
    pxOverflowDelayedTaskList                0x20000020   Data           4  tasks.o(.data)
    uxDeletedTasksWaitingCleanUp             0x20000024   Data           4  tasks.o(.data)
    uxCurrentNumberOfTasks                   0x20000028   Data           4  tasks.o(.data)
    xTickCount                               0x2000002c   Data           4  tasks.o(.data)
    uxTopReadyPriority                       0x20000030   Data           4  tasks.o(.data)
    xSchedulerRunning                        0x20000034   Data           4  tasks.o(.data)
    uxPendedTicks                            0x20000038   Data           4  tasks.o(.data)
    xYieldPending                            0x2000003c   Data           4  tasks.o(.data)
    xNumOfOverflows                          0x20000040   Data           4  tasks.o(.data)
    uxTaskNumber                             0x20000044   Data           4  tasks.o(.data)
    xNextTaskUnblockTime                     0x20000048   Data           4  tasks.o(.data)
    xIdleTaskHandle                          0x2000004c   Data           4  tasks.o(.data)
    uxSchedulerSuspended                     0x20000050   Data           4  tasks.o(.data)
    .data                                    0x20000054   Section       20  timers.o(.data)
    pxCurrentTimerList                       0x20000054   Data           4  timers.o(.data)
    pxOverflowTimerList                      0x20000058   Data           4  timers.o(.data)
    xTimerQueue                              0x2000005c   Data           4  timers.o(.data)
    xTimerTaskHandle                         0x20000060   Data           4  timers.o(.data)
    xLastTime                                0x20000064   Data           4  timers.o(.data)
    .data                                    0x20000068   Section       24  heap_4.o(.data)
    xStart                                   0x20000068   Data           8  heap_4.o(.data)
    pxEnd                                    0x20000070   Data           4  heap_4.o(.data)
    xFreeBytesRemaining                      0x20000074   Data           4  heap_4.o(.data)
    xMinimumEverFreeBytesRemaining           0x20000078   Data           4  heap_4.o(.data)
    xBlockAllocatedBit                       0x2000007c   Data           4  heap_4.o(.data)
    .data                                    0x20000080   Section       12  port.o(.data)
    uxCriticalNesting                        0x20000080   Data           4  port.o(.data)
    ucMaxSysCallPriority                     0x20000084   Data           1  port.o(.data)
    ulMaxPRIGROUPValue                       0x20000088   Data           4  port.o(.data)
    .data                                    0x2000008c   Section        6  lcd.o(.data)
    .data                                    0x20000094   Section        8  rc.o(.data)
    .data                                    0x2000009c   Section        8  screen.o(.data)
    .data                                    0x200000a4   Section       20  remote.o(.data)
    .data                                    0x200000b8   Section       24  touch.o(.data)
    .bss                                     0x200000d0   Section       64  queue.o(.bss)
    .bss                                     0x20000110   Section      200  tasks.o(.bss)
    pxReadyTasksLists                        0x20000110   Data         100  tasks.o(.bss)
    xDelayedTaskList1                        0x20000174   Data          20  tasks.o(.bss)
    xDelayedTaskList2                        0x20000188   Data          20  tasks.o(.bss)
    xPendingReadyList                        0x2000019c   Data          20  tasks.o(.bss)
    xTasksWaitingTermination                 0x200001b0   Data          20  tasks.o(.bss)
    xSuspendedTaskList                       0x200001c4   Data          20  tasks.o(.bss)
    .bss                                     0x200001d8   Section       40  timers.o(.bss)
    xActiveTimerList1                        0x200001d8   Data          20  timers.o(.bss)
    xActiveTimerList2                        0x200001ec   Data          20  timers.o(.bss)
    .bss                                     0x20000200   Section    76800  heap_4.o(.bss)
    ucHeap                                   0x20000200   Data       76800  heap_4.o(.bss)
    .bss                                     0x20012e00   Section       66  remote.o(.bss)
    STACK                                    0x20012e48   Section     1024  startup_stm32f411xe.o(STACK)

    Global Symbols

    Symbol Name                              Value     Ov Type        Size  Object(Section)

    BuildAttributes$$THM_ISAv4$E$P$D$K$B$S$7EM$VFPi3$EXTD16$VFPS$VFMA$PE$A:L22UL41UL21$X:L11$S22US41US21$IEEE1$IW$USESV6$~STKCKD$USESV7$~SHL$OSPACE$EBA8$MICROLIB$REQ8$PRES8$EABIv2 0x00000000   Number         0  anon$$obj.o ABSOLUTE
    __ARM_use_no_argv                        0x00000000   Number         0  main.o ABSOLUTE
    __arm_fini_                               - Undefined Weak Reference
    __cpp_initialize__aeabi_                  - Undefined Weak Reference
    __cxa_finalize                            - Undefined Weak Reference
    __decompress                              - Undefined Weak Reference
    _clock_init                               - Undefined Weak Reference
    _microlib_exit                            - Undefined Weak Reference
    __Vectors_Size                           0x00000198   Number         0  startup_stm32f411xe.o ABSOLUTE
    __Vectors                                0x08000000   Data           4  startup_stm32f411xe.o(RESET)
    __Vectors_End                            0x08000198   Data           0  startup_stm32f411xe.o(RESET)
    __main                                   0x08000199   Thumb Code     0  entry.o(.ARM.Collect$$$$00000000)
    _main_stk                                0x08000199   Thumb Code     0  entry2.o(.ARM.Collect$$$$00000001)
    _main_scatterload                        0x0800019d   Thumb Code     0  entry5.o(.ARM.Collect$$$$00000004)
    __main_after_scatterload                 0x080001a1   Thumb Code     0  entry5.o(.ARM.Collect$$$$00000004)
    _main_clock                              0x080001a1   Thumb Code     0  entry7b.o(.ARM.Collect$$$$00000008)
    _main_cpp_init                           0x080001a1   Thumb Code     0  entry8b.o(.ARM.Collect$$$$0000000A)
    _main_init                               0x080001a1   Thumb Code     0  entry9a.o(.ARM.Collect$$$$0000000B)
    __rt_lib_shutdown_fini                   0x080001a9   Thumb Code     0  entry12b.o(.ARM.Collect$$$$0000000E)
    __rt_final_cpp                           0x080001ad   Thumb Code     0  entry10a.o(.ARM.Collect$$$$0000000F)
    __rt_final_exit                          0x080001ad   Thumb Code     0  entry11a.o(.ARM.Collect$$$$00000011)
    SVC_Handler                              0x080001b1   Thumb Code    28  port.o(.emb_text)
    __asm___6_port_c_39a90d8d__prvStartFirstTask 0x080001d1   Thumb Code    28  port.o(.emb_text)
    __asm___6_port_c_39a90d8d__prvEnableVFP  0x080001f1   Thumb Code    16  port.o(.emb_text)
    PendSV_Handler                           0x08000205   Thumb Code    88  port.o(.emb_text)
    vPortGetIPSR                             0x08000261   Thumb Code     6  port.o(.emb_text)
    Reset_Handler                            0x08000269   Thumb Code     8  startup_stm32f411xe.o(.text)
    ADC_IRQHandler                           0x08000283   Thumb Code     0  startup_stm32f411xe.o(.text)
    DMA1_Stream0_IRQHandler                  0x08000283   Thumb Code     0  startup_stm32f411xe.o(.text)
    DMA1_Stream1_IRQHandler                  0x08000283   Thumb Code     0  startup_stm32f411xe.o(.text)
    DMA1_Stream2_IRQHandler                  0x08000283   Thumb Code     0  startup_stm32f411xe.o(.text)
    DMA1_Stream3_IRQHandler                  0x08000283   Thumb Code     0  startup_stm32f411xe.o(.text)
    DMA1_Stream4_IRQHandler                  0x08000283   Thumb Code     0  startup_stm32f411xe.o(.text)
    DMA1_Stream5_IRQHandler                  0x08000283   Thumb Code     0  startup_stm32f411xe.o(.text)
    DMA1_Stream6_IRQHandler                  0x08000283   Thumb Code     0  startup_stm32f411xe.o(.text)
    DMA1_Stream7_IRQHandler                  0x08000283   Thumb Code     0  startup_stm32f411xe.o(.text)
    DMA2_Stream0_IRQHandler                  0x08000283   Thumb Code     0  startup_stm32f411xe.o(.text)
    DMA2_Stream1_IRQHandler                  0x08000283   Thumb Code     0  startup_stm32f411xe.o(.text)
    DMA2_Stream2_IRQHandler                  0x08000283   Thumb Code     0  startup_stm32f411xe.o(.text)
    DMA2_Stream3_IRQHandler                  0x08000283   Thumb Code     0  startup_stm32f411xe.o(.text)
    DMA2_Stream4_IRQHandler                  0x08000283   Thumb Code     0  startup_stm32f411xe.o(.text)
    DMA2_Stream5_IRQHandler                  0x08000283   Thumb Code     0  startup_stm32f411xe.o(.text)
    DMA2_Stream6_IRQHandler                  0x08000283   Thumb Code     0  startup_stm32f411xe.o(.text)
    DMA2_Stream7_IRQHandler                  0x08000283   Thumb Code     0  startup_stm32f411xe.o(.text)
    EXTI0_IRQHandler                         0x08000283   Thumb Code     0  startup_stm32f411xe.o(.text)
    EXTI1_IRQHandler                         0x08000283   Thumb Code     0  startup_stm32f411xe.o(.text)
    EXTI2_IRQHandler                         0x08000283   Thumb Code     0  startup_stm32f411xe.o(.text)
    EXTI3_IRQHandler                         0x08000283   Thumb Code     0  startup_stm32f411xe.o(.text)
    EXTI4_IRQHandler                         0x08000283   Thumb Code     0  startup_stm32f411xe.o(.text)
    EXTI9_5_IRQHandler                       0x08000283   Thumb Code     0  startup_stm32f411xe.o(.text)
    FLASH_IRQHandler                         0x08000283   Thumb Code     0  startup_stm32f411xe.o(.text)
    FPU_IRQHandler                           0x08000283   Thumb Code     0  startup_stm32f411xe.o(.text)
    I2C1_ER_IRQHandler                       0x08000283   Thumb Code     0  startup_stm32f411xe.o(.text)
    I2C1_EV_IRQHandler                       0x08000283   Thumb Code     0  startup_stm32f411xe.o(.text)
    I2C2_ER_IRQHandler                       0x08000283   Thumb Code     0  startup_stm32f411xe.o(.text)
    I2C2_EV_IRQHandler                       0x08000283   Thumb Code     0  startup_stm32f411xe.o(.text)
    I2C3_ER_IRQHandler                       0x08000283   Thumb Code     0  startup_stm32f411xe.o(.text)
    I2C3_EV_IRQHandler                       0x08000283   Thumb Code     0  startup_stm32f411xe.o(.text)
    OTG_FS_IRQHandler                        0x08000283   Thumb Code     0  startup_stm32f411xe.o(.text)
    OTG_FS_WKUP_IRQHandler                   0x08000283   Thumb Code     0  startup_stm32f411xe.o(.text)
    PVD_IRQHandler                           0x08000283   Thumb Code     0  startup_stm32f411xe.o(.text)
    RCC_IRQHandler                           0x08000283   Thumb Code     0  startup_stm32f411xe.o(.text)
    RTC_Alarm_IRQHandler                     0x08000283   Thumb Code     0  startup_stm32f411xe.o(.text)
    RTC_WKUP_IRQHandler                      0x08000283   Thumb Code     0  startup_stm32f411xe.o(.text)
    SDIO_IRQHandler                          0x08000283   Thumb Code     0  startup_stm32f411xe.o(.text)
    SPI1_IRQHandler                          0x08000283   Thumb Code     0  startup_stm32f411xe.o(.text)
    SPI2_IRQHandler                          0x08000283   Thumb Code     0  startup_stm32f411xe.o(.text)
    SPI3_IRQHandler                          0x08000283   Thumb Code     0  startup_stm32f411xe.o(.text)
    SPI4_IRQHandler                          0x08000283   Thumb Code     0  startup_stm32f411xe.o(.text)
    SPI5_IRQHandler                          0x08000283   Thumb Code     0  startup_stm32f411xe.o(.text)
    TAMP_STAMP_IRQHandler                    0x08000283   Thumb Code     0  startup_stm32f411xe.o(.text)
    TIM1_BRK_TIM9_IRQHandler                 0x08000283   Thumb Code     0  startup_stm32f411xe.o(.text)
    TIM1_CC_IRQHandler                       0x08000283   Thumb Code     0  startup_stm32f411xe.o(.text)
    TIM1_TRG_COM_TIM11_IRQHandler            0x08000283   Thumb Code     0  startup_stm32f411xe.o(.text)
    TIM1_UP_TIM10_IRQHandler                 0x08000283   Thumb Code     0  startup_stm32f411xe.o(.text)
    TIM2_IRQHandler                          0x08000283   Thumb Code     0  startup_stm32f411xe.o(.text)
    TIM3_IRQHandler                          0x08000283   Thumb Code     0  startup_stm32f411xe.o(.text)
    TIM4_IRQHandler                          0x08000283   Thumb Code     0  startup_stm32f411xe.o(.text)
    TIM5_IRQHandler                          0x08000283   Thumb Code     0  startup_stm32f411xe.o(.text)
    USART1_IRQHandler                        0x08000283   Thumb Code     0  startup_stm32f411xe.o(.text)
    USART2_IRQHandler                        0x08000283   Thumb Code     0  startup_stm32f411xe.o(.text)
    USART6_IRQHandler                        0x08000283   Thumb Code     0  startup_stm32f411xe.o(.text)
    WWDG_IRQHandler                          0x08000283   Thumb Code     0  startup_stm32f411xe.o(.text)
    __aeabi_memcpy                           0x0800028d   Thumb Code    36  memcpya.o(.text)
    __aeabi_memcpy4                          0x0800028d   Thumb Code     0  memcpya.o(.text)
    __aeabi_memcpy8                          0x0800028d   Thumb Code     0  memcpya.o(.text)
    __aeabi_memset                           0x080002b1   Thumb Code    14  memseta.o(.text)
    __aeabi_memset4                          0x080002b1   Thumb Code     0  memseta.o(.text)
    __aeabi_memset8                          0x080002b1   Thumb Code     0  memseta.o(.text)
    __aeabi_memclr                           0x080002bf   Thumb Code     4  memseta.o(.text)
    __aeabi_memclr4                          0x080002bf   Thumb Code     0  memseta.o(.text)
    __aeabi_memclr8                          0x080002bf   Thumb Code     0  memseta.o(.text)
    _memset$wrapper                          0x080002c3   Thumb Code    18  memseta.o(.text)
    __scatterload                            0x080002d5   Thumb Code    28  init.o(.text)
    __scatterload_rt2                        0x080002d5   Thumb Code     0  init.o(.text)
    ADC_Cmd                                  0x080002f9   Thumb Code    22  stm32f4xx_adc.o(i.ADC_Cmd)
    ADC_CommonInit                           0x08000311   Thumb Code    34  stm32f4xx_adc.o(i.ADC_CommonInit)
    ADC_Config                               0x08000341   Thumb Code   106  adc.o(i.ADC_Config)
    ADC_GetConversionValue                   0x080003b1   Thumb Code     8  stm32f4xx_adc.o(i.ADC_GetConversionValue)
    ADC_GetFlagStatus                        0x080003b9   Thumb Code    18  stm32f4xx_adc.o(i.ADC_GetFlagStatus)
    ADC_Init                                 0x080003cd   Thumb Code    74  stm32f4xx_adc.o(i.ADC_Init)
    ADC_RegularChannelConfig                 0x08000421   Thumb Code   184  stm32f4xx_adc.o(i.ADC_RegularChannelConfig)
    ADC_SoftwareStartConv                    0x080004d9   Thumb Code    10  stm32f4xx_adc.o(i.ADC_SoftwareStartConv)
    Battery_ADC_Init                         0x080004e5   Thumb Code    36  adc.o(i.Battery_ADC_Init)
    BusFault_Handler                         0x0800050d   Thumb Code     4  stm32f4xx_it.o(i.BusFault_Handler)
    DMA_ClearFlag                            0x08000511   Thumb Code    38  stm32f4xx_dma.o(i.DMA_ClearFlag)
    DMA_Cmd                                  0x08000545   Thumb Code    22  stm32f4xx_dma.o(i.DMA_Cmd)
    DMA_DeInit                               0x0800055d   Thumb Code   324  stm32f4xx_dma.o(i.DMA_DeInit)
    DMA_GetCmdStatus                         0x080006b5   Thumb Code    20  stm32f4xx_dma.o(i.DMA_GetCmdStatus)
    DMA_GetFlagStatus                        0x080006c9   Thumb Code    54  stm32f4xx_dma.o(i.DMA_GetFlagStatus)
    DMA_Init                                 0x0800070d   Thumb Code    82  stm32f4xx_dma.o(i.DMA_Init)
    DMA_SetCurrDataCounter                   0x08000765   Thumb Code     4  stm32f4xx_dma.o(i.DMA_SetCurrDataCounter)
    DebugMon_Handler                         0x08000769   Thumb Code     2  stm32f4xx_it.o(i.DebugMon_Handler)
    EXTI15_10_IRQHandler                     0x0800076b   Thumb Code    28  ctp.o(i.EXTI15_10_IRQHandler)
    EXTI_ClearITPendingBit                   0x08000789   Thumb Code     6  stm32f4xx_exti.o(i.EXTI_ClearITPendingBit)
    EXTI_GetITStatus                         0x08000795   Thumb Code    20  stm32f4xx_exti.o(i.EXTI_GetITStatus)
    EXTI_Init                                0x080007ad   Thumb Code   142  stm32f4xx_exti.o(i.EXTI_Init)
    FT6336_GetCoordinates                    0x08000841   Thumb Code   168  ctp.o(i.FT6336_GetCoordinates)
    FT6336_Init                              0x080008ed   Thumb Code   206  ctp.o(i.FT6336_Init)
    FT6336_RD_Reg                            0x080009c1   Thumb Code    88  ctp.o(i.FT6336_RD_Reg)
    GPIO_Init                                0x08000a19   Thumb Code   144  stm32f4xx_gpio.o(i.GPIO_Init)
    GPIO_PinAFConfig                         0x08000aa9   Thumb Code    70  stm32f4xx_gpio.o(i.GPIO_PinAFConfig)
    GPIO_ReadInputDataBit                    0x08000aef   Thumb Code    18  stm32f4xx_gpio.o(i.GPIO_ReadInputDataBit)
    GPIO_ResetBits                           0x08000b01   Thumb Code     6  stm32f4xx_gpio.o(i.GPIO_ResetBits)
    GPIO_SetBits                             0x08000b07   Thumb Code     4  stm32f4xx_gpio.o(i.GPIO_SetBits)
    Get_ADC_Average                          0x08000b0b   Thumb Code    46  adc.o(i.Get_ADC_Average)
    Get_ADC_Value                            0x08000b39   Thumb Code    44  adc.o(i.Get_ADC_Value)
    HardFault_Handler                        0x08000b69   Thumb Code     4  stm32f4xx_it.o(i.HardFault_Handler)
    I2C_Ack                                  0x08000b6d   Thumb Code    56  i2c.o(i.I2C_Ack)
    I2C_GPIO_Init                            0x08000bbd   Thumb Code    92  i2c.o(i.I2C_GPIO_Init)
    I2C_NAck                                 0x08000c21   Thumb Code    56  i2c.o(i.I2C_NAck)
    I2C_ReadByte                             0x08000c61   Thumb Code   100  i2c.o(i.I2C_ReadByte)
    I2C_SendByte                             0x08000ccd   Thumb Code    96  i2c.o(i.I2C_SendByte)
    I2C_Start                                0x08000d35   Thumb Code    60  i2c.o(i.I2C_Start)
    I2C_Stop                                 0x08000d79   Thumb Code    56  i2c.o(i.I2C_Stop)
    I2C_WaitAck                              0x08000db9   Thumb Code    90  i2c.o(i.I2C_WaitAck)
    Icon1_Click                              0x08000e1d   Thumb Code     8  touch.o(i.Icon1_Click)
    Icon2_Click                              0x08000e25   Thumb Code     8  touch.o(i.Icon2_Click)
    IsPointInIcon                            0x08000e2d   Thumb Code    34  touch.o(i.IsPointInIcon)
    Key_Init                                 0x08000e51   Thumb Code    44  key.o(i.Key_Init)
    LCD_Clear                                0x08000e81   Thumb Code    58  lcd.o(i.LCD_Clear)
    LCD_DrawPoint                            0x08000ec1   Thumb Code    28  lcd.o(i.LCD_DrawPoint)
    LCD_GPIO_Init                            0x08000edd   Thumb Code    70  spi.o(i.LCD_GPIO_Init)
    LCD_Init                                 0x08000f29   Thumb Code   434  lcd.o(i.LCD_Init)
    LCD_SetWindows                           0x080010e1   Thumb Code   112  lcd.o(i.LCD_SetWindows)
    LCD_Set_Attributes                       0x08001155   Thumb Code    62  lcd.o(i.LCD_Set_Attributes)
    LCD_ShowChar                             0x08001199   Thumb Code   324  lcd.o(i.LCD_ShowChar)
    LCD_ShowChinese                          0x080012ed   Thumb Code   140  lcd.o(i.LCD_ShowChinese)
    LCD_ShowChinese12x12                     0x08001379   Thumb Code   318  lcd.o(i.LCD_ShowChinese12x12)
    LCD_ShowChinese16x16                     0x080014bd   Thumb Code   302  lcd.o(i.LCD_ShowChinese16x16)
    LCD_ShowChinese24x24                     0x080015f1   Thumb Code   318  lcd.o(i.LCD_ShowChinese24x24)
    LCD_ShowChinese32x32                     0x08001735   Thumb Code   302  lcd.o(i.LCD_ShowChinese32x32)
    LCD_ShowIntNum                           0x08001869   Thumb Code   150  lcd.o(i.LCD_ShowIntNum)
    LCD_ShowNum                              0x080018ff   Thumb Code   202  lcd.o(i.LCD_ShowNum)
    LCD_ShowString                           0x080019c9   Thumb Code    66  lcd.o(i.LCD_ShowString)
    LCD_Show_Image                           0x08001a0d   Thumb Code   162  lcd.o(i.LCD_Show_Image)
    LCD_WR_Cmd                               0x08001ac1   Thumb Code    40  lcd.o(i.LCD_WR_Cmd)
    LCD_WR_DATA_16Bit                        0x08001af1   Thumb Code    46  lcd.o(i.LCD_WR_DATA_16Bit)
    LCD_WR_DATA_8Bit                         0x08001b29   Thumb Code    40  lcd.o(i.LCD_WR_DATA_8Bit)
    MemManage_Handler                        0x08001b59   Thumb Code     4  stm32f4xx_it.o(i.MemManage_Handler)
    NMI_Handler                              0x08001b5d   Thumb Code     2  stm32f4xx_it.o(i.NMI_Handler)
    NRF24L01_Check                           0x08001b61   Thumb Code    72  nrf24l01.o(i.NRF24L01_Check)
    NRF24L01_Init                            0x08001bb1   Thumb Code   140  nrf24l01.o(i.NRF24L01_Init)
    NRF24L01_TxMode                          0x08001c45   Thumb Code    88  nrf24l01.o(i.NRF24L01_TxMode)
    NRF24L01_TxPacket                        0x08001ca9   Thumb Code    92  nrf24l01.o(i.NRF24L01_TxPacket)
    NRF_GPIO_Init                            0x08001d09   Thumb Code    78  spi.o(i.NRF_GPIO_Init)
    NVIC_Init                                0x08001d5d   Thumb Code   106  misc.o(i.NVIC_Init)
    NVIC_PriorityGroupConfig                 0x08001dd5   Thumb Code    10  misc.o(i.NVIC_PriorityGroupConfig)
    Page_Num1                                0x08001de9   Thumb Code    92  screen.o(i.Page_Num1)
    Page_Num2                                0x08001e61   Thumb Code    90  screen.o(i.Page_Num2)
    Pow                                      0x08001ed9   Thumb Code    22  lcd.o(i.Pow)
    RCC_AHB1PeriphClockCmd                   0x08001ef1   Thumb Code    26  stm32f4xx_rcc.o(i.RCC_AHB1PeriphClockCmd)
    RCC_APB1PeriphClockCmd                   0x08001f11   Thumb Code    26  stm32f4xx_rcc.o(i.RCC_APB1PeriphClockCmd)
    RCC_APB2PeriphClockCmd                   0x08001f31   Thumb Code    26  stm32f4xx_rcc.o(i.RCC_APB2PeriphClockCmd)
    RCC_APB2PeriphResetCmd                   0x08001f51   Thumb Code    26  stm32f4xx_rcc.o(i.RCC_APB2PeriphResetCmd)
    RC_Task_Start                            0x08001f71   Thumb Code    78  rc.o(i.RC_Task_Start)
    Receive_task                             0x08001ff5   Thumb Code    10  rc.o(i.Receive_task)
    Remote_ADC_Init                          0x08002001   Thumb Code    36  adc.o(i.Remote_ADC_Init)
    Remote_Controller                        0x08002029   Thumb Code    18  rc.o(i.Remote_Controller)
    Remote_SendData                          0x0800203d   Thumb Code   262  remote.o(i.Remote_SendData)
    SDA_Input_Mode                           0x08002179   Thumb Code    42  i2c.o(i.SDA_Input_Mode)
    SDA_Output_Mode                          0x080021a9   Thumb Code    46  i2c.o(i.SDA_Output_Mode)
    SPI1_Config_Init                         0x080021dd   Thumb Code    98  spi.o(i.SPI1_Config_Init)
    SPI1_SetSpeed                            0x08002245   Thumb Code    24  spi.o(i.SPI1_SetSpeed)
    SPI1_SwapByte                            0x08002261   Thumb Code    50  spi.o(i.SPI1_SwapByte)
    SPI2_Config_Init                         0x08002299   Thumb Code   100  spi.o(i.SPI2_Config_Init)
    SPI2_DMAEnable                           0x08002301   Thumb Code    48  dma.o(i.SPI2_DMAEnable)
    SPI2_DMA_Init                            0x08002339   Thumb Code   136  dma.o(i.SPI2_DMA_Init)
    SPI_Cmd                                  0x080023c9   Thumb Code    24  stm32f4xx_spi.o(i.SPI_Cmd)
    SPI_Delay                                0x080023e1   Thumb Code    12  spi.o(i.SPI_Delay)
    SPI_I2S_DMACmd                           0x080023ed   Thumb Code    18  stm32f4xx_spi.o(i.SPI_I2S_DMACmd)
    SPI_I2S_GetFlagStatus                    0x080023ff   Thumb Code    18  stm32f4xx_spi.o(i.SPI_I2S_GetFlagStatus)
    SPI_I2S_ReceiveData                      0x08002411   Thumb Code     6  stm32f4xx_spi.o(i.SPI_I2S_ReceiveData)
    SPI_I2S_SendData                         0x08002417   Thumb Code     4  stm32f4xx_spi.o(i.SPI_I2S_SendData)
    SPI_Init                                 0x0800241b   Thumb Code    60  stm32f4xx_spi.o(i.SPI_Init)
    SPI_Read_Buf                             0x08002459   Thumb Code    60  nrf24l01.o(i.SPI_Read_Buf)
    SPI_Read_Reg                             0x08002499   Thumb Code    38  nrf24l01.o(i.SPI_Read_Reg)
    SPI_SendByte                             0x080024c5   Thumb Code    34  spi.o(i.SPI_SendByte)
    SPI_Write_Buf                            0x080024ed   Thumb Code    60  nrf24l01.o(i.SPI_Write_Buf)
    SPI_Write_Reg                            0x0800252d   Thumb Code    40  nrf24l01.o(i.SPI_Write_Reg)
    ST7789v_GPIOInit                         0x08002559   Thumb Code   122  lcd.o(i.ST7789v_GPIOInit)
    SYSCFG_EXTILineConfig                    0x080025e1   Thumb Code    60  stm32f4xx_syscfg.o(i.SYSCFG_EXTILineConfig)
    Screen_Init                              0x08002621   Thumb Code    20  screen.o(i.Screen_Init)
    Screen_Show                              0x08002635   Thumb Code   720  screen.o(i.Screen_Show)
    SysTick_CLKSourceConfig                  0x08002a81   Thumb Code    40  misc.o(i.SysTick_CLKSourceConfig)
    SysTick_Handler                          0x08002aa9   Thumb Code    16  systick.o(i.SysTick_Handler)
    SysTick_Init                             0x08002ab9   Thumb Code    52  systick.o(i.SysTick_Init)
    SystemInit                               0x08002af1   Thumb Code    88  system_stm32f4xx.o(i.SystemInit)
    Touch_ISR                                0x08002b59   Thumb Code    26  touch.o(i.Touch_ISR)
    Touch_Init                               0x08002b73   Thumb Code     8  touch.o(i.Touch_Init)
    Touch_Process                            0x08002b7d   Thumb Code    56  touch.o(i.Touch_Process)
    UsageFault_Handler                       0x08002bb9   Thumb Code     4  stm32f4xx_it.o(i.UsageFault_Handler)
    __scatterload_copy                       0x08002bbd   Thumb Code    14  handlers.o(i.__scatterload_copy)
    __scatterload_null                       0x08002bcb   Thumb Code     2  handlers.o(i.__scatterload_null)
    __scatterload_zeroinit                   0x08002bcd   Thumb Code    14  handlers.o(i.__scatterload_zeroinit)
    delay_ms                                 0x08002bdb   Thumb Code    24  systick.o(i.delay_ms)
    delay_us                                 0x08002bf5   Thumb Code    68  systick.o(i.delay_us)
    main                                     0x08002c3d   Thumb Code    28  main.o(i.main)
    pvPortMalloc                             0x080035dd   Thumb Code   296  heap_4.o(i.pvPortMalloc)
    pvTaskIncrementMutexHeldCount            0x08003719   Thumb Code    26  tasks.o(i.pvTaskIncrementMutexHeldCount)
    pxPortInitialiseStack                    0x08003739   Thumb Code    38  port.o(i.pxPortInitialiseStack)
    uxListRemove                             0x08003765   Thumb Code    40  list.o(i.uxListRemove)
    vListInitialise                          0x0800378d   Thumb Code    26  list.o(i.vListInitialise)
    vListInitialiseItem                      0x080037a7   Thumb Code     6  list.o(i.vListInitialiseItem)
    vListInsert                              0x080037ad   Thumb Code    52  list.o(i.vListInsert)
    vListInsertEnd                           0x080037e1   Thumb Code    24  list.o(i.vListInsertEnd)
    vPortEnterCritical                       0x080037f9   Thumb Code    76  port.o(i.vPortEnterCritical)
    vPortExitCritical                        0x0800384d   Thumb Code    56  port.o(i.vPortExitCritical)
    vPortFree                                0x08003889   Thumb Code   140  heap_4.o(i.vPortFree)
    vPortSetupTimerInterrupt                 0x0800391d   Thumb Code    26  port.o(i.vPortSetupTimerInterrupt)
    vPortValidateInterruptPriority           0x0800393d   Thumb Code   106  port.o(i.vPortValidateInterruptPriority)
    vQueueAddToRegistry                      0x080039b5   Thumb Code    38  queue.o(i.vQueueAddToRegistry)
    vQueueWaitForMessageRestricted           0x080039e1   Thumb Code    74  queue.o(i.vQueueWaitForMessageRestricted)
    vTaskDelay                               0x08003a2d   Thumb Code    82  tasks.o(i.vTaskDelay)
    vTaskMissedYield                         0x08003a89   Thumb Code     8  tasks.o(i.vTaskMissedYield)
    vTaskPlaceOnEventList                    0x08003a95   Thumb Code    52  tasks.o(i.vTaskPlaceOnEventList)
    vTaskPlaceOnEventListRestricted          0x08003acd   Thumb Code    60  tasks.o(i.vTaskPlaceOnEventListRestricted)
    vTaskPriorityInherit                     0x08003b0d   Thumb Code   164  tasks.o(i.vTaskPriorityInherit)
    vTaskSetTimeOutState                     0x08003bbd   Thumb Code    38  tasks.o(i.vTaskSetTimeOutState)
    vTaskStartScheduler                      0x08003bed   Thumb Code   118  tasks.o(i.vTaskStartScheduler)
    vTaskSuspendAll                          0x08003c81   Thumb Code    12  tasks.o(i.vTaskSuspendAll)
    vTaskSwitchContext                       0x08003c91   Thumb Code   118  tasks.o(i.vTaskSwitchContext)
    xPortStartScheduler                      0x08003d1d   Thumb Code   288  port.o(i.xPortStartScheduler)
    xPortSysTickHandler                      0x08003e59   Thumb Code    46  port.o(i.xPortSysTickHandler)
    xQueueGenericCreate                      0x08003e8d   Thumb Code    88  queue.o(i.xQueueGenericCreate)
    xQueueGenericReceive                     0x08003ee5   Thumb Code   446  queue.o(i.xQueueGenericReceive)
    xQueueGenericReset                       0x080040a9   Thumb Code   146  queue.o(i.xQueueGenericReset)
    xQueueGenericSend                        0x08004141   Thumb Code   420  queue.o(i.xQueueGenericSend)
    xQueueGenericSendFromISR                 0x080042e9   Thumb Code   248  queue.o(i.xQueueGenericSendFromISR)
    xTaskCheckForTimeOut                     0x080043e1   Thumb Code   132  tasks.o(i.xTaskCheckForTimeOut)
    xTaskCreate                              0x0800446d   Thumb Code    96  tasks.o(i.xTaskCreate)
    xTaskGetSchedulerState                   0x080044cd   Thumb Code    24  tasks.o(i.xTaskGetSchedulerState)
    xTaskGetTickCount                        0x080044ed   Thumb Code     6  tasks.o(i.xTaskGetTickCount)
    xTaskIncrementTick                       0x080044f9   Thumb Code   282  tasks.o(i.xTaskIncrementTick)
    xTaskPriorityDisinherit                  0x08004641   Thumb Code   188  tasks.o(i.xTaskPriorityDisinherit)
    xTaskRemoveFromEventList                 0x08004709   Thumb Code   128  tasks.o(i.xTaskRemoveFromEventList)
    xTaskResumeAll                           0x080047a1   Thumb Code   224  tasks.o(i.xTaskResumeAll)
    xTimerCreateTimerTask                    0x080048a5   Thumb Code    66  timers.o(i.xTimerCreateTimerTask)
    xTimerGenericCommand                     0x080048fd   Thumb Code   126  timers.o(i.xTimerGenericCommand)
    TX_ADDRESS                               0x08004980   Data           5  nrf24l01.o(.constdata)
    RX_ADDRESS                               0x08004985   Data           5  nrf24l01.o(.constdata)
    ascii_1206                               0x0800498a   Data        1140  lcd.o(.constdata)
    ascii_1608                               0x08004dfe   Data        1520  lcd.o(.constdata)
    ascii_2412                               0x080053ee   Data        4560  lcd.o(.constdata)
    ascii_3216                               0x080065be   Data        6080  lcd.o(.constdata)
    tfont12                                  0x08007d7e   Data           0  lcd.o(.constdata)
    tfont16                                  0x08007d7f   Data           0  lcd.o(.constdata)
    tfont24                                  0x08007d80   Data        1480  lcd.o(.constdata)
    tfont32                                  0x08008348   Data         650  lcd.o(.constdata)
    gImage_image                             0x080085d2   Data       153600  screen.o(.constdata)
    wurenji_image                            0x0802ddd2   Data        8192  screen.o(.constdata)
    dianliang_image                          0x0802fdd2   Data        4608  screen.o(.constdata)
    yaokong_image                            0x08030fd2   Data        8192  screen.o(.constdata)
    zuo_image                                0x08032fd2   Data        5000  screen.o(.constdata)
    you_image                                0x0803435a   Data        5000  screen.o(.constdata)
    Region$$Table$$Base                      0x080356e4   Number         0  anon$$obj.o(Region$$Table)
    Region$$Table$$Limit                     0x08035704   Number         0  anon$$obj.o(Region$$Table)
    SystemCoreClock                          0x20000000   Data           4  system_stm32f4xx.o(.data)
    AHBPrescTable                            0x20000004   Data          16  system_stm32f4xx.o(.data)
    pxCurrentTCB                             0x20000018   Data           4  tasks.o(.data)
    lcd                                      0x2000008c   Data           6  lcd.o(.data)
    ControllerTask_Handler                   0x20000094   Data           4  rc.o(.data)
    RecviceTask_Handler                      0x20000098   Data           4  rc.o(.data)
    Page_Flag                                0x2000009c   Data           1  screen.o(.data)
    show_Pitch                               0x2000009e   Data           2  screen.o(.data)
    show_Roll                                0x200000a0   Data           2  screen.o(.data)
    show_Yaw                                 0x200000a2   Data           2  screen.o(.data)
    nrf_rx                                   0x200000a4   Data           1  remote.o(.data)
    ADC_Speed                                0x200000a6   Data           2  remote.o(.data)
    ADC_Pitch                                0x200000a8   Data           2  remote.o(.data)
    ADC_Roll                                 0x200000aa   Data           2  remote.o(.data)
    ADC_Yaw                                  0x200000ac   Data           2  remote.o(.data)
    Speed                                    0x200000ae   Data           2  remote.o(.data)
    Pitch                                    0x200000b0   Data           1  remote.o(.data)
    Roll                                     0x200000b1   Data           1  remote.o(.data)
    Yaw                                      0x200000b2   Data           1  remote.o(.data)
    Mode                                     0x200000b3   Data           1  remote.o(.data)
    battery_level                            0x200000b4   Data           1  remote.o(.data)
    f_Pitch                                  0x200000b5   Data           1  remote.o(.data)
    f_Roll                                   0x200000b6   Data           1  remote.o(.data)
    f_Yaw                                    0x200000b7   Data           1  remote.o(.data)
    icons                                    0x200000b8   Data          24  touch.o(.data)
    xQueueRegistry                           0x200000d0   Data          64  queue.o(.bss)
    nrf_Send_buf                             0x20012e00   Data          33  remote.o(.bss)
    nrf_Recev_buf                            0x20012e21   Data          33  remote.o(.bss)
    __initial_sp                             0x20013248   Data           0  startup_stm32f411xe.o(STACK)



==============================================================================

Memory Map of the image

  Image Entry point : 0x08000199

  Load Region LR_IROM1 (Base: 0x08000000, Size: 0x000357d4, Max: 0x00080000, ABSOLUTE)

    Execution Region ER_IROM1 (Exec base: 0x08000000, Load base: 0x08000000, Size: 0x00035704, Max: 0x00080000, ABSOLUTE)

    Exec Addr    Load Addr    Size         Type   Attr      Idx    E Section Name        Object

    0x08000000   0x08000000   0x00000198   Data   RO            3    RESET               startup_stm32f411xe.o
    0x08000198   0x08000198   0x00000000   Code   RO         5511  * .ARM.Collect$$$$00000000  mc_w.l(entry.o)
    0x08000198   0x08000198   0x00000004   Code   RO         5520    .ARM.Collect$$$$00000001  mc_w.l(entry2.o)
    0x0800019c   0x0800019c   0x00000004   Code   RO         5523    .ARM.Collect$$$$00000004  mc_w.l(entry5.o)
    0x080001a0   0x080001a0   0x00000000   Code   RO         5525    .ARM.Collect$$$$00000008  mc_w.l(entry7b.o)
    0x080001a0   0x080001a0   0x00000000   Code   RO         5527    .ARM.Collect$$$$0000000A  mc_w.l(entry8b.o)
    0x080001a0   0x080001a0   0x00000008   Code   RO         5528    .ARM.Collect$$$$0000000B  mc_w.l(entry9a.o)
    0x080001a8   0x080001a8   0x00000004   Code   RO         5535    .ARM.Collect$$$$0000000E  mc_w.l(entry12b.o)
    0x080001ac   0x080001ac   0x00000000   Code   RO         5530    .ARM.Collect$$$$0000000F  mc_w.l(entry10a.o)
    0x080001ac   0x080001ac   0x00000000   Code   RO         5532    .ARM.Collect$$$$00000011  mc_w.l(entry11a.o)
    0x080001ac   0x080001ac   0x00000004   Code   RO         5521    .ARM.Collect$$$$00002712  mc_w.l(entry2.o)
    0x080001b0   0x080001b0   0x000000b6   Code   RO         4490    .emb_text           port.o
    0x08000266   0x08000266   0x00000002   PAD
    0x08000268   0x08000268   0x00000024   Code   RO            4    .text               startup_stm32f411xe.o
    0x0800028c   0x0800028c   0x00000024   Code   RO         5514    .text               mc_w.l(memcpya.o)
    0x080002b0   0x080002b0   0x00000024   Code   RO         5516    .text               mc_w.l(memseta.o)
    0x080002d4   0x080002d4   0x00000024   Code   RO         5536    .text               mc_w.l(init.o)
    0x080002f8   0x080002f8   0x00000016   Code   RO          255    i.ADC_Cmd           stm32f4xx_adc.o
    0x0800030e   0x0800030e   0x00000002   PAD
    0x08000310   0x08000310   0x00000030   Code   RO          256    i.ADC_CommonInit    stm32f4xx_adc.o
    0x08000340   0x08000340   0x00000070   Code   RO         4570    i.ADC_Config        adc.o
    0x080003b0   0x080003b0   0x00000008   Code   RO          267    i.ADC_GetConversionValue  stm32f4xx_adc.o
    0x080003b8   0x080003b8   0x00000012   Code   RO          268    i.ADC_GetFlagStatus  stm32f4xx_adc.o
    0x080003ca   0x080003ca   0x00000002   PAD
    0x080003cc   0x080003cc   0x00000054   Code   RO          275    i.ADC_Init          stm32f4xx_adc.o
    0x08000420   0x08000420   0x000000b8   Code   RO          280    i.ADC_RegularChannelConfig  stm32f4xx_adc.o
    0x080004d8   0x080004d8   0x0000000a   Code   RO          282    i.ADC_SoftwareStartConv  stm32f4xx_adc.o
    0x080004e2   0x080004e2   0x00000002   PAD
    0x080004e4   0x080004e4   0x00000028   Code   RO         4571    i.Battery_ADC_Init  adc.o
    0x0800050c   0x0800050c   0x00000004   Code   RO         5457    i.BusFault_Handler  stm32f4xx_it.o
    0x08000510   0x08000510   0x00000034   Code   RO          501    i.DMA_ClearFlag     stm32f4xx_dma.o
    0x08000544   0x08000544   0x00000016   Code   RO          503    i.DMA_Cmd           stm32f4xx_dma.o
    0x0800055a   0x0800055a   0x00000002   PAD
    0x0800055c   0x0800055c   0x00000158   Code   RO          504    i.DMA_DeInit        stm32f4xx_dma.o
    0x080006b4   0x080006b4   0x00000014   Code   RO          508    i.DMA_GetCmdStatus  stm32f4xx_dma.o
    0x080006c8   0x080006c8   0x00000044   Code   RO          512    i.DMA_GetFlagStatus  stm32f4xx_dma.o
    0x0800070c   0x0800070c   0x00000058   Code   RO          515    i.DMA_Init          stm32f4xx_dma.o
    0x08000764   0x08000764   0x00000004   Code   RO          518    i.DMA_SetCurrDataCounter  stm32f4xx_dma.o
    0x08000768   0x08000768   0x00000002   Code   RO         5458    i.DebugMon_Handler  stm32f4xx_it.o
    0x0800076a   0x0800076a   0x0000001c   Code   RO         5156    i.EXTI15_10_IRQHandler  ctp.o
    0x08000786   0x08000786   0x00000002   PAD
    0x08000788   0x08000788   0x0000000c   Code   RO          772    i.EXTI_ClearITPendingBit  stm32f4xx_exti.o
    0x08000794   0x08000794   0x00000018   Code   RO          776    i.EXTI_GetITStatus  stm32f4xx_exti.o
    0x080007ac   0x080007ac   0x00000094   Code   RO          777    i.EXTI_Init         stm32f4xx_exti.o
    0x08000840   0x08000840   0x000000ac   Code   RO         5157    i.FT6336_GetCoordinates  ctp.o
    0x080008ec   0x080008ec   0x000000d4   Code   RO         5158    i.FT6336_Init       ctp.o
    0x080009c0   0x080009c0   0x00000058   Code   RO         5159    i.FT6336_RD_Reg     ctp.o
    0x08000a18   0x08000a18   0x00000090   Code   RO         1132    i.GPIO_Init         stm32f4xx_gpio.o
    0x08000aa8   0x08000aa8   0x00000046   Code   RO         1133    i.GPIO_PinAFConfig  stm32f4xx_gpio.o
    0x08000aee   0x08000aee   0x00000012   Code   RO         1136    i.GPIO_ReadInputDataBit  stm32f4xx_gpio.o
    0x08000b00   0x08000b00   0x00000006   Code   RO         1139    i.GPIO_ResetBits    stm32f4xx_gpio.o
    0x08000b06   0x08000b06   0x00000004   Code   RO         1140    i.GPIO_SetBits      stm32f4xx_gpio.o
    0x08000b0a   0x08000b0a   0x0000002e   Code   RO         4572    i.Get_ADC_Average   adc.o
    0x08000b38   0x08000b38   0x00000030   Code   RO         4573    i.Get_ADC_Value     adc.o
    0x08000b68   0x08000b68   0x00000004   Code   RO         5459    i.HardFault_Handler  stm32f4xx_it.o
    0x08000b6c   0x08000b6c   0x00000040   Code   RO         4723    i.I2C_Ack           i2c.o
    0x08000bac   0x08000bac   0x0000000e   Code   RO         4724    i.I2C_Delay         i2c.o
    0x08000bba   0x08000bba   0x00000002   PAD
    0x08000bbc   0x08000bbc   0x00000064   Code   RO         4725    i.I2C_GPIO_Init     i2c.o
    0x08000c20   0x08000c20   0x00000040   Code   RO         4726    i.I2C_NAck          i2c.o
    0x08000c60   0x08000c60   0x0000006c   Code   RO         4727    i.I2C_ReadByte      i2c.o
    0x08000ccc   0x08000ccc   0x00000068   Code   RO         4728    i.I2C_SendByte      i2c.o
    0x08000d34   0x08000d34   0x00000044   Code   RO         4729    i.I2C_Start         i2c.o
    0x08000d78   0x08000d78   0x00000040   Code   RO         4730    i.I2C_Stop          i2c.o
    0x08000db8   0x08000db8   0x00000064   Code   RO         4731    i.I2C_WaitAck       i2c.o
    0x08000e1c   0x08000e1c   0x00000008   Code   RO         5376    i.Icon1_Click       touch.o
    0x08000e24   0x08000e24   0x00000008   Code   RO         5377    i.Icon2_Click       touch.o
    0x08000e2c   0x08000e2c   0x00000022   Code   RO         5378    i.IsPointInIcon     touch.o
    0x08000e4e   0x08000e4e   0x00000002   PAD
    0x08000e50   0x08000e50   0x00000030   Code   RO         5214    i.Key_Init          key.o
    0x08000e80   0x08000e80   0x00000040   Code   RO         4996    i.LCD_Clear         lcd.o
    0x08000ec0   0x08000ec0   0x0000001c   Code   RO         4997    i.LCD_DrawPoint     lcd.o
    0x08000edc   0x08000edc   0x0000004c   Code   RO         4621    i.LCD_GPIO_Init     spi.o
    0x08000f28   0x08000f28   0x000001b8   Code   RO         4998    i.LCD_Init          lcd.o
    0x080010e0   0x080010e0   0x00000074   Code   RO         4999    i.LCD_SetWindows    lcd.o
    0x08001154   0x08001154   0x00000044   Code   RO         5000    i.LCD_Set_Attributes  lcd.o
    0x08001198   0x08001198   0x00000154   Code   RO         5001    i.LCD_ShowChar      lcd.o
    0x080012ec   0x080012ec   0x0000008c   Code   RO         5002    i.LCD_ShowChinese   lcd.o
    0x08001378   0x08001378   0x00000144   Code   RO         5003    i.LCD_ShowChinese12x12  lcd.o
    0x080014bc   0x080014bc   0x00000134   Code   RO         5004    i.LCD_ShowChinese16x16  lcd.o
    0x080015f0   0x080015f0   0x00000144   Code   RO         5005    i.LCD_ShowChinese24x24  lcd.o
    0x08001734   0x08001734   0x00000134   Code   RO         5006    i.LCD_ShowChinese32x32  lcd.o
    0x08001868   0x08001868   0x00000096   Code   RO         5008    i.LCD_ShowIntNum    lcd.o
    0x080018fe   0x080018fe   0x000000ca   Code   RO         5009    i.LCD_ShowNum       lcd.o
    0x080019c8   0x080019c8   0x00000042   Code   RO         5010    i.LCD_ShowString    lcd.o
    0x08001a0a   0x08001a0a   0x00000002   PAD
    0x08001a0c   0x08001a0c   0x000000b4   Code   RO         5011    i.LCD_Show_Image    lcd.o
    0x08001ac0   0x08001ac0   0x00000030   Code   RO         5012    i.LCD_WR_Cmd        lcd.o
    0x08001af0   0x08001af0   0x00000038   Code   RO         5013    i.LCD_WR_DATA_16Bit  lcd.o
    0x08001b28   0x08001b28   0x00000030   Code   RO         5014    i.LCD_WR_DATA_8Bit  lcd.o
    0x08001b58   0x08001b58   0x00000004   Code   RO         5460    i.MemManage_Handler  stm32f4xx_it.o
    0x08001b5c   0x08001b5c   0x00000002   Code   RO         5461    i.NMI_Handler       stm32f4xx_it.o
    0x08001b5e   0x08001b5e   0x00000002   PAD
    0x08001b60   0x08001b60   0x00000050   Code   RO         4912    i.NRF24L01_Check    nrf24l01.o
    0x08001bb0   0x08001bb0   0x00000094   Code   RO         4913    i.NRF24L01_Init     nrf24l01.o
    0x08001c44   0x08001c44   0x00000064   Code   RO         4916    i.NRF24L01_TxMode   nrf24l01.o
    0x08001ca8   0x08001ca8   0x00000060   Code   RO         4917    i.NRF24L01_TxPacket  nrf24l01.o
    0x08001d08   0x08001d08   0x00000054   Code   RO         4622    i.NRF_GPIO_Init     spi.o
    0x08001d5c   0x08001d5c   0x00000078   Code   RO          137    i.NVIC_Init         misc.o
    0x08001dd4   0x08001dd4   0x00000014   Code   RO          138    i.NVIC_PriorityGroupConfig  misc.o
    0x08001de8   0x08001de8   0x00000078   Code   RO         5290    i.Page_Num1         screen.o
    0x08001e60   0x08001e60   0x00000078   Code   RO         5291    i.Page_Num2         screen.o
    0x08001ed8   0x08001ed8   0x00000016   Code   RO         5016    i.Pow               lcd.o
    0x08001eee   0x08001eee   0x00000002   PAD
    0x08001ef0   0x08001ef0   0x00000020   Code   RO         1467    i.RCC_AHB1PeriphClockCmd  stm32f4xx_rcc.o
    0x08001f10   0x08001f10   0x00000020   Code   RO         1473    i.RCC_APB1PeriphClockCmd  stm32f4xx_rcc.o
    0x08001f30   0x08001f30   0x00000020   Code   RO         1476    i.RCC_APB2PeriphClockCmd  stm32f4xx_rcc.o
    0x08001f50   0x08001f50   0x00000020   Code   RO         1478    i.RCC_APB2PeriphResetCmd  stm32f4xx_rcc.o
    0x08001f70   0x08001f70   0x00000084   Code   RO         5241    i.RC_Task_Start     rc.o
    0x08001ff4   0x08001ff4   0x0000000a   Code   RO         5242    i.Receive_task      rc.o
    0x08001ffe   0x08001ffe   0x00000002   PAD
    0x08002000   0x08002000   0x00000028   Code   RO         4574    i.Remote_ADC_Init   adc.o
    0x08002028   0x08002028   0x00000012   Code   RO         5243    i.Remote_Controller  rc.o
    0x0800203a   0x0800203a   0x00000002   PAD
    0x0800203c   0x0800203c   0x0000013c   Code   RO         5340    i.Remote_SendData   remote.o
    0x08002178   0x08002178   0x00000030   Code   RO         4732    i.SDA_Input_Mode    i2c.o
    0x080021a8   0x080021a8   0x00000034   Code   RO         4733    i.SDA_Output_Mode   i2c.o
    0x080021dc   0x080021dc   0x00000068   Code   RO         4623    i.SPI1_Config_Init  spi.o
    0x08002244   0x08002244   0x0000001c   Code   RO         4624    i.SPI1_SetSpeed     spi.o
    0x08002260   0x08002260   0x00000038   Code   RO         4625    i.SPI1_SwapByte     spi.o
    0x08002298   0x08002298   0x00000068   Code   RO         4626    i.SPI2_Config_Init  spi.o
    0x08002300   0x08002300   0x00000038   Code   RO         4846    i.SPI2_DMAEnable    dma.o
    0x08002338   0x08002338   0x00000090   Code   RO         4847    i.SPI2_DMA_Init     dma.o
    0x080023c8   0x080023c8   0x00000018   Code   RO         2559    i.SPI_Cmd           stm32f4xx_spi.o
    0x080023e0   0x080023e0   0x0000000c   Code   RO         4627    i.SPI_Delay         spi.o
    0x080023ec   0x080023ec   0x00000012   Code   RO         2565    i.SPI_I2S_DMACmd    stm32f4xx_spi.o
    0x080023fe   0x080023fe   0x00000012   Code   RO         2567    i.SPI_I2S_GetFlagStatus  stm32f4xx_spi.o
    0x08002410   0x08002410   0x00000006   Code   RO         2570    i.SPI_I2S_ReceiveData  stm32f4xx_spi.o
    0x08002416   0x08002416   0x00000004   Code   RO         2571    i.SPI_I2S_SendData  stm32f4xx_spi.o
    0x0800241a   0x0800241a   0x0000003c   Code   RO         2572    i.SPI_Init          stm32f4xx_spi.o
    0x08002456   0x08002456   0x00000002   PAD
    0x08002458   0x08002458   0x00000040   Code   RO         4918    i.SPI_Read_Buf      nrf24l01.o
    0x08002498   0x08002498   0x0000002c   Code   RO         4919    i.SPI_Read_Reg      nrf24l01.o
    0x080024c4   0x080024c4   0x00000028   Code   RO         4628    i.SPI_SendByte      spi.o
    0x080024ec   0x080024ec   0x00000040   Code   RO         4920    i.SPI_Write_Buf     nrf24l01.o
    0x0800252c   0x0800252c   0x0000002c   Code   RO         4921    i.SPI_Write_Reg     nrf24l01.o
    0x08002558   0x08002558   0x00000088   Code   RO         5017    i.ST7789v_GPIOInit  lcd.o
    0x080025e0   0x080025e0   0x00000040   Code   RO         2727    i.SYSCFG_EXTILineConfig  stm32f4xx_syscfg.o
    0x08002620   0x08002620   0x00000014   Code   RO         5292    i.Screen_Init       screen.o
    0x08002634   0x08002634   0x00000364   Code   RO         5293    i.Screen_Show       screen.o
    0x08002998   0x08002998   0x000000e8   Code   RO           13    i.SetSysClock       system_stm32f4xx.o
    0x08002a80   0x08002a80   0x00000028   Code   RO          141    i.SysTick_CLKSourceConfig  misc.o
    0x08002aa8   0x08002aa8   0x00000010   Code   RO         3548    i.SysTick_Handler   systick.o
    0x08002ab8   0x08002ab8   0x00000038   Code   RO         3549    i.SysTick_Init      systick.o
    0x08002af0   0x08002af0   0x00000068   Code   RO           15    i.SystemInit        system_stm32f4xx.o
    0x08002b58   0x08002b58   0x0000001a   Code   RO         5379    i.Touch_ISR         touch.o
    0x08002b72   0x08002b72   0x00000008   Code   RO         5380    i.Touch_Init        touch.o
    0x08002b7a   0x08002b7a   0x00000002   PAD
    0x08002b7c   0x08002b7c   0x0000003c   Code   RO         5381    i.Touch_Process     touch.o
    0x08002bb8   0x08002bb8   0x00000004   Code   RO         5462    i.UsageFault_Handler  stm32f4xx_it.o
    0x08002bbc   0x08002bbc   0x0000000e   Code   RO         5540    i.__scatterload_copy  mc_w.l(handlers.o)
    0x08002bca   0x08002bca   0x00000002   Code   RO         5541    i.__scatterload_null  mc_w.l(handlers.o)
    0x08002bcc   0x08002bcc   0x0000000e   Code   RO         5542    i.__scatterload_zeroinit  mc_w.l(handlers.o)
    0x08002bda   0x08002bda   0x00000018   Code   RO         3550    i.delay_ms          systick.o
    0x08002bf2   0x08002bf2   0x00000002   PAD
    0x08002bf4   0x08002bf4   0x00000048   Code   RO         3551    i.delay_us          systick.o
    0x08002c3c   0x08002c3c   0x0000001c   Code   RO         5433    i.main              main.o
    0x08002c58   0x08002c58   0x00000098   Code   RO         3974    i.prvAddCurrentTaskToDelayedList  tasks.o
    0x08002cf0   0x08002cf0   0x000000b8   Code   RO         3975    i.prvAddNewTaskToReadyList  tasks.o
    0x08002da8   0x08002da8   0x00000064   Code   RO         4311    i.prvCheckForValidListAndQueue  timers.o
    0x08002e0c   0x08002e0c   0x00000064   Code   RO         3976    i.prvCheckTasksWaitingTermination  tasks.o
    0x08002e70   0x08002e70   0x0000002a   Code   RO         3773    i.prvCopyDataFromQueue  queue.o
    0x08002e9a   0x08002e9a   0x0000007c   Code   RO         3774    i.prvCopyDataToQueue  queue.o
    0x08002f16   0x08002f16   0x00000012   Code   RO         3977    i.prvDeleteTCB      tasks.o
    0x08002f28   0x08002f28   0x00000028   Code   RO         4312    i.prvGetNextExpireTime  timers.o
    0x08002f50   0x08002f50   0x0000007c   Code   RO         4441    i.prvHeapInit       heap_4.o
    0x08002fcc   0x08002fcc   0x00000028   Code   RO         3978    i.prvIdleTask       tasks.o
    0x08002ff4   0x08002ff4   0x0000002a   Code   RO         3776    i.prvInitialiseNewQueue  queue.o
    0x0800301e   0x0800301e   0x000000b4   Code   RO         3979    i.prvInitialiseNewTask  tasks.o
    0x080030d2   0x080030d2   0x00000002   PAD
    0x080030d4   0x080030d4   0x00000068   Code   RO         3980    i.prvInitialiseTaskLists  tasks.o
    0x0800313c   0x0800313c   0x00000068   Code   RO         4442    i.prvInsertBlockIntoFreeList  heap_4.o
    0x080031a4   0x080031a4   0x00000058   Code   RO         4314    i.prvInsertTimerInActiveList  timers.o
    0x080031fc   0x080031fc   0x0000001a   Code   RO         3777    i.prvIsQueueEmpty   queue.o
    0x08003216   0x08003216   0x0000001e   Code   RO         3778    i.prvIsQueueFull    queue.o
    0x08003234   0x08003234   0x00000064   Code   RO         4315    i.prvProcessExpiredTimer  timers.o
    0x08003298   0x08003298   0x000000f8   Code   RO         4316    i.prvProcessReceivedCommands  timers.o
    0x08003390   0x08003390   0x00000074   Code   RO         4317    i.prvProcessTimerOrBlockTask  timers.o
    0x08003404   0x08003404   0x00000034   Code   RO         3982    i.prvResetNextTaskUnblockTime  tasks.o
    0x08003438   0x08003438   0x0000002c   Code   RO         4318    i.prvSampleTimeNow  timers.o
    0x08003464   0x08003464   0x000000a0   Code   RO         4319    i.prvSwitchTimerLists  timers.o
    0x08003504   0x08003504   0x00000040   Code   RO         4491    i.prvTaskExitError  port.o
    0x08003544   0x08003544   0x0000001a   Code   RO         4320    i.prvTimerTask      timers.o
    0x0800355e   0x0800355e   0x0000007e   Code   RO         3779    i.prvUnlockQueue    queue.o
    0x080035dc   0x080035dc   0x0000013c   Code   RO         4443    i.pvPortMalloc      heap_4.o
    0x08003718   0x08003718   0x00000020   Code   RO         3985    i.pvTaskIncrementMutexHeldCount  tasks.o
    0x08003738   0x08003738   0x0000002c   Code   RO         4492    i.pxPortInitialiseStack  port.o
    0x08003764   0x08003764   0x00000028   Code   RO         3736    i.uxListRemove      list.o
    0x0800378c   0x0800378c   0x0000001a   Code   RO         3737    i.vListInitialise   list.o
    0x080037a6   0x080037a6   0x00000006   Code   RO         3738    i.vListInitialiseItem  list.o
    0x080037ac   0x080037ac   0x00000034   Code   RO         3739    i.vListInsert       list.o
    0x080037e0   0x080037e0   0x00000018   Code   RO         3740    i.vListInsertEnd    list.o
    0x080037f8   0x080037f8   0x00000054   Code   RO         4494    i.vPortEnterCritical  port.o
    0x0800384c   0x0800384c   0x0000003c   Code   RO         4495    i.vPortExitCritical  port.o
    0x08003888   0x08003888   0x00000094   Code   RO         4444    i.vPortFree         heap_4.o
    0x0800391c   0x0800391c   0x00000020   Code   RO         4496    i.vPortSetupTimerInterrupt  port.o
    0x0800393c   0x0800393c   0x00000078   Code   RO         4497    i.vPortValidateInterruptPriority  port.o
    0x080039b4   0x080039b4   0x0000002c   Code   RO         3785    i.vQueueAddToRegistry  queue.o
    0x080039e0   0x080039e0   0x0000004a   Code   RO         3789    i.vQueueWaitForMessageRestricted  queue.o
    0x08003a2a   0x08003a2a   0x00000002   PAD
    0x08003a2c   0x08003a2c   0x0000005c   Code   RO         3993    i.vTaskDelay        tasks.o
    0x08003a88   0x08003a88   0x0000000c   Code   RO         3998    i.vTaskMissedYield  tasks.o
    0x08003a94   0x08003a94   0x00000038   Code   RO         4000    i.vTaskPlaceOnEventList  tasks.o
    0x08003acc   0x08003acc   0x00000040   Code   RO         4001    i.vTaskPlaceOnEventListRestricted  tasks.o
    0x08003b0c   0x08003b0c   0x000000b0   Code   RO         4003    i.vTaskPriorityInherit  tasks.o
    0x08003bbc   0x08003bbc   0x00000030   Code   RO         4007    i.vTaskSetTimeOutState  tasks.o
    0x08003bec   0x08003bec   0x00000094   Code   RO         4008    i.vTaskStartScheduler  tasks.o
    0x08003c80   0x08003c80   0x00000010   Code   RO         4010    i.vTaskSuspendAll   tasks.o
    0x08003c90   0x08003c90   0x0000008c   Code   RO         4011    i.vTaskSwitchContext  tasks.o
    0x08003d1c   0x08003d1c   0x0000013c   Code   RO         4498    i.xPortStartScheduler  port.o
    0x08003e58   0x08003e58   0x00000034   Code   RO         4499    i.xPortSysTickHandler  port.o
    0x08003e8c   0x08003e8c   0x00000058   Code   RO         3792    i.xQueueGenericCreate  queue.o
    0x08003ee4   0x08003ee4   0x000001c4   Code   RO         3793    i.xQueueGenericReceive  queue.o
    0x080040a8   0x080040a8   0x00000098   Code   RO         3794    i.xQueueGenericReset  queue.o
    0x08004140   0x08004140   0x000001a8   Code   RO         3795    i.xQueueGenericSend  queue.o
    0x080042e8   0x080042e8   0x000000f8   Code   RO         3796    i.xQueueGenericSendFromISR  queue.o
    0x080043e0   0x080043e0   0x0000008c   Code   RO         4012    i.xTaskCheckForTimeOut  tasks.o
    0x0800446c   0x0800446c   0x00000060   Code   RO         4013    i.xTaskCreate       tasks.o
    0x080044cc   0x080044cc   0x00000020   Code   RO         4017    i.xTaskGetSchedulerState  tasks.o
    0x080044ec   0x080044ec   0x0000000c   Code   RO         4018    i.xTaskGetTickCount  tasks.o
    0x080044f8   0x080044f8   0x00000148   Code   RO         4020    i.xTaskIncrementTick  tasks.o
    0x08004640   0x08004640   0x000000c8   Code   RO         4023    i.xTaskPriorityDisinherit  tasks.o
    0x08004708   0x08004708   0x00000098   Code   RO         4024    i.xTaskRemoveFromEventList  tasks.o
    0x080047a0   0x080047a0   0x00000104   Code   RO         4026    i.xTaskResumeAll    tasks.o
    0x080048a4   0x080048a4   0x00000058   Code   RO         4324    i.xTimerCreateTimerTask  timers.o
    0x080048fc   0x080048fc   0x00000084   Code   RO         4325    i.xTimerGenericCommand  timers.o
    0x08004980   0x08004980   0x0000000a   Data   RO         4922    .constdata          nrf24l01.o
    0x0800498a   0x0800498a   0x00003c48   Data   RO         5018    .constdata          lcd.o
    0x080085d2   0x080085d2   0x0002d110   Data   RO         5294    .constdata          screen.o
    0x080356e2   0x080356e2   0x00000002   PAD
    0x080356e4   0x080356e4   0x00000020   Data   RO         5538    Region$$Table       anon$$obj.o


    Execution Region RW_IRAM1 (Exec base: 0x20000000, Load base: 0x08035704, Size: 0x00013248, Max: 0x00020000, ABSOLUTE)

    Exec Addr    Load Addr    Size         Type   Attr      Idx    E Section Name        Object

    0x20000000   0x08035704   0x00000014   Data   RW           16    .data               system_stm32f4xx.o
    0x20000014   0x08035718   0x00000004   Data   RW         3552    .data               systick.o
    0x20000018   0x0803571c   0x0000003c   Data   RW         4029    .data               tasks.o
    0x20000054   0x08035758   0x00000014   Data   RW         4331    .data               timers.o
    0x20000068   0x0803576c   0x00000018   Data   RW         4449    .data               heap_4.o
    0x20000080   0x08035784   0x0000000c   Data   RW         4500    .data               port.o
    0x2000008c   0x08035790   0x00000006   Data   RW         5019    .data               lcd.o
    0x20000092   0x08035796   0x00000002   PAD
    0x20000094   0x08035798   0x00000008   Data   RW         5244    .data               rc.o
    0x2000009c   0x080357a0   0x00000008   Data   RW         5295    .data               screen.o
    0x200000a4   0x080357a8   0x00000014   Data   RW         5342    .data               remote.o
    0x200000b8   0x080357bc   0x00000018   Data   RW         5382    .data               touch.o
    0x200000d0        -       0x00000040   Zero   RW         3804    .bss                queue.o
    0x20000110        -       0x000000c8   Zero   RW         4028    .bss                tasks.o
    0x200001d8        -       0x00000028   Zero   RW         4330    .bss                timers.o
    0x20000200        -       0x00012c00   Zero   RW         4448    .bss                heap_4.o
    0x20012e00        -       0x00000042   Zero   RW         5341    .bss                remote.o
    0x20012e42   0x080357d4   0x00000006   PAD
    0x20012e48        -       0x00000400   Zero   RW            1    STACK               startup_stm32f411xe.o


==============================================================================

Image component sizes


      Code (inc. data)   RO Data    RW Data    ZI Data      Debug   Object Name

       286         18          0          0          0       3004   adc.o
       500         10          0          0          0       3653   ctp.o
       200         16          0          0          0       1369   dma.o
         0          0          0          0          0      11864   event_groups.o
       692         62          0         24      76800       4627   heap_4.o
       786         78          0          0          0       6123   i2c.o
        48          4          0          0          0        523   key.o
      3368        120      15432          6          0      19362   lcd.o
       148          0          0          0          0       3466   list.o
        28          0          0          0          0        511   main.o
       180         24          0          0          0       4353   misc.o
       640         50         10          0          0       5973   nrf24l01.o
       954         92          0         12          0      11749   port.o
      1872         22          0          0         64      16381   queue.o
       160         54          0          8          0       1900   rc.o
       316         54          0         20         66       1760   remote.o
      1128        206     184592          8          0       3087   screen.o
       504         38          0          0          0       4513   spi.o
        36          8        408          0       1024        896   startup_stm32f411xe.o
       374         24          0          0          0      20338   stm32f4xx_adc.o
       598         54          0          0          0      19134   stm32f4xx_dma.o
       184         16          0          0          0       5128   stm32f4xx_exti.o
       242          0          0          0          0      10439   stm32f4xx_gpio.o
        20          0          0          0          0       3313   stm32f4xx_it.o
       128         24          0          0          0       2692   stm32f4xx_rcc.o
       130          0          0          0          0      13143   stm32f4xx_spi.o
        64          4          0          0          0        736   stm32f4xx_syscfg.o
       336         32          0         20          0     258453   system_stm32f4xx.o
       168          8          0          4          0      12683   systick.o
      2834        368          0         60        200      22973   tasks.o
      1142        118          0         20         40      17715   timers.o
       144          4          0         24          0       3993   touch.o

    ----------------------------------------------------------------------
     18246       1508     200476        208      78200     495854   Object Totals
         0          0         32          0          0          0   (incl. Generated)
        36          0          2          2          6          0   (incl. Padding)

    ----------------------------------------------------------------------

      Code (inc. data)   RO Data    RW Data    ZI Data      Debug   Library Member Name

         0          0          0          0          0          0   entry.o
         0          0          0          0          0          0   entry10a.o
         0          0          0          0          0          0   entry11a.o
         4          0          0          0          0          0   entry12b.o
         8          4          0          0          0          0   entry2.o
         4          0          0          0          0          0   entry5.o
         0          0          0          0          0          0   entry7b.o
         0          0          0          0          0          0   entry8b.o
         8          4          0          0          0          0   entry9a.o
        30          0          0          0          0          0   handlers.o
        36          8          0          0          0         68   init.o
        36          0          0          0          0         68   memcpya.o
        36          0          0          0          0        108   memseta.o

    ----------------------------------------------------------------------
       162         16          0          0          0        244   Library Totals
         0          0          0          0          0          0   (incl. Padding)

    ----------------------------------------------------------------------

      Code (inc. data)   RO Data    RW Data    ZI Data      Debug   Library Name

       162         16          0          0          0        244   mc_w.l

    ----------------------------------------------------------------------
       162         16          0          0          0        244   Library Totals

    ----------------------------------------------------------------------

==============================================================================


      Code (inc. data)   RO Data    RW Data    ZI Data      Debug   

     18408       1524     200476        208      78200     477750   Grand Totals
     18408       1524     200476        208      78200     477750   ELF Image Totals
     18408       1524     200476        208          0          0   ROM Totals

==============================================================================

    Total RO  Size (Code + RO Data)               218884 ( 213.75kB)
    Total RW  Size (RW Data + ZI Data)             78408 (  76.57kB)
    Total ROM Size (Code + RO Data + RW Data)     219092 ( 213.96kB)

==============================================================================

